[2024-11-04 13:56:13.534] [jointLog] [info] setting maxHashResizeThreads to 8
[2024-11-04 13:56:13.534] [jointLog] [info] Fragment incompatibility prior below threshold.  Incompatible fragments will be ignored.
[2024-11-04 13:56:13.534] [jointLog] [info] Usage of --validateMappings implies use of minScoreFraction. Since not explicitly specified, it is being set to 0.65
[2024-11-04 13:56:13.534] [jointLog] [info] Setting consensusSlack to selective-alignment default of 0.35.
[2024-11-04 13:56:13.534] [jointLog] [info] parsing read library format
[2024-11-04 13:56:13.534] [jointLog] [info] There is 1 library.
[2024-11-04 13:56:13.534] [jointLog] [info] Loading pufferfish index
[2024-11-04 13:56:13.535] [jointLog] [info] Loading dense pufferfish index.
[2024-11-04 13:56:26.578] [jointLog] [info] done
[2024-11-04 13:56:26.606] [jointLog] [info] Index contained 58,185 targets
[2024-11-04 13:56:26.615] [jointLog] [info] Number of decoys : 993
[2024-11-04 13:56:26.615] [jointLog] [info] First decoy index : 57,178 
[2024-11-04 13:56:27.289] [jointLog] [info] Automatically detected most likely library type as ISF

[2024-11-04 14:05:33.043] [fileLog] [info] 
At end of round 0
==================
Observed 76821494 total fragments (76821494 in most recent round)

[2024-11-04 14:05:32.764] [jointLog] [info] Thread saw mini-batch with a maximum of 1.74% zero probability fragments
[2024-11-04 14:05:32.766] [jointLog] [info] Thread saw mini-batch with a maximum of 1.78% zero probability fragments
[2024-11-04 14:05:32.769] [jointLog] [info] Thread saw mini-batch with a maximum of 1.84% zero probability fragments
[2024-11-04 14:05:32.801] [jointLog] [info] Thread saw mini-batch with a maximum of 1.80% zero probability fragments
[2024-11-04 14:05:32.846] [jointLog] [info] Thread saw mini-batch with a maximum of 1.70% zero probability fragments
[2024-11-04 14:05:32.866] [jointLog] [info] Thread saw mini-batch with a maximum of 1.80% zero probability fragments
[2024-11-04 14:05:32.879] [jointLog] [info] Thread saw mini-batch with a maximum of 1.74% zero probability fragments
[2024-11-04 14:05:32.971] [jointLog] [info] Thread saw mini-batch with a maximum of 1.70% zero probability fragments
[2024-11-04 14:05:33.042] [jointLog] [info] Computed 130,334 rich equivalence classes for further processing
[2024-11-04 14:05:33.042] [jointLog] [info] Counted 54,591,435 total reads in the equivalence classes 
[2024-11-04 14:05:33.047] [jointLog] [info] Number of mappings discarded because of alignment score : 43,933,104
[2024-11-04 14:05:33.047] [jointLog] [info] Number of fragments entirely discarded because of alignment score : 6,188,219
[2024-11-04 14:05:33.047] [jointLog] [info] Number of fragments discarded because they are best-mapped to decoys : 4,895,358
[2024-11-04 14:05:33.047] [jointLog] [info] Number of fragments discarded because they have only dovetail (discordant) mappings to valid targets : 162,056
[2024-11-04 14:05:33.047] [jointLog] [info] Mapping rate = 71.0627%

[2024-11-04 14:05:33.047] [jointLog] [info] finished quantifyLibrary()
[2024-11-04 14:05:33.047] [jointLog] [info] Starting optimizer
[2024-11-04 14:05:33.071] [jointLog] [info] Marked 0 weighted equivalence classes as degenerate
[2024-11-04 14:05:33.074] [jointLog] [info] iteration = 0 | max rel diff. = 94.0201
[2024-11-04 14:05:33.375] [jointLog] [info] iteration = 100 | max rel diff. = 10.3518
[2024-11-04 14:05:33.675] [jointLog] [info] iteration = 200 | max rel diff. = 9.31986
[2024-11-04 14:05:33.977] [jointLog] [info] iteration = 300 | max rel diff. = 0.289942
[2024-11-04 14:05:34.275] [jointLog] [info] iteration = 400 | max rel diff. = 0.278096
[2024-11-04 14:05:34.568] [jointLog] [info] iteration = 500 | max rel diff. = 0.489937
[2024-11-04 14:05:34.861] [jointLog] [info] iteration = 600 | max rel diff. = 0.210546
[2024-11-04 14:05:35.154] [jointLog] [info] iteration = 700 | max rel diff. = 0.548942
[2024-11-04 14:05:35.452] [jointLog] [info] iteration = 800 | max rel diff. = 0.0491456
[2024-11-04 14:05:35.745] [jointLog] [info] iteration = 900 | max rel diff. = 0.0360671
[2024-11-04 14:05:36.040] [jointLog] [info] iteration = 1,000 | max rel diff. = 0.0694336
[2024-11-04 14:05:36.337] [jointLog] [info] iteration = 1,100 | max rel diff. = 0.0325287
[2024-11-04 14:05:36.562] [jointLog] [info] iteration = 1,177 | max rel diff. = 0.00885968
[2024-11-04 14:05:36.563] [jointLog] [info] Finished optimizer
[2024-11-04 14:05:36.563] [jointLog] [info] writing output 

[2024-11-04 14:05:36.621] [jointLog] [info] Starting Bootstrapping
[2024-11-04 14:05:36.633] [jointLog] [info] Will draw 100 bootstrap samples
[2024-11-04 14:05:36.633] [jointLog] [info] Optimizing over 130,334 equivalence classes
[2024-11-04 14:05:36.638] [jointLog] [info] Marked 0 weighted equivalence classes as degenerate
[2024-11-04 14:05:50.397] [jointLog] [info] wrote 1 bootstraps
[2024-11-04 14:05:52.400] [jointLog] [info] wrote 2 bootstraps
[2024-11-04 14:05:53.022] [jointLog] [info] wrote 3 bootstraps
[2024-11-04 14:05:54.656] [jointLog] [info] wrote 4 bootstraps
[2024-11-04 14:05:54.756] [jointLog] [info] wrote 5 bootstraps
[2024-11-04 14:05:54.903] [jointLog] [info] wrote 6 bootstraps
[2024-11-04 14:05:55.882] [jointLog] [info] wrote 7 bootstraps
[2024-11-04 14:06:05.959] [jointLog] [info] wrote 8 bootstraps
[2024-11-04 14:06:06.942] [jointLog] [info] wrote 9 bootstraps
[2024-11-04 14:06:09.925] [jointLog] [info] wrote 10 bootstraps
[2024-11-04 14:06:12.252] [jointLog] [info] wrote 11 bootstraps
[2024-11-04 14:06:13.434] [jointLog] [info] wrote 12 bootstraps
[2024-11-04 14:06:14.267] [jointLog] [info] wrote 13 bootstraps
[2024-11-04 14:06:15.579] [jointLog] [info] wrote 14 bootstraps
[2024-11-04 14:06:23.171] [jointLog] [info] wrote 15 bootstraps
[2024-11-04 14:06:26.285] [jointLog] [info] wrote 16 bootstraps
[2024-11-04 14:06:26.985] [jointLog] [info] wrote 17 bootstraps
[2024-11-04 14:06:29.609] [jointLog] [info] wrote 18 bootstraps
[2024-11-04 14:06:30.685] [jointLog] [info] wrote 19 bootstraps
[2024-11-04 14:06:31.035] [jointLog] [info] wrote 20 bootstraps
[2024-11-04 14:06:33.280] [jointLog] [info] wrote 21 bootstraps
[2024-11-04 14:06:40.177] [jointLog] [info] wrote 22 bootstraps
[2024-11-04 14:06:42.324] [jointLog] [info] wrote 23 bootstraps
[2024-11-04 14:06:42.939] [jointLog] [info] wrote 24 bootstraps
[2024-11-04 14:06:46.024] [jointLog] [info] wrote 25 bootstraps
[2024-11-04 14:06:46.978] [jointLog] [info] wrote 26 bootstraps
[2024-11-04 14:06:49.738] [jointLog] [info] wrote 27 bootstraps
[2024-11-04 14:06:52.009] [jointLog] [info] wrote 28 bootstraps
[2024-11-04 14:06:56.840] [jointLog] [info] wrote 29 bootstraps
[2024-11-04 14:06:58.387] [jointLog] [info] wrote 30 bootstraps
[2024-11-04 14:07:00.158] [jointLog] [info] wrote 31 bootstraps
[2024-11-04 14:07:00.785] [jointLog] [info] wrote 32 bootstraps
[2024-11-04 14:07:04.252] [jointLog] [info] wrote 33 bootstraps
[2024-11-04 14:07:08.169] [jointLog] [info] wrote 34 bootstraps
[2024-11-04 14:07:08.366] [jointLog] [info] wrote 35 bootstraps
[2024-11-04 14:07:13.657] [jointLog] [info] wrote 36 bootstraps
[2024-11-04 14:07:17.703] [jointLog] [info] wrote 37 bootstraps
[2024-11-04 14:07:18.836] [jointLog] [info] wrote 38 bootstraps
[2024-11-04 14:07:18.866] [jointLog] [info] wrote 39 bootstraps
[2024-11-04 14:07:20.624] [jointLog] [info] wrote 40 bootstraps
[2024-11-04 14:07:24.414] [jointLog] [info] wrote 41 bootstraps
[2024-11-04 14:07:25.380] [jointLog] [info] wrote 42 bootstraps
[2024-11-04 14:07:33.074] [jointLog] [info] wrote 43 bootstraps
[2024-11-04 14:07:33.131] [jointLog] [info] wrote 44 bootstraps
[2024-11-04 14:07:34.916] [jointLog] [info] wrote 45 bootstraps
[2024-11-04 14:07:38.904] [jointLog] [info] wrote 46 bootstraps
[2024-11-04 14:07:40.341] [jointLog] [info] wrote 47 bootstraps
[2024-11-04 14:07:40.676] [jointLog] [info] wrote 48 bootstraps
[2024-11-04 14:07:45.380] [jointLog] [info] wrote 49 bootstraps
[2024-11-04 14:07:49.142] [jointLog] [info] wrote 50 bootstraps
[2024-11-04 14:07:49.215] [jointLog] [info] wrote 51 bootstraps
[2024-11-04 14:07:54.793] [jointLog] [info] wrote 52 bootstraps
[2024-11-04 14:07:55.922] [jointLog] [info] wrote 53 bootstraps
[2024-11-04 14:07:58.371] [jointLog] [info] wrote 54 bootstraps
[2024-11-04 14:07:58.562] [jointLog] [info] wrote 55 bootstraps
[2024-11-04 14:07:59.011] [jointLog] [info] wrote 56 bootstraps
[2024-11-04 14:08:04.661] [jointLog] [info] wrote 57 bootstraps
[2024-11-04 14:08:04.678] [jointLog] [info] wrote 58 bootstraps
[2024-11-04 14:08:12.318] [jointLog] [info] wrote 59 bootstraps
[2024-11-04 14:08:13.341] [jointLog] [info] wrote 60 bootstraps
[2024-11-04 14:08:13.639] [jointLog] [info] wrote 61 bootstraps
[2024-11-04 14:08:14.373] [jointLog] [info] wrote 62 bootstraps
[2024-11-04 14:08:17.028] [jointLog] [info] wrote 63 bootstraps
[2024-11-04 14:08:18.245] [jointLog] [info] wrote 64 bootstraps
[2024-11-04 14:08:23.190] [jointLog] [info] wrote 65 bootstraps
[2024-11-04 14:08:28.139] [jointLog] [info] wrote 66 bootstraps
[2024-11-04 14:08:29.596] [jointLog] [info] wrote 67 bootstraps
[2024-11-04 14:08:30.259] [jointLog] [info] wrote 68 bootstraps
[2024-11-04 14:08:31.632] [jointLog] [info] wrote 69 bootstraps
[2024-11-04 14:08:33.255] [jointLog] [info] wrote 70 bootstraps
[2024-11-04 14:08:34.714] [jointLog] [info] wrote 71 bootstraps
[2024-11-04 14:08:40.618] [jointLog] [info] wrote 72 bootstraps
[2024-11-04 14:08:43.622] [jointLog] [info] wrote 73 bootstraps
[2024-11-04 14:08:45.507] [jointLog] [info] wrote 74 bootstraps
[2024-11-04 14:08:46.078] [jointLog] [info] wrote 75 bootstraps
[2024-11-04 14:08:47.351] [jointLog] [info] wrote 76 bootstraps
[2024-11-04 14:08:48.638] [jointLog] [info] wrote 77 bootstraps
[2024-11-04 14:08:50.417] [jointLog] [info] wrote 78 bootstraps
[2024-11-04 14:08:58.482] [jointLog] [info] wrote 79 bootstraps
[2024-11-04 14:08:58.615] [jointLog] [info] wrote 80 bootstraps
[2024-11-04 14:09:01.544] [jointLog] [info] wrote 81 bootstraps
[2024-11-04 14:09:03.068] [jointLog] [info] wrote 82 bootstraps
[2024-11-04 14:09:04.252] [jointLog] [info] wrote 83 bootstraps
[2024-11-04 14:09:04.431] [jointLog] [info] wrote 84 bootstraps
[2024-11-04 14:09:07.943] [jointLog] [info] wrote 85 bootstraps
[2024-11-04 14:09:13.508] [jointLog] [info] wrote 86 bootstraps
[2024-11-04 14:09:14.171] [jointLog] [info] wrote 87 bootstraps
[2024-11-04 14:09:16.070] [jointLog] [info] wrote 88 bootstraps
[2024-11-04 14:09:19.685] [jointLog] [info] wrote 89 bootstraps
[2024-11-04 14:09:19.903] [jointLog] [info] wrote 90 bootstraps
[2024-11-04 14:09:22.890] [jointLog] [info] wrote 91 bootstraps
[2024-11-04 14:09:23.572] [jointLog] [info] wrote 92 bootstraps
[2024-11-04 14:09:28.564] [jointLog] [info] wrote 93 bootstraps
[2024-11-04 14:09:29.368] [jointLog] [info] wrote 94 bootstraps
[2024-11-04 14:09:30.741] [jointLog] [info] wrote 95 bootstraps
[2024-11-04 14:09:34.745] [jointLog] [info] wrote 96 bootstraps
[2024-11-04 14:09:37.020] [jointLog] [info] wrote 97 bootstraps
[2024-11-04 14:09:37.716] [jointLog] [info] wrote 98 bootstraps
[2024-11-04 14:09:38.805] [jointLog] [info] wrote 99 bootstraps
[2024-11-04 14:09:45.769] [jointLog] [info] wrote 100 bootstraps
[2024-11-04 14:09:45.774] [jointLog] [info] Finished Bootstrapping
