[2024-11-04 13:57:36.174] [jointLog] [info] setting maxHashResizeThreads to 8
[2024-11-04 13:57:36.174] [jointLog] [info] Fragment incompatibility prior below threshold.  Incompatible fragments will be ignored.
[2024-11-04 13:57:36.174] [jointLog] [info] Usage of --validateMappings implies use of minScoreFraction. Since not explicitly specified, it is being set to 0.65
[2024-11-04 13:57:36.174] [jointLog] [info] Setting consensusSlack to selective-alignment default of 0.35.
[2024-11-04 13:57:36.174] [jointLog] [info] parsing read library format
[2024-11-04 13:57:36.174] [jointLog] [info] There is 1 library.
[2024-11-04 13:57:36.174] [jointLog] [info] Loading pufferfish index
[2024-11-04 13:57:36.175] [jointLog] [info] Loading dense pufferfish index.
[2024-11-04 13:57:49.432] [jointLog] [info] done
[2024-11-04 13:57:49.458] [jointLog] [info] Index contained 58,185 targets
[2024-11-04 13:57:49.467] [jointLog] [info] Number of decoys : 993
[2024-11-04 13:57:49.467] [jointLog] [info] First decoy index : 57,178 
[2024-11-04 13:57:50.141] [jointLog] [info] Automatically detected most likely library type as ISF

[2024-11-04 14:10:26.181] [jointLog] [info] Thread saw mini-batch with a maximum of 1.94% zero probability fragments
[2024-11-04 14:10:26.245] [jointLog] [info] Thread saw mini-batch with a maximum of 1.98% zero probability fragments
[2024-11-04 14:10:26.304] [jointLog] [info] Thread saw mini-batch with a maximum of 1.92% zero probability fragments
[2024-11-04 14:10:26.306] [jointLog] [info] Thread saw mini-batch with a maximum of 1.94% zero probability fragments
[2024-11-04 14:10:26.354] [jointLog] [info] Thread saw mini-batch with a maximum of 2.00% zero probability fragments
[2024-11-04 14:10:26.402] [jointLog] [info] Thread saw mini-batch with a maximum of 1.90% zero probability fragments
[2024-11-04 14:10:26.416] [jointLog] [info] Thread saw mini-batch with a maximum of 2.04% zero probability fragments
[2024-11-04 14:10:26.421] [jointLog] [info] Thread saw mini-batch with a maximum of 1.94% zero probability fragments
[2024-11-04 14:10:26.482] [jointLog] [info] Computed 87,655 rich equivalence classes for further processing
[2024-11-04 14:10:26.482] [jointLog] [info] Counted 74,979,271 total reads in the equivalence classes 
[2024-11-04 14:10:26.486] [jointLog] [info] Number of mappings discarded because of alignment score : 72,862,930
[2024-11-04 14:10:26.486] [jointLog] [info] Number of fragments entirely discarded because of alignment score : 9,483,011
[2024-11-04 14:10:26.486] [jointLog] [info] Number of fragments discarded because they are best-mapped to decoys : 7,584,688
[2024-11-04 14:10:26.486] [jointLog] [info] Number of fragments discarded because they have only dovetail (discordant) mappings to valid targets : 214,089
[2024-11-04 14:10:26.486] [jointLog] [info] Mapping rate = 68.2451%

[2024-11-04 14:10:26.486] [jointLog] [info] finished quantifyLibrary()
[2024-11-04 14:10:26.487] [jointLog] [info] Starting optimizer
[2024-11-04 14:10:26.504] [jointLog] [info] Marked 0 weighted equivalence classes as degenerate
[2024-11-04 14:10:26.507] [jointLog] [info] iteration = 0 | max rel diff. = 126.917
[2024-11-04 14:10:26.718] [jointLog] [info] iteration = 100 | max rel diff. = 11.9799
[2024-11-04 14:10:26.483] [fileLog] [info] 
At end of round 0
==================
Observed 109867603 total fragments (109867603 in most recent round)

[2024-11-04 14:10:26.930] [jointLog] [info] iteration = 200 | max rel diff. = 1.89248
[2024-11-04 14:10:27.141] [jointLog] [info] iteration = 300 | max rel diff. = 5.23392
[2024-11-04 14:10:27.352] [jointLog] [info] iteration = 400 | max rel diff. = 0.772635
[2024-11-04 14:10:27.563] [jointLog] [info] iteration = 500 | max rel diff. = 0.0527304
[2024-11-04 14:10:27.775] [jointLog] [info] iteration = 600 | max rel diff. = 3.37463
[2024-11-04 14:10:27.987] [jointLog] [info] iteration = 700 | max rel diff. = 0.110846
[2024-11-04 14:10:28.198] [jointLog] [info] iteration = 800 | max rel diff. = 0.0357096
[2024-11-04 14:10:28.409] [jointLog] [info] iteration = 900 | max rel diff. = 0.0445489
[2024-11-04 14:10:28.620] [jointLog] [info] iteration = 1,000 | max rel diff. = 0.837872
[2024-11-04 14:10:28.831] [jointLog] [info] iteration = 1,100 | max rel diff. = 0.0699874
[2024-11-04 14:10:29.042] [jointLog] [info] iteration = 1,200 | max rel diff. = 0.0435884
[2024-11-04 14:10:29.253] [jointLog] [info] iteration = 1,300 | max rel diff. = 0.0314807
[2024-11-04 14:10:29.407] [jointLog] [info] iteration = 1,374 | max rel diff. = 0.00485266
[2024-11-04 14:10:29.408] [jointLog] [info] Finished optimizer
[2024-11-04 14:10:29.408] [jointLog] [info] writing output 

[2024-11-04 14:10:29.467] [jointLog] [info] Starting Bootstrapping
[2024-11-04 14:10:29.475] [jointLog] [info] Will draw 100 bootstrap samples
[2024-11-04 14:10:29.475] [jointLog] [info] Optimizing over 87,655 equivalence classes
[2024-11-04 14:10:29.478] [jointLog] [info] Marked 0 weighted equivalence classes as degenerate
[2024-11-04 14:10:43.518] [jointLog] [info] wrote 1 bootstraps
[2024-11-04 14:10:45.258] [jointLog] [info] wrote 2 bootstraps
[2024-11-04 14:10:46.638] [jointLog] [info] wrote 3 bootstraps
[2024-11-04 14:10:46.943] [jointLog] [info] wrote 4 bootstraps
[2024-11-04 14:10:46.959] [jointLog] [info] wrote 5 bootstraps
[2024-11-04 14:10:47.770] [jointLog] [info] wrote 6 bootstraps
[2024-11-04 14:10:47.799] [jointLog] [info] wrote 7 bootstraps
[2024-11-04 14:10:58.666] [jointLog] [info] wrote 8 bootstraps
[2024-11-04 14:11:01.198] [jointLog] [info] wrote 9 bootstraps
[2024-11-04 14:11:02.643] [jointLog] [info] wrote 10 bootstraps
[2024-11-04 14:11:02.849] [jointLog] [info] wrote 11 bootstraps
[2024-11-04 14:11:04.466] [jointLog] [info] wrote 12 bootstraps
[2024-11-04 14:11:05.454] [jointLog] [info] wrote 13 bootstraps
[2024-11-04 14:11:05.789] [jointLog] [info] wrote 14 bootstraps
[2024-11-04 14:11:17.318] [jointLog] [info] wrote 15 bootstraps
[2024-11-04 14:11:17.359] [jointLog] [info] wrote 16 bootstraps
[2024-11-04 14:11:17.841] [jointLog] [info] wrote 17 bootstraps
[2024-11-04 14:11:18.593] [jointLog] [info] wrote 18 bootstraps
[2024-11-04 14:11:19.998] [jointLog] [info] wrote 19 bootstraps
[2024-11-04 14:11:20.604] [jointLog] [info] wrote 20 bootstraps
[2024-11-04 14:11:21.886] [jointLog] [info] wrote 21 bootstraps
[2024-11-04 14:11:34.212] [jointLog] [info] wrote 22 bootstraps
[2024-11-04 14:11:34.563] [jointLog] [info] wrote 23 bootstraps
[2024-11-04 14:11:35.183] [jointLog] [info] wrote 24 bootstraps
[2024-11-04 14:11:35.784] [jointLog] [info] wrote 25 bootstraps
[2024-11-04 14:11:37.441] [jointLog] [info] wrote 26 bootstraps
[2024-11-04 14:11:38.925] [jointLog] [info] wrote 27 bootstraps
[2024-11-04 14:11:39.398] [jointLog] [info] wrote 28 bootstraps
[2024-11-04 14:11:51.298] [jointLog] [info] wrote 29 bootstraps
[2024-11-04 14:11:51.356] [jointLog] [info] wrote 30 bootstraps
[2024-11-04 14:11:51.765] [jointLog] [info] wrote 31 bootstraps
[2024-11-04 14:11:53.818] [jointLog] [info] wrote 32 bootstraps
[2024-11-04 14:11:54.621] [jointLog] [info] wrote 33 bootstraps
[2024-11-04 14:11:54.710] [jointLog] [info] wrote 34 bootstraps
[2024-11-04 14:11:57.508] [jointLog] [info] wrote 35 bootstraps
[2024-11-04 14:12:08.120] [jointLog] [info] wrote 36 bootstraps
[2024-11-04 14:12:08.359] [jointLog] [info] wrote 37 bootstraps
[2024-11-04 14:12:09.716] [jointLog] [info] wrote 38 bootstraps
[2024-11-04 14:12:12.179] [jointLog] [info] wrote 39 bootstraps
[2024-11-04 14:12:12.273] [jointLog] [info] wrote 40 bootstraps
[2024-11-04 14:12:12.477] [jointLog] [info] wrote 41 bootstraps
[2024-11-04 14:12:12.738] [jointLog] [info] wrote 42 bootstraps
[2024-11-04 14:12:24.667] [jointLog] [info] wrote 43 bootstraps
[2024-11-04 14:12:25.849] [jointLog] [info] wrote 44 bootstraps
[2024-11-04 14:12:27.499] [jointLog] [info] wrote 45 bootstraps
[2024-11-04 14:12:27.785] [jointLog] [info] wrote 46 bootstraps
[2024-11-04 14:12:28.184] [jointLog] [info] wrote 47 bootstraps
[2024-11-04 14:12:30.800] [jointLog] [info] wrote 48 bootstraps
[2024-11-04 14:12:31.788] [jointLog] [info] wrote 49 bootstraps
[2024-11-04 14:12:39.798] [jointLog] [info] wrote 50 bootstraps
[2024-11-04 14:12:42.947] [jointLog] [info] wrote 51 bootstraps
[2024-11-04 14:12:44.159] [jointLog] [info] wrote 52 bootstraps
[2024-11-04 14:12:45.531] [jointLog] [info] wrote 53 bootstraps
[2024-11-04 14:12:45.817] [jointLog] [info] wrote 54 bootstraps
[2024-11-04 14:12:46.789] [jointLog] [info] wrote 55 bootstraps
[2024-11-04 14:12:48.473] [jointLog] [info] wrote 56 bootstraps
[2024-11-04 14:12:58.083] [jointLog] [info] wrote 57 bootstraps
[2024-11-04 14:12:58.329] [jointLog] [info] wrote 58 bootstraps
[2024-11-04 14:13:00.701] [jointLog] [info] wrote 59 bootstraps
[2024-11-04 14:13:01.917] [jointLog] [info] wrote 60 bootstraps
[2024-11-04 14:13:03.559] [jointLog] [info] wrote 61 bootstraps
[2024-11-04 14:13:04.712] [jointLog] [info] wrote 62 bootstraps
[2024-11-04 14:13:07.002] [jointLog] [info] wrote 63 bootstraps
[2024-11-04 14:13:14.150] [jointLog] [info] wrote 64 bootstraps
[2024-11-04 14:13:15.504] [jointLog] [info] wrote 65 bootstraps
[2024-11-04 14:13:18.227] [jointLog] [info] wrote 66 bootstraps
[2024-11-04 14:13:21.149] [jointLog] [info] wrote 67 bootstraps
[2024-11-04 14:13:21.203] [jointLog] [info] wrote 68 bootstraps
[2024-11-04 14:13:22.128] [jointLog] [info] wrote 69 bootstraps
[2024-11-04 14:13:22.691] [jointLog] [info] wrote 70 bootstraps
[2024-11-04 14:13:31.493] [jointLog] [info] wrote 71 bootstraps
[2024-11-04 14:13:32.688] [jointLog] [info] wrote 72 bootstraps
[2024-11-04 14:13:33.693] [jointLog] [info] wrote 73 bootstraps
[2024-11-04 14:13:35.634] [jointLog] [info] wrote 74 bootstraps
[2024-11-04 14:13:38.633] [jointLog] [info] wrote 75 bootstraps
[2024-11-04 14:13:39.620] [jointLog] [info] wrote 76 bootstraps
[2024-11-04 14:13:40.018] [jointLog] [info] wrote 77 bootstraps
[2024-11-04 14:13:48.703] [jointLog] [info] wrote 78 bootstraps
[2024-11-04 14:13:49.425] [jointLog] [info] wrote 79 bootstraps
[2024-11-04 14:13:50.022] [jointLog] [info] wrote 80 bootstraps
[2024-11-04 14:13:51.461] [jointLog] [info] wrote 81 bootstraps
[2024-11-04 14:13:53.976] [jointLog] [info] wrote 82 bootstraps
[2024-11-04 14:13:57.910] [jointLog] [info] wrote 83 bootstraps
[2024-11-04 14:13:58.414] [jointLog] [info] wrote 84 bootstraps
[2024-11-04 14:14:05.934] [jointLog] [info] wrote 85 bootstraps
[2024-11-04 14:14:06.473] [jointLog] [info] wrote 86 bootstraps
[2024-11-04 14:14:06.951] [jointLog] [info] wrote 87 bootstraps
[2024-11-04 14:14:07.522] [jointLog] [info] wrote 88 bootstraps
[2024-11-04 14:14:09.406] [jointLog] [info] wrote 89 bootstraps
[2024-11-04 14:14:15.770] [jointLog] [info] wrote 90 bootstraps
[2024-11-04 14:14:16.987] [jointLog] [info] wrote 91 bootstraps
[2024-11-04 14:14:21.090] [jointLog] [info] wrote 92 bootstraps
[2024-11-04 14:14:23.118] [jointLog] [info] wrote 93 bootstraps
[2024-11-04 14:14:23.961] [jointLog] [info] wrote 94 bootstraps
[2024-11-04 14:14:24.165] [jointLog] [info] wrote 95 bootstraps
[2024-11-04 14:14:27.767] [jointLog] [info] wrote 96 bootstraps
[2024-11-04 14:14:30.285] [jointLog] [info] wrote 97 bootstraps
[2024-11-04 14:14:34.190] [jointLog] [info] wrote 98 bootstraps
[2024-11-04 14:14:38.077] [jointLog] [info] wrote 99 bootstraps
[2024-11-04 14:14:39.414] [jointLog] [info] wrote 100 bootstraps
[2024-11-04 14:14:39.417] [jointLog] [info] Finished Bootstrapping
