[2024-11-04 13:57:36.173] [jointLog] [info] setting maxHashResizeThreads to 8
[2024-11-04 13:57:36.173] [jointLog] [info] Fragment incompatibility prior below threshold.  Incompatible fragments will be ignored.
[2024-11-04 13:57:36.174] [jointLog] [info] Usage of --validateMappings implies use of minScoreFraction. Since not explicitly specified, it is being set to 0.65
[2024-11-04 13:57:36.174] [jointLog] [info] Setting consensusSlack to selective-alignment default of 0.35.
[2024-11-04 13:57:36.174] [jointLog] [info] parsing read library format
[2024-11-04 13:57:36.174] [jointLog] [info] There is 1 library.
[2024-11-04 13:57:36.174] [jointLog] [info] Loading pufferfish index
[2024-11-04 13:57:36.175] [jointLog] [info] Loading dense pufferfish index.
[2024-11-04 13:57:49.432] [jointLog] [info] done
[2024-11-04 13:57:49.458] [jointLog] [info] Index contained 58,185 targets
[2024-11-04 13:57:49.466] [jointLog] [info] Number of decoys : 993
[2024-11-04 13:57:49.466] [jointLog] [info] First decoy index : 57,178 
[2024-11-04 13:57:50.132] [jointLog] [info] Automatically detected most likely library type as ISF

[2024-11-04 14:04:39.521] [jointLog] [info] Thread saw mini-batch with a maximum of 1.86% zero probability fragments
[2024-11-04 14:04:39.546] [jointLog] [info] Thread saw mini-batch with a maximum of 1.82% zero probability fragments
[2024-11-04 14:04:39.557] [jointLog] [info] Thread saw mini-batch with a maximum of 1.80% zero probability fragments
[2024-11-04 14:04:39.583] [jointLog] [info] Thread saw mini-batch with a maximum of 1.88% zero probability fragments
[2024-11-04 14:04:39.613] [jointLog] [info] Thread saw mini-batch with a maximum of 1.74% zero probability fragments
[2024-11-04 14:04:39.621] [jointLog] [info] Thread saw mini-batch with a maximum of 1.78% zero probability fragments
[2024-11-04 14:04:39.685] [jointLog] [info] Thread saw mini-batch with a maximum of 1.82% zero probability fragments
[2024-11-04 14:04:39.748] [jointLog] [info] Thread saw mini-batch with a maximum of 1.92% zero probability fragments
[2024-11-04 14:04:39.812] [jointLog] [info] Computed 107,578 rich equivalence classes for further processing
[2024-11-04 14:04:39.812] [jointLog] [info] Counted 43,851,814 total reads in the equivalence classes 
[2024-11-04 14:04:39.817] [jointLog] [info] Number of mappings discarded because of alignment score : 35,003,960
[2024-11-04 14:04:39.817] [jointLog] [info] Number of fragments entirely discarded because of alignment score : 4,852,660
[2024-11-04 14:04:39.817] [jointLog] [info] Number of fragments discarded because they are best-mapped to decoys : 3,832,880
[2024-11-04 14:04:39.817] [jointLog] [info] Number of fragments discarded because they have only dovetail (discordant) mappings to valid targets : 125,823
[2024-11-04 14:04:39.817] [jointLog] [info] Mapping rate = 71.5791%

[2024-11-04 14:04:39.817] [jointLog] [info] finished quantifyLibrary()
[2024-11-04 14:04:39.818] [jointLog] [info] Starting optimizer
[2024-11-04 14:04:39.843] [jointLog] [info] Marked 0 weighted equivalence classes as degenerate
[2024-11-04 14:04:39.846] [jointLog] [info] iteration = 0 | max rel diff. = 9424.88
[2024-11-04 14:04:39.813] [fileLog] [info] 
At end of round 0
==================
Observed 61263400 total fragments (61263400 in most recent round)

[2024-11-04 14:04:40.087] [jointLog] [info] iteration = 100 | max rel diff. = 11.2679
[2024-11-04 14:04:40.327] [jointLog] [info] iteration = 200 | max rel diff. = 0.898024
[2024-11-04 14:04:40.567] [jointLog] [info] iteration = 300 | max rel diff. = 1.81255
[2024-11-04 14:04:40.807] [jointLog] [info] iteration = 400 | max rel diff. = 4.11959
[2024-11-04 14:04:41.047] [jointLog] [info] iteration = 500 | max rel diff. = 0.0617132
[2024-11-04 14:04:41.287] [jointLog] [info] iteration = 600 | max rel diff. = 0.0301368
[2024-11-04 14:04:41.527] [jointLog] [info] iteration = 700 | max rel diff. = 0.0736649
[2024-11-04 14:04:41.767] [jointLog] [info] iteration = 800 | max rel diff. = 0.066073
[2024-11-04 14:04:42.007] [jointLog] [info] iteration = 900 | max rel diff. = 0.0332793
[2024-11-04 14:04:42.247] [jointLog] [info] iteration = 1,000 | max rel diff. = 0.0268208
[2024-11-04 14:04:42.486] [jointLog] [info] iteration = 1,100 | max rel diff. = 0.0843668
[2024-11-04 14:04:42.726] [jointLog] [info] iteration = 1,200 | max rel diff. = 0.0378073
[2024-11-04 14:04:42.966] [jointLog] [info] iteration = 1,300 | max rel diff. = 0.080921
[2024-11-04 14:04:43.206] [jointLog] [info] iteration = 1,400 | max rel diff. = 0.0287527
[2024-11-04 14:04:43.280] [jointLog] [info] iteration = 1,432 | max rel diff. = 0.00754207
[2024-11-04 14:04:43.282] [jointLog] [info] Finished optimizer
[2024-11-04 14:04:43.282] [jointLog] [info] writing output 

[2024-11-04 14:04:43.340] [jointLog] [info] Starting Bootstrapping
[2024-11-04 14:04:43.350] [jointLog] [info] Will draw 100 bootstrap samples
[2024-11-04 14:04:43.350] [jointLog] [info] Optimizing over 107,578 equivalence classes
[2024-11-04 14:04:43.354] [jointLog] [info] Marked 0 weighted equivalence classes as degenerate
[2024-11-04 14:04:54.973] [jointLog] [info] wrote 1 bootstraps
[2024-11-04 14:04:55.531] [jointLog] [info] wrote 2 bootstraps
[2024-11-04 14:04:56.132] [jointLog] [info] wrote 3 bootstraps
[2024-11-04 14:04:56.337] [jointLog] [info] wrote 4 bootstraps
[2024-11-04 14:04:57.649] [jointLog] [info] wrote 5 bootstraps
[2024-11-04 14:04:57.744] [jointLog] [info] wrote 6 bootstraps
[2024-11-04 14:04:57.852] [jointLog] [info] wrote 7 bootstraps
[2024-11-04 14:05:07.112] [jointLog] [info] wrote 8 bootstraps
[2024-11-04 14:05:08.217] [jointLog] [info] wrote 9 bootstraps
[2024-11-04 14:05:08.371] [jointLog] [info] wrote 10 bootstraps
[2024-11-04 14:05:09.432] [jointLog] [info] wrote 11 bootstraps
[2024-11-04 14:05:12.008] [jointLog] [info] wrote 12 bootstraps
[2024-11-04 14:05:12.417] [jointLog] [info] wrote 13 bootstraps
[2024-11-04 14:05:13.454] [jointLog] [info] wrote 14 bootstraps
[2024-11-04 14:05:19.012] [jointLog] [info] wrote 15 bootstraps
[2024-11-04 14:05:20.611] [jointLog] [info] wrote 16 bootstraps
[2024-11-04 14:05:23.044] [jointLog] [info] wrote 17 bootstraps
[2024-11-04 14:05:23.753] [jointLog] [info] wrote 18 bootstraps
[2024-11-04 14:05:25.077] [jointLog] [info] wrote 19 bootstraps
[2024-11-04 14:05:25.152] [jointLog] [info] wrote 20 bootstraps
[2024-11-04 14:05:25.589] [jointLog] [info] wrote 21 bootstraps
[2024-11-04 14:05:34.408] [jointLog] [info] wrote 22 bootstraps
[2024-11-04 14:05:34.995] [jointLog] [info] wrote 23 bootstraps
[2024-11-04 14:05:36.821] [jointLog] [info] wrote 24 bootstraps
[2024-11-04 14:05:37.453] [jointLog] [info] wrote 25 bootstraps
[2024-11-04 14:05:37.741] [jointLog] [info] wrote 26 bootstraps
[2024-11-04 14:05:37.991] [jointLog] [info] wrote 27 bootstraps
[2024-11-04 14:05:39.021] [jointLog] [info] wrote 28 bootstraps
[2024-11-04 14:05:48.963] [jointLog] [info] wrote 29 bootstraps
[2024-11-04 14:05:49.888] [jointLog] [info] wrote 30 bootstraps
[2024-11-04 14:05:50.064] [jointLog] [info] wrote 31 bootstraps
[2024-11-04 14:05:50.473] [jointLog] [info] wrote 32 bootstraps
[2024-11-04 14:05:51.070] [jointLog] [info] wrote 33 bootstraps
[2024-11-04 14:05:52.011] [jointLog] [info] wrote 34 bootstraps
[2024-11-04 14:05:54.078] [jointLog] [info] wrote 35 bootstraps
[2024-11-04 14:06:01.395] [jointLog] [info] wrote 36 bootstraps
[2024-11-04 14:06:02.333] [jointLog] [info] wrote 37 bootstraps
[2024-11-04 14:06:03.002] [jointLog] [info] wrote 38 bootstraps
[2024-11-04 14:06:03.020] [jointLog] [info] wrote 39 bootstraps
[2024-11-04 14:06:03.233] [jointLog] [info] wrote 40 bootstraps
[2024-11-04 14:06:05.541] [jointLog] [info] wrote 41 bootstraps
[2024-11-04 14:06:07.691] [jointLog] [info] wrote 42 bootstraps
[2024-11-04 14:06:14.337] [jointLog] [info] wrote 43 bootstraps
[2024-11-04 14:06:14.993] [jointLog] [info] wrote 44 bootstraps
[2024-11-04 14:06:15.010] [jointLog] [info] wrote 45 bootstraps
[2024-11-04 14:06:15.997] [jointLog] [info] wrote 46 bootstraps
[2024-11-04 14:06:17.638] [jointLog] [info] wrote 47 bootstraps
[2024-11-04 14:06:18.217] [jointLog] [info] wrote 48 bootstraps
[2024-11-04 14:06:19.062] [jointLog] [info] wrote 49 bootstraps
[2024-11-04 14:06:27.298] [jointLog] [info] wrote 50 bootstraps
[2024-11-04 14:06:29.019] [jointLog] [info] wrote 51 bootstraps
[2024-11-04 14:06:29.411] [jointLog] [info] wrote 52 bootstraps
[2024-11-04 14:06:29.824] [jointLog] [info] wrote 53 bootstraps
[2024-11-04 14:06:30.978] [jointLog] [info] wrote 54 bootstraps
[2024-11-04 14:06:31.678] [jointLog] [info] wrote 55 bootstraps
[2024-11-04 14:06:32.375] [jointLog] [info] wrote 56 bootstraps
[2024-11-04 14:06:40.870] [jointLog] [info] wrote 57 bootstraps
[2024-11-04 14:06:42.750] [jointLog] [info] wrote 58 bootstraps
[2024-11-04 14:06:43.038] [jointLog] [info] wrote 59 bootstraps
[2024-11-04 14:06:43.843] [jointLog] [info] wrote 60 bootstraps
[2024-11-04 14:06:44.070] [jointLog] [info] wrote 61 bootstraps
[2024-11-04 14:06:45.244] [jointLog] [info] wrote 62 bootstraps
[2024-11-04 14:06:46.317] [jointLog] [info] wrote 63 bootstraps
[2024-11-04 14:06:53.162] [jointLog] [info] wrote 64 bootstraps
[2024-11-04 14:06:54.734] [jointLog] [info] wrote 65 bootstraps
[2024-11-04 14:06:55.885] [jointLog] [info] wrote 66 bootstraps
[2024-11-04 14:06:56.524] [jointLog] [info] wrote 67 bootstraps
[2024-11-04 14:06:56.807] [jointLog] [info] wrote 68 bootstraps
[2024-11-04 14:06:56.944] [jointLog] [info] wrote 69 bootstraps
[2024-11-04 14:06:57.560] [jointLog] [info] wrote 70 bootstraps
[2024-11-04 14:07:05.552] [jointLog] [info] wrote 71 bootstraps
[2024-11-04 14:07:07.317] [jointLog] [info] wrote 72 bootstraps
[2024-11-04 14:07:07.848] [jointLog] [info] wrote 73 bootstraps
[2024-11-04 14:07:08.930] [jointLog] [info] wrote 74 bootstraps
[2024-11-04 14:07:09.663] [jointLog] [info] wrote 75 bootstraps
[2024-11-04 14:07:10.387] [jointLog] [info] wrote 76 bootstraps
[2024-11-04 14:07:11.533] [jointLog] [info] wrote 77 bootstraps
[2024-11-04 14:07:19.873] [jointLog] [info] wrote 78 bootstraps
[2024-11-04 14:07:20.125] [jointLog] [info] wrote 79 bootstraps
[2024-11-04 14:07:20.682] [jointLog] [info] wrote 80 bootstraps
[2024-11-04 14:07:21.813] [jointLog] [info] wrote 81 bootstraps
[2024-11-04 14:07:22.314] [jointLog] [info] wrote 82 bootstraps
[2024-11-04 14:07:23.607] [jointLog] [info] wrote 83 bootstraps
[2024-11-04 14:07:26.211] [jointLog] [info] wrote 84 bootstraps
[2024-11-04 14:07:31.208] [jointLog] [info] wrote 85 bootstraps
[2024-11-04 14:07:33.577] [jointLog] [info] wrote 86 bootstraps
[2024-11-04 14:07:33.779] [jointLog] [info] wrote 87 bootstraps
[2024-11-04 14:07:34.361] [jointLog] [info] wrote 88 bootstraps
[2024-11-04 14:07:35.046] [jointLog] [info] wrote 89 bootstraps
[2024-11-04 14:07:35.618] [jointLog] [info] wrote 90 bootstraps
[2024-11-04 14:07:38.767] [jointLog] [info] wrote 91 bootstraps
[2024-11-04 14:07:42.609] [jointLog] [info] wrote 92 bootstraps
[2024-11-04 14:07:46.236] [jointLog] [info] wrote 93 bootstraps
[2024-11-04 14:07:46.421] [jointLog] [info] wrote 94 bootstraps
[2024-11-04 14:07:46.590] [jointLog] [info] wrote 95 bootstraps
[2024-11-04 14:07:47.051] [jointLog] [info] wrote 96 bootstraps
[2024-11-04 14:07:51.419] [jointLog] [info] wrote 97 bootstraps
[2024-11-04 14:07:53.603] [jointLog] [info] wrote 98 bootstraps
[2024-11-04 14:07:57.855] [jointLog] [info] wrote 99 bootstraps
[2024-11-04 14:07:59.132] [jointLog] [info] wrote 100 bootstraps
[2024-11-04 14:07:59.136] [jointLog] [info] Finished Bootstrapping
