                                 Started job on |	Nov 04 13:44:11
                             Started mapping on |	Nov 04 13:49:57
                                    Finished on |	Nov 04 13:56:15
       Mapping speed, Million of reads per hour |	570.81

                          Number of input reads |	59935344
                      Average input read length |	198
                                    UNIQUE READS:
                   Uniquely mapped reads number |	56217519
                        Uniquely mapped reads % |	93.80%
                          Average mapped length |	197.01
                       Number of splices: Total |	26272355
            Number of splices: Annotated (sjdb) |	26172382
                       Number of splices: GT/AG |	25810223
                       Number of splices: GC/AG |	229033
                       Number of splices: AT/AC |	27562
               Number of splices: Non-canonical |	205537
                      Mismatch rate per base, % |	0.75%
                         Deletion rate per base |	0.06%
                        Deletion average length |	2.14
                        Insertion rate per base |	0.04%
                       Insertion average length |	2.03
                             MULTI-MAPPING READS:
        Number of reads mapped to multiple loci |	1962520
             % of reads mapped to multiple loci |	3.27%
        Number of reads mapped to too many loci |	79396
             % of reads mapped to too many loci |	0.13%
                                  UNMAPPED READS:
  Number of reads unmapped: too many mismatches |	0
       % of reads unmapped: too many mismatches |	0.00%
            Number of reads unmapped: too short |	1629351
                 % of reads unmapped: too short |	2.72%
                Number of reads unmapped: other |	46558
                     % of reads unmapped: other |	0.08%
                                  CHIMERIC READS:
                       Number of chimeric reads |	0
                            % of chimeric reads |	0.00%
