                                 Started job on |	Nov 04 13:51:17
                             Started mapping on |	Nov 04 13:57:16
                                    Finished on |	Nov 04 14:03:47
       Mapping speed, Million of reads per hour |	564.06

                          Number of input reads |	61263400
                      Average input read length |	198
                                    UNIQUE READS:
                   Uniquely mapped reads number |	57954954
                        Uniquely mapped reads % |	94.60%
                          Average mapped length |	196.93
                       Number of splices: Total |	27703687
            Number of splices: Annotated (sjdb) |	27599874
                       Number of splices: GT/AG |	27231308
                       Number of splices: GC/AG |	241785
                       Number of splices: AT/AC |	28586
               Number of splices: Non-canonical |	202008
                      Mismatch rate per base, % |	0.76%
                         Deletion rate per base |	0.06%
                        Deletion average length |	2.13
                        Insertion rate per base |	0.04%
                       Insertion average length |	2.03
                             MULTI-MAPPING READS:
        Number of reads mapped to multiple loci |	1644677
             % of reads mapped to multiple loci |	2.68%
        Number of reads mapped to too many loci |	76640
             % of reads mapped to too many loci |	0.13%
                                  UNMAPPED READS:
  Number of reads unmapped: too many mismatches |	0
       % of reads unmapped: too many mismatches |	0.00%
            Number of reads unmapped: too short |	1540842
                 % of reads unmapped: too short |	2.52%
                Number of reads unmapped: other |	46287
                     % of reads unmapped: other |	0.08%
                                  CHIMERIC READS:
                       Number of chimeric reads |	0
                            % of chimeric reads |	0.00%
