                                 Started job on |	Nov 04 13:50:38
                             Started mapping on |	Nov 04 13:56:54
                                    Finished on |	Nov 04 14:03:54
       Mapping speed, Million of reads per hour |	598.85

                          Number of input reads |	69865594
                      Average input read length |	198
                                    UNIQUE READS:
                   Uniquely mapped reads number |	65776131
                        Uniquely mapped reads % |	94.15%
                          Average mapped length |	196.77
                       Number of splices: Total |	27973934
            Number of splices: Annotated (sjdb) |	27850128
                       Number of splices: GT/AG |	27455489
                       Number of splices: GC/AG |	259062
                       Number of splices: AT/AC |	28578
               Number of splices: Non-canonical |	230805
                      Mismatch rate per base, % |	0.74%
                         Deletion rate per base |	0.06%
                        Deletion average length |	2.11
                        Insertion rate per base |	0.05%
                       Insertion average length |	2.00
                             MULTI-MAPPING READS:
        Number of reads mapped to multiple loci |	2306406
             % of reads mapped to multiple loci |	3.30%
        Number of reads mapped to too many loci |	85864
             % of reads mapped to too many loci |	0.12%
                                  UNMAPPED READS:
  Number of reads unmapped: too many mismatches |	0
       % of reads unmapped: too many mismatches |	0.00%
            Number of reads unmapped: too short |	1658697
                 % of reads unmapped: too short |	2.37%
                Number of reads unmapped: other |	38496
                     % of reads unmapped: other |	0.06%
                                  CHIMERIC READS:
                       Number of chimeric reads |	0
                            % of chimeric reads |	0.00%
