                                 Started job on |	Nov 04 13:39:15
                             Started mapping on |	Nov 04 13:48:00
                                    Finished on |	Nov 04 13:58:23
       Mapping speed, Million of reads per hour |	537.08

                          Number of input reads |	92945280
                      Average input read length |	198
                                    UNIQUE READS:
                   Uniquely mapped reads number |	87173611
                        Uniquely mapped reads % |	93.79%
                          Average mapped length |	197.08
                       Number of splices: Total |	44773753
            Number of splices: Annotated (sjdb) |	44625945
                       Number of splices: GT/AG |	44030624
                       Number of splices: GC/AG |	393890
                       Number of splices: AT/AC |	45961
               Number of splices: Non-canonical |	303278
                      Mismatch rate per base, % |	0.75%
                         Deletion rate per base |	0.06%
                        Deletion average length |	2.13
                        Insertion rate per base |	0.04%
                       Insertion average length |	2.03
                             MULTI-MAPPING READS:
        Number of reads mapped to multiple loci |	3175533
             % of reads mapped to multiple loci |	3.42%
        Number of reads mapped to too many loci |	109243
             % of reads mapped to too many loci |	0.12%
                                  UNMAPPED READS:
  Number of reads unmapped: too many mismatches |	0
       % of reads unmapped: too many mismatches |	0.00%
            Number of reads unmapped: too short |	2429342
                 % of reads unmapped: too short |	2.61%
                Number of reads unmapped: other |	57551
                     % of reads unmapped: other |	0.06%
                                  CHIMERIC READS:
                       Number of chimeric reads |	0
                            % of chimeric reads |	0.00%
