                                 Started job on |	Nov 04 13:54:37
                             Started mapping on |	Nov 04 14:07:07
                                    Finished on |	Nov 04 14:23:00
       Mapping speed, Million of reads per hour |	501.99

                          Number of input reads |	132886661
                      Average input read length |	198
                                    UNIQUE READS:
                   Uniquely mapped reads number |	124329839
                        Uniquely mapped reads % |	93.56%
                          Average mapped length |	197.01
                       Number of splices: Total |	60910985
            Number of splices: Annotated (sjdb) |	60686357
                       Number of splices: GT/AG |	59868176
                       Number of splices: GC/AG |	544010
                       Number of splices: AT/AC |	63553
               Number of splices: Non-canonical |	435246
                      Mismatch rate per base, % |	0.75%
                         Deletion rate per base |	0.06%
                        Deletion average length |	2.13
                        Insertion rate per base |	0.04%
                       Insertion average length |	2.03
                             MULTI-MAPPING READS:
        Number of reads mapped to multiple loci |	5102058
             % of reads mapped to multiple loci |	3.84%
        Number of reads mapped to too many loci |	178695
             % of reads mapped to too many loci |	0.13%
                                  UNMAPPED READS:
  Number of reads unmapped: too many mismatches |	0
       % of reads unmapped: too many mismatches |	0.00%
            Number of reads unmapped: too short |	3189467
                 % of reads unmapped: too short |	2.40%
                Number of reads unmapped: other |	86602
                     % of reads unmapped: other |	0.07%
                                  CHIMERIC READS:
                       Number of chimeric reads |	0
                            % of chimeric reads |	0.00%
