                                 Started job on |	Nov 04 13:44:11
                             Started mapping on |	Nov 04 13:50:24
                                    Finished on |	Nov 04 13:57:22
       Mapping speed, Million of reads per hour |	561.21

                          Number of input reads |	65162973
                      Average input read length |	197
                                    UNIQUE READS:
                   Uniquely mapped reads number |	59353279
                        Uniquely mapped reads % |	91.08%
                          Average mapped length |	196.37
                       Number of splices: Total |	27266327
            Number of splices: Annotated (sjdb) |	27165141
                       Number of splices: GT/AG |	26775096
                       Number of splices: GC/AG |	253452
                       Number of splices: AT/AC |	28363
               Number of splices: Non-canonical |	209416
                      Mismatch rate per base, % |	0.75%
                         Deletion rate per base |	0.06%
                        Deletion average length |	2.12
                        Insertion rate per base |	0.04%
                       Insertion average length |	2.02
                             MULTI-MAPPING READS:
        Number of reads mapped to multiple loci |	3983103
             % of reads mapped to multiple loci |	6.11%
        Number of reads mapped to too many loci |	130314
             % of reads mapped to too many loci |	0.20%
                                  UNMAPPED READS:
  Number of reads unmapped: too many mismatches |	0
       % of reads unmapped: too many mismatches |	0.00%
            Number of reads unmapped: too short |	1654182
                 % of reads unmapped: too short |	2.54%
                Number of reads unmapped: other |	42095
                     % of reads unmapped: other |	0.06%
                                  CHIMERIC READS:
                       Number of chimeric reads |	0
                            % of chimeric reads |	0.00%
