                                 Started job on |	Nov 04 13:54:27
                             Started mapping on |	Nov 04 14:01:12
                                    Finished on |	Nov 04 14:08:44
       Mapping speed, Million of reads per hour |	534.81

                          Number of input reads |	67148869
                      Average input read length |	199
                                    UNIQUE READS:
                   Uniquely mapped reads number |	63295804
                        Uniquely mapped reads % |	94.26%
                          Average mapped length |	197.78
                       Number of splices: Total |	33623824
            Number of splices: Annotated (sjdb) |	33523389
                       Number of splices: GT/AG |	33099725
                       Number of splices: GC/AG |	285851
                       Number of splices: AT/AC |	32682
               Number of splices: Non-canonical |	205566
                      Mismatch rate per base, % |	0.75%
                         Deletion rate per base |	0.06%
                        Deletion average length |	2.13
                        Insertion rate per base |	0.04%
                       Insertion average length |	2.00
                             MULTI-MAPPING READS:
        Number of reads mapped to multiple loci |	1911791
             % of reads mapped to multiple loci |	2.85%
        Number of reads mapped to too many loci |	71354
             % of reads mapped to too many loci |	0.11%
                                  UNMAPPED READS:
  Number of reads unmapped: too many mismatches |	0
       % of reads unmapped: too many mismatches |	0.00%
            Number of reads unmapped: too short |	1828764
                 % of reads unmapped: too short |	2.72%
                Number of reads unmapped: other |	41156
                     % of reads unmapped: other |	0.06%
                                  CHIMERIC READS:
                       Number of chimeric reads |	0
                            % of chimeric reads |	0.00%
