                                 Started job on |	Nov 04 13:53:19
                             Started mapping on |	Nov 04 14:00:16
                                    Finished on |	Nov 04 14:07:55
       Mapping speed, Million of reads per hour |	551.82

                          Number of input reads |	70357415
                      Average input read length |	199
                                    UNIQUE READS:
                   Uniquely mapped reads number |	65256064
                        Uniquely mapped reads % |	92.75%
                          Average mapped length |	197.82
                       Number of splices: Total |	35167558
            Number of splices: Annotated (sjdb) |	35047433
                       Number of splices: GT/AG |	34608107
                       Number of splices: GC/AG |	301470
                       Number of splices: AT/AC |	34213
               Number of splices: Non-canonical |	223768
                      Mismatch rate per base, % |	0.74%
                         Deletion rate per base |	0.06%
                        Deletion average length |	2.15
                        Insertion rate per base |	0.04%
                       Insertion average length |	2.01
                             MULTI-MAPPING READS:
        Number of reads mapped to multiple loci |	3110541
             % of reads mapped to multiple loci |	4.42%
        Number of reads mapped to too many loci |	91164
             % of reads mapped to too many loci |	0.13%
                                  UNMAPPED READS:
  Number of reads unmapped: too many mismatches |	0
       % of reads unmapped: too many mismatches |	0.00%
            Number of reads unmapped: too short |	1854811
                 % of reads unmapped: too short |	2.64%
                Number of reads unmapped: other |	44835
                     % of reads unmapped: other |	0.06%
                                  CHIMERIC READS:
                       Number of chimeric reads |	0
                            % of chimeric reads |	0.00%
