                                 Started job on |	Nov 04 13:39:36
                             Started mapping on |	Nov 04 13:46:00
                                    Finished on |	Nov 04 13:53:11
       Mapping speed, Million of reads per hour |	531.46

                          Number of input reads |	63627734
                      Average input read length |	199
                                    UNIQUE READS:
                   Uniquely mapped reads number |	60090547
                        Uniquely mapped reads % |	94.44%
                          Average mapped length |	197.77
                       Number of splices: Total |	31997809
            Number of splices: Annotated (sjdb) |	31885389
                       Number of splices: GT/AG |	31468389
                       Number of splices: GC/AG |	282050
                       Number of splices: AT/AC |	31347
               Number of splices: Non-canonical |	216023
                      Mismatch rate per base, % |	0.76%
                         Deletion rate per base |	0.06%
                        Deletion average length |	2.10
                        Insertion rate per base |	0.04%
                       Insertion average length |	2.02
                             MULTI-MAPPING READS:
        Number of reads mapped to multiple loci |	1690327
             % of reads mapped to multiple loci |	2.66%
        Number of reads mapped to too many loci |	65510
             % of reads mapped to too many loci |	0.10%
                                  UNMAPPED READS:
  Number of reads unmapped: too many mismatches |	0
       % of reads unmapped: too many mismatches |	0.00%
            Number of reads unmapped: too short |	1741048
                 % of reads unmapped: too short |	2.74%
                Number of reads unmapped: other |	40302
                     % of reads unmapped: other |	0.06%
                                  CHIMERIC READS:
                       Number of chimeric reads |	0
                            % of chimeric reads |	0.00%
