                                 Started job on |	Nov 04 13:39:36
                             Started mapping on |	Nov 04 13:44:49
                                    Finished on |	Nov 04 13:50:22
       Mapping speed, Million of reads per hour |	547.26

                          Number of input reads |	50621943
                      Average input read length |	199
                                    UNIQUE READS:
                   Uniquely mapped reads number |	47007723
                        Uniquely mapped reads % |	92.86%
                          Average mapped length |	197.71
                       Number of splices: Total |	26323293
            Number of splices: Annotated (sjdb) |	26238095
                       Number of splices: GT/AG |	25914801
                       Number of splices: GC/AG |	226604
                       Number of splices: AT/AC |	24507
               Number of splices: Non-canonical |	157381
                      Mismatch rate per base, % |	0.76%
                         Deletion rate per base |	0.06%
                        Deletion average length |	2.12
                        Insertion rate per base |	0.04%
                       Insertion average length |	2.01
                             MULTI-MAPPING READS:
        Number of reads mapped to multiple loci |	2159138
             % of reads mapped to multiple loci |	4.27%
        Number of reads mapped to too many loci |	64885
             % of reads mapped to too many loci |	0.13%
                                  UNMAPPED READS:
  Number of reads unmapped: too many mismatches |	0
       % of reads unmapped: too many mismatches |	0.00%
            Number of reads unmapped: too short |	1352008
                 % of reads unmapped: too short |	2.67%
                Number of reads unmapped: other |	38189
                     % of reads unmapped: other |	0.08%
                                  CHIMERIC READS:
                       Number of chimeric reads |	0
                            % of chimeric reads |	0.00%
