                                 Started job on |	Nov 04 13:52:12
                             Started mapping on |	Nov 04 13:58:35
                                    Finished on |	Nov 04 14:05:43
       Mapping speed, Million of reads per hour |	554.92

                          Number of input reads |	65973265
                      Average input read length |	199
                                    UNIQUE READS:
                   Uniquely mapped reads number |	61942969
                        Uniquely mapped reads % |	93.89%
                          Average mapped length |	197.58
                       Number of splices: Total |	32399382
            Number of splices: Annotated (sjdb) |	32289919
                       Number of splices: GT/AG |	31857548
                       Number of splices: GC/AG |	287025
                       Number of splices: AT/AC |	30054
               Number of splices: Non-canonical |	224755
                      Mismatch rate per base, % |	0.75%
                         Deletion rate per base |	0.06%
                        Deletion average length |	2.14
                        Insertion rate per base |	0.04%
                       Insertion average length |	2.04
                             MULTI-MAPPING READS:
        Number of reads mapped to multiple loci |	2173760
             % of reads mapped to multiple loci |	3.29%
        Number of reads mapped to too many loci |	84758
             % of reads mapped to too many loci |	0.13%
                                  UNMAPPED READS:
  Number of reads unmapped: too many mismatches |	0
       % of reads unmapped: too many mismatches |	0.00%
            Number of reads unmapped: too short |	1722712
                 % of reads unmapped: too short |	2.61%
                Number of reads unmapped: other |	49066
                     % of reads unmapped: other |	0.07%
                                  CHIMERIC READS:
                       Number of chimeric reads |	0
                            % of chimeric reads |	0.00%
