                                 Started job on |	Nov 04 13:39:36
                             Started mapping on |	Nov 04 13:46:32
                                    Finished on |	Nov 04 13:54:22
       Mapping speed, Million of reads per hour |	515.34

                          Number of input reads |	67280943
                      Average input read length |	199
                                    UNIQUE READS:
                   Uniquely mapped reads number |	63085755
                        Uniquely mapped reads % |	93.76%
                          Average mapped length |	197.52
                       Number of splices: Total |	31155312
            Number of splices: Annotated (sjdb) |	31031534
                       Number of splices: GT/AG |	30618358
                       Number of splices: GC/AG |	268755
                       Number of splices: AT/AC |	34451
               Number of splices: Non-canonical |	233748
                      Mismatch rate per base, % |	0.79%
                         Deletion rate per base |	0.06%
                        Deletion average length |	2.16
                        Insertion rate per base |	0.04%
                       Insertion average length |	2.05
                             MULTI-MAPPING READS:
        Number of reads mapped to multiple loci |	2229105
             % of reads mapped to multiple loci |	3.31%
        Number of reads mapped to too many loci |	84839
             % of reads mapped to too many loci |	0.13%
                                  UNMAPPED READS:
  Number of reads unmapped: too many mismatches |	0
       % of reads unmapped: too many mismatches |	0.00%
            Number of reads unmapped: too short |	1828484
                 % of reads unmapped: too short |	2.72%
                Number of reads unmapped: other |	52760
                     % of reads unmapped: other |	0.08%
                                  CHIMERIC READS:
                       Number of chimeric reads |	0
                            % of chimeric reads |	0.00%
