                                 Started job on |	Nov 04 13:51:17
                             Started mapping on |	Nov 04 13:58:25
                                    Finished on |	Nov 04 14:06:32
       Mapping speed, Million of reads per hour |	554.56

                          Number of input reads |	75019388
                      Average input read length |	199
                                    UNIQUE READS:
                   Uniquely mapped reads number |	70379705
                        Uniquely mapped reads % |	93.82%
                          Average mapped length |	197.52
                       Number of splices: Total |	36460546
            Number of splices: Annotated (sjdb) |	36325992
                       Number of splices: GT/AG |	35859786
                       Number of splices: GC/AG |	311226
                       Number of splices: AT/AC |	36334
               Number of splices: Non-canonical |	253200
                      Mismatch rate per base, % |	0.76%
                         Deletion rate per base |	0.06%
                        Deletion average length |	2.14
                        Insertion rate per base |	0.04%
                       Insertion average length |	2.00
                             MULTI-MAPPING READS:
        Number of reads mapped to multiple loci |	2331342
             % of reads mapped to multiple loci |	3.11%
        Number of reads mapped to too many loci |	92185
             % of reads mapped to too many loci |	0.12%
                                  UNMAPPED READS:
  Number of reads unmapped: too many mismatches |	0
       % of reads unmapped: too many mismatches |	0.00%
            Number of reads unmapped: too short |	2160643
                 % of reads unmapped: too short |	2.88%
                Number of reads unmapped: other |	55513
                     % of reads unmapped: other |	0.07%
                                  CHIMERIC READS:
                       Number of chimeric reads |	0
                            % of chimeric reads |	0.00%
