                                 Started job on |	Nov 04 13:51:17
                             Started mapping on |	Nov 04 13:58:40
                                    Finished on |	Nov 04 14:07:07
       Mapping speed, Million of reads per hour |	549.05

                          Number of input reads |	77324458
                      Average input read length |	199
                                    UNIQUE READS:
                   Uniquely mapped reads number |	72571606
                        Uniquely mapped reads % |	93.85%
                          Average mapped length |	197.68
                       Number of splices: Total |	35823551
            Number of splices: Annotated (sjdb) |	35703994
                       Number of splices: GT/AG |	35216010
                       Number of splices: GC/AG |	316078
                       Number of splices: AT/AC |	34649
               Number of splices: Non-canonical |	256814
                      Mismatch rate per base, % |	0.76%
                         Deletion rate per base |	0.06%
                        Deletion average length |	2.12
                        Insertion rate per base |	0.04%
                       Insertion average length |	2.04
                             MULTI-MAPPING READS:
        Number of reads mapped to multiple loci |	2496554
             % of reads mapped to multiple loci |	3.23%
        Number of reads mapped to too many loci |	94805
             % of reads mapped to too many loci |	0.12%
                                  UNMAPPED READS:
  Number of reads unmapped: too many mismatches |	0
       % of reads unmapped: too many mismatches |	0.00%
            Number of reads unmapped: too short |	2105035
                 % of reads unmapped: too short |	2.72%
                Number of reads unmapped: other |	56458
                     % of reads unmapped: other |	0.07%
                                  CHIMERIC READS:
                       Number of chimeric reads |	0
                            % of chimeric reads |	0.00%
