                                 Started job on |	Nov 04 13:39:15
                             Started mapping on |	Nov 04 13:45:54
                                    Finished on |	Nov 04 13:53:14
       Mapping speed, Million of reads per hour |	546.79

                          Number of input reads |	66830276
                      Average input read length |	199
                                    UNIQUE READS:
                   Uniquely mapped reads number |	63084648
                        Uniquely mapped reads % |	94.40%
                          Average mapped length |	197.57
                       Number of splices: Total |	30889726
            Number of splices: Annotated (sjdb) |	30786900
                       Number of splices: GT/AG |	30370055
                       Number of splices: GC/AG |	263180
                       Number of splices: AT/AC |	31315
               Number of splices: Non-canonical |	225176
                      Mismatch rate per base, % |	0.76%
                         Deletion rate per base |	0.06%
                        Deletion average length |	2.11
                        Insertion rate per base |	0.04%
                       Insertion average length |	2.02
                             MULTI-MAPPING READS:
        Number of reads mapped to multiple loci |	1803354
             % of reads mapped to multiple loci |	2.70%
        Number of reads mapped to too many loci |	76158
             % of reads mapped to too many loci |	0.11%
                                  UNMAPPED READS:
  Number of reads unmapped: too many mismatches |	0
       % of reads unmapped: too many mismatches |	0.00%
            Number of reads unmapped: too short |	1809265
                 % of reads unmapped: too short |	2.71%
                Number of reads unmapped: other |	56851
                     % of reads unmapped: other |	0.09%
                                  CHIMERIC READS:
                       Number of chimeric reads |	0
                            % of chimeric reads |	0.00%
