                                 Started job on |	Nov 04 13:50:29
                             Started mapping on |	Nov 04 13:56:33
                                    Finished on |	Nov 04 14:03:18
       Mapping speed, Million of reads per hour |	564.43

                          Number of input reads |	63498059
                      Average input read length |	199
                                    UNIQUE READS:
                   Uniquely mapped reads number |	59754935
                        Uniquely mapped reads % |	94.11%
                          Average mapped length |	197.54
                       Number of splices: Total |	26941932
            Number of splices: Annotated (sjdb) |	26833555
                       Number of splices: GT/AG |	26472165
                       Number of splices: GC/AG |	243594
                       Number of splices: AT/AC |	26414
               Number of splices: Non-canonical |	199759
                      Mismatch rate per base, % |	0.76%
                         Deletion rate per base |	0.06%
                        Deletion average length |	2.13
                        Insertion rate per base |	0.05%
                       Insertion average length |	2.04
                             MULTI-MAPPING READS:
        Number of reads mapped to multiple loci |	1916208
             % of reads mapped to multiple loci |	3.02%
        Number of reads mapped to too many loci |	71470
             % of reads mapped to too many loci |	0.11%
                                  UNMAPPED READS:
  Number of reads unmapped: too many mismatches |	0
       % of reads unmapped: too many mismatches |	0.00%
            Number of reads unmapped: too short |	1711717
                 % of reads unmapped: too short |	2.70%
                Number of reads unmapped: other |	43729
                     % of reads unmapped: other |	0.07%
                                  CHIMERIC READS:
                       Number of chimeric reads |	0
                            % of chimeric reads |	0.00%
