                                 Started job on |	Nov 04 13:40:13
                             Started mapping on |	Nov 04 13:51:11
                                    Finished on |	Nov 04 14:04:32
       Mapping speed, Million of reads per hour |	516.07

                          Number of input reads |	114825809
                      Average input read length |	199
                                    UNIQUE READS:
                   Uniquely mapped reads number |	108419794
                        Uniquely mapped reads % |	94.42%
                          Average mapped length |	197.48
                       Number of splices: Total |	54608267
            Number of splices: Annotated (sjdb) |	54421448
                       Number of splices: GT/AG |	53683659
                       Number of splices: GC/AG |	477014
                       Number of splices: AT/AC |	55215
               Number of splices: Non-canonical |	392379
                      Mismatch rate per base, % |	0.77%
                         Deletion rate per base |	0.06%
                        Deletion average length |	2.16
                        Insertion rate per base |	0.04%
                       Insertion average length |	2.04
                             MULTI-MAPPING READS:
        Number of reads mapped to multiple loci |	3126749
             % of reads mapped to multiple loci |	2.72%
        Number of reads mapped to too many loci |	134666
             % of reads mapped to too many loci |	0.12%
                                  UNMAPPED READS:
  Number of reads unmapped: too many mismatches |	0
       % of reads unmapped: too many mismatches |	0.00%
            Number of reads unmapped: too short |	3060952
                 % of reads unmapped: too short |	2.67%
                Number of reads unmapped: other |	83648
                     % of reads unmapped: other |	0.07%
                                  CHIMERIC READS:
                       Number of chimeric reads |	0
                            % of chimeric reads |	0.00%
