                                 Started job on |	Nov 04 13:54:37
                             Started mapping on |	Nov 04 14:05:07
                                    Finished on |	Nov 04 14:17:54
       Mapping speed, Million of reads per hour |	536.16

                          Number of input reads |	114231949
                      Average input read length |	199
                                    UNIQUE READS:
                   Uniquely mapped reads number |	107329699
                        Uniquely mapped reads % |	93.96%
                          Average mapped length |	197.48
                       Number of splices: Total |	52907605
            Number of splices: Annotated (sjdb) |	52705647
                       Number of splices: GT/AG |	51965105
                       Number of splices: GC/AG |	461424
                       Number of splices: AT/AC |	58311
               Number of splices: Non-canonical |	422765
                      Mismatch rate per base, % |	0.77%
                         Deletion rate per base |	0.06%
                        Deletion average length |	2.17
                        Insertion rate per base |	0.04%
                       Insertion average length |	2.06
                             MULTI-MAPPING READS:
        Number of reads mapped to multiple loci |	3551192
             % of reads mapped to multiple loci |	3.11%
        Number of reads mapped to too many loci |	150011
             % of reads mapped to too many loci |	0.13%
                                  UNMAPPED READS:
  Number of reads unmapped: too many mismatches |	0
       % of reads unmapped: too many mismatches |	0.00%
            Number of reads unmapped: too short |	3095418
                 % of reads unmapped: too short |	2.71%
                Number of reads unmapped: other |	105629
                     % of reads unmapped: other |	0.09%
                                  CHIMERIC READS:
                       Number of chimeric reads |	0
                            % of chimeric reads |	0.00%
