                                 Started job on |	Nov 04 13:39:36
                             Started mapping on |	Nov 04 13:45:30
                                    Finished on |	Nov 04 13:52:06
       Mapping speed, Million of reads per hour |	554.56

                          Number of input reads |	61001084
                      Average input read length |	199
                                    UNIQUE READS:
                   Uniquely mapped reads number |	55266451
                        Uniquely mapped reads % |	90.60%
                          Average mapped length |	197.88
                       Number of splices: Total |	28336085
            Number of splices: Annotated (sjdb) |	28231828
                       Number of splices: GT/AG |	27881793
                       Number of splices: GC/AG |	238795
                       Number of splices: AT/AC |	27468
               Number of splices: Non-canonical |	188029
                      Mismatch rate per base, % |	0.75%
                         Deletion rate per base |	0.06%
                        Deletion average length |	2.14
                        Insertion rate per base |	0.04%
                       Insertion average length |	2.03
                             MULTI-MAPPING READS:
        Number of reads mapped to multiple loci |	3926388
             % of reads mapped to multiple loci |	6.44%
        Number of reads mapped to too many loci |	101024
             % of reads mapped to too many loci |	0.17%
                                  UNMAPPED READS:
  Number of reads unmapped: too many mismatches |	0
       % of reads unmapped: too many mismatches |	0.00%
            Number of reads unmapped: too short |	1663480
                 % of reads unmapped: too short |	2.73%
                Number of reads unmapped: other |	43741
                     % of reads unmapped: other |	0.07%
                                  CHIMERIC READS:
                       Number of chimeric reads |	0
                            % of chimeric reads |	0.00%
