                                 Started job on |	Nov 04 13:53:34
                             Started mapping on |	Nov 04 13:59:55
                                    Finished on |	Nov 04 14:06:56
       Mapping speed, Million of reads per hour |	544.39

                          Number of input reads |	63663476
                      Average input read length |	198
                                    UNIQUE READS:
                   Uniquely mapped reads number |	59697365
                        Uniquely mapped reads % |	93.77%
                          Average mapped length |	197.37
                       Number of splices: Total |	30602998
            Number of splices: Annotated (sjdb) |	30505157
                       Number of splices: GT/AG |	30096940
                       Number of splices: GC/AG |	267892
                       Number of splices: AT/AC |	31653
               Number of splices: Non-canonical |	206513
                      Mismatch rate per base, % |	0.76%
                         Deletion rate per base |	0.06%
                        Deletion average length |	2.15
                        Insertion rate per base |	0.04%
                       Insertion average length |	2.04
                             MULTI-MAPPING READS:
        Number of reads mapped to multiple loci |	2111267
             % of reads mapped to multiple loci |	3.32%
        Number of reads mapped to too many loci |	89287
             % of reads mapped to too many loci |	0.14%
                                  UNMAPPED READS:
  Number of reads unmapped: too many mismatches |	0
       % of reads unmapped: too many mismatches |	0.00%
            Number of reads unmapped: too short |	1713168
                 % of reads unmapped: too short |	2.69%
                Number of reads unmapped: other |	52389
                     % of reads unmapped: other |	0.08%
                                  CHIMERIC READS:
                       Number of chimeric reads |	0
                            % of chimeric reads |	0.00%
