[2024-11-04 13:51:48.586] [jointLog] [info] setting maxHashResizeThreads to 8
[2024-11-04 13:51:48.586] [jointLog] [info] Fragment incompatibility prior below threshold.  Incompatible fragments will be ignored.
[2024-11-04 13:51:48.586] [jointLog] [info] Usage of --validateMappings implies use of minScoreFraction. Since not explicitly specified, it is being set to 0.65
[2024-11-04 13:51:48.586] [jointLog] [info] Setting consensusSlack to selective-alignment default of 0.35.
[2024-11-04 13:51:48.586] [jointLog] [info] parsing read library format
[2024-11-04 13:51:48.586] [jointLog] [info] There is 1 library.
[2024-11-04 13:51:48.586] [jointLog] [info] Loading pufferfish index
[2024-11-04 13:51:48.587] [jointLog] [info] Loading dense pufferfish index.
[2024-11-04 13:52:01.560] [jointLog] [info] done
[2024-11-04 13:52:01.586] [jointLog] [info] Index contained 58,185 targets
[2024-11-04 13:52:01.595] [jointLog] [info] Number of decoys : 993
[2024-11-04 13:52:01.595] [jointLog] [info] First decoy index : 57,178 
[2024-11-04 13:52:02.266] [jointLog] [info] Automatically detected most likely library type as ISF

[2024-11-04 13:59:00.399] [jointLog] [info] Thread saw mini-batch with a maximum of 1.94% zero probability fragments
[2024-11-04 13:59:00.413] [jointLog] [info] Thread saw mini-batch with a maximum of 2.02% zero probability fragments
[2024-11-04 13:59:00.472] [jointLog] [info] Thread saw mini-batch with a maximum of 1.90% zero probability fragments
[2024-11-04 13:59:00.479] [jointLog] [info] Thread saw mini-batch with a maximum of 1.92% zero probability fragments
[2024-11-04 13:59:00.506] [jointLog] [info] Thread saw mini-batch with a maximum of 1.94% zero probability fragments
[2024-11-04 13:59:00.521] [jointLog] [info] Thread saw mini-batch with a maximum of 1.92% zero probability fragments
[2024-11-04 13:59:00.527] [jointLog] [info] Thread saw mini-batch with a maximum of 1.92% zero probability fragments
[2024-11-04 13:59:00.528] [jointLog] [info] Thread saw mini-batch with a maximum of 1.96% zero probability fragments
[2024-11-04 13:59:00.596] [jointLog] [info] Computed 119,240 rich equivalence classes for further processing
[2024-11-04 13:59:00.596] [jointLog] [info] Counted 49,252,181 total reads in the equivalence classes 
[2024-11-04 13:59:00.600] [jointLog] [info] Number of mappings discarded because of alignment score : 32,473,672
[2024-11-04 13:59:00.600] [jointLog] [info] Number of fragments entirely discarded because of alignment score : 5,182,459
[2024-11-04 13:59:00.600] [jointLog] [info] Number of fragments discarded because they are best-mapped to decoys : 4,046,140
[2024-11-04 13:59:00.600] [jointLog] [info] Number of fragments discarded because they have only dovetail (discordant) mappings to valid targets : 128,499
[2024-11-04 13:59:00.600] [jointLog] [info] Mapping rate = 73.3477%

[2024-11-04 13:59:00.600] [jointLog] [info] finished quantifyLibrary()
[2024-11-04 13:59:00.602] [jointLog] [info] Starting optimizer
[2024-11-04 13:59:00.625] [jointLog] [info] Marked 0 weighted equivalence classes as degenerate
[2024-11-04 13:59:00.628] [jointLog] [info] iteration = 0 | max rel diff. = 1223.32
[2024-11-04 13:59:00.596] [fileLog] [info] 
At end of round 0
==================
Observed 67148869 total fragments (67148869 in most recent round)

[2024-11-04 13:59:00.874] [jointLog] [info] iteration = 100 | max rel diff. = 4.96105
[2024-11-04 13:59:01.121] [jointLog] [info] iteration = 200 | max rel diff. = 0.97007
[2024-11-04 13:59:01.367] [jointLog] [info] iteration = 300 | max rel diff. = 1.33329
[2024-11-04 13:59:01.612] [jointLog] [info] iteration = 400 | max rel diff. = 3.16382
[2024-11-04 13:59:01.858] [jointLog] [info] iteration = 500 | max rel diff. = 0.309667
[2024-11-04 13:59:02.104] [jointLog] [info] iteration = 600 | max rel diff. = 0.149718
[2024-11-04 13:59:02.350] [jointLog] [info] iteration = 700 | max rel diff. = 0.080735
[2024-11-04 13:59:02.595] [jointLog] [info] iteration = 800 | max rel diff. = 0.91154
[2024-11-04 13:59:02.841] [jointLog] [info] iteration = 900 | max rel diff. = 0.0923849
[2024-11-04 13:59:03.087] [jointLog] [info] iteration = 1,000 | max rel diff. = 0.087663
[2024-11-04 13:59:03.333] [jointLog] [info] iteration = 1,100 | max rel diff. = 0.0456308
[2024-11-04 13:59:03.579] [jointLog] [info] iteration = 1,200 | max rel diff. = 0.0206753
[2024-11-04 13:59:03.824] [jointLog] [info] iteration = 1,300 | max rel diff. = 0.321505
[2024-11-04 13:59:04.070] [jointLog] [info] iteration = 1,400 | max rel diff. = 0.354079
[2024-11-04 13:59:04.212] [jointLog] [info] iteration = 1,459 | max rel diff. = 0.00963522
[2024-11-04 13:59:04.214] [jointLog] [info] Finished optimizer
[2024-11-04 13:59:04.214] [jointLog] [info] writing output 

[2024-11-04 13:59:04.273] [jointLog] [info] Starting Bootstrapping
[2024-11-04 13:59:04.283] [jointLog] [info] Will draw 100 bootstrap samples
[2024-11-04 13:59:04.283] [jointLog] [info] Optimizing over 119,240 equivalence classes
[2024-11-04 13:59:04.287] [jointLog] [info] Marked 0 weighted equivalence classes as degenerate
[2024-11-04 13:59:16.560] [jointLog] [info] wrote 1 bootstraps
[2024-11-04 13:59:16.691] [jointLog] [info] wrote 2 bootstraps
[2024-11-04 13:59:17.104] [jointLog] [info] wrote 3 bootstraps
[2024-11-04 13:59:20.074] [jointLog] [info] wrote 4 bootstraps
[2024-11-04 13:59:20.104] [jointLog] [info] wrote 5 bootstraps
[2024-11-04 13:59:20.358] [jointLog] [info] wrote 6 bootstraps
[2024-11-04 13:59:20.447] [jointLog] [info] wrote 7 bootstraps
[2024-11-04 13:59:28.970] [jointLog] [info] wrote 8 bootstraps
[2024-11-04 13:59:32.220] [jointLog] [info] wrote 9 bootstraps
[2024-11-04 13:59:32.420] [jointLog] [info] wrote 10 bootstraps
[2024-11-04 13:59:33.395] [jointLog] [info] wrote 11 bootstraps
[2024-11-04 13:59:33.907] [jointLog] [info] wrote 12 bootstraps
[2024-11-04 13:59:34.785] [jointLog] [info] wrote 13 bootstraps
[2024-11-04 13:59:34.972] [jointLog] [info] wrote 14 bootstraps
[2024-11-04 13:59:41.575] [jointLog] [info] wrote 15 bootstraps
[2024-11-04 13:59:44.645] [jointLog] [info] wrote 16 bootstraps
[2024-11-04 13:59:48.424] [jointLog] [info] wrote 17 bootstraps
[2024-11-04 13:59:48.441] [jointLog] [info] wrote 18 bootstraps
[2024-11-04 13:59:49.348] [jointLog] [info] wrote 19 bootstraps
[2024-11-04 13:59:49.624] [jointLog] [info] wrote 20 bootstraps
[2024-11-04 13:59:51.219] [jointLog] [info] wrote 21 bootstraps
[2024-11-04 13:59:53.976] [jointLog] [info] wrote 22 bootstraps
[2024-11-04 13:59:56.044] [jointLog] [info] wrote 23 bootstraps
[2024-11-04 14:00:01.530] [jointLog] [info] wrote 24 bootstraps
[2024-11-04 14:00:02.038] [jointLog] [info] wrote 25 bootstraps
[2024-11-04 14:00:03.303] [jointLog] [info] wrote 26 bootstraps
[2024-11-04 14:00:04.300] [jointLog] [info] wrote 27 bootstraps
[2024-11-04 14:00:05.540] [jointLog] [info] wrote 28 bootstraps
[2024-11-04 14:00:10.082] [jointLog] [info] wrote 29 bootstraps
[2024-11-04 14:00:10.491] [jointLog] [info] wrote 30 bootstraps
[2024-11-04 14:00:16.096] [jointLog] [info] wrote 31 bootstraps
[2024-11-04 14:00:16.372] [jointLog] [info] wrote 32 bootstraps
[2024-11-04 14:00:18.564] [jointLog] [info] wrote 33 bootstraps
[2024-11-04 14:00:18.661] [jointLog] [info] wrote 34 bootstraps
[2024-11-04 14:00:22.307] [jointLog] [info] wrote 35 bootstraps
[2024-11-04 14:00:23.374] [jointLog] [info] wrote 36 bootstraps
[2024-11-04 14:00:24.536] [jointLog] [info] wrote 37 bootstraps
[2024-11-04 14:00:30.741] [jointLog] [info] wrote 38 bootstraps
[2024-11-04 14:00:30.806] [jointLog] [info] wrote 39 bootstraps
[2024-11-04 14:00:31.639] [jointLog] [info] wrote 40 bootstraps
[2024-11-04 14:00:34.255] [jointLog] [info] wrote 41 bootstraps
[2024-11-04 14:00:37.096] [jointLog] [info] wrote 42 bootstraps
[2024-11-04 14:00:37.696] [jointLog] [info] wrote 43 bootstraps
[2024-11-04 14:00:37.805] [jointLog] [info] wrote 44 bootstraps
[2024-11-04 14:00:44.232] [jointLog] [info] wrote 45 bootstraps
[2024-11-04 14:00:45.190] [jointLog] [info] wrote 46 bootstraps
[2024-11-04 14:00:47.233] [jointLog] [info] wrote 47 bootstraps
[2024-11-04 14:00:48.523] [jointLog] [info] wrote 48 bootstraps
[2024-11-04 14:00:51.923] [jointLog] [info] wrote 49 bootstraps
[2024-11-04 14:00:52.544] [jointLog] [info] wrote 50 bootstraps
[2024-11-04 14:00:53.952] [jointLog] [info] wrote 51 bootstraps
[2024-11-04 14:00:57.222] [jointLog] [info] wrote 52 bootstraps
[2024-11-04 14:00:58.145] [jointLog] [info] wrote 53 bootstraps
[2024-11-04 14:00:59.960] [jointLog] [info] wrote 54 bootstraps
[2024-11-04 14:01:03.596] [jointLog] [info] wrote 55 bootstraps
[2024-11-04 14:01:06.962] [jointLog] [info] wrote 56 bootstraps
[2024-11-04 14:01:07.687] [jointLog] [info] wrote 57 bootstraps
[2024-11-04 14:01:08.578] [jointLog] [info] wrote 58 bootstraps
[2024-11-04 14:01:09.763] [jointLog] [info] wrote 59 bootstraps
[2024-11-04 14:01:14.456] [jointLog] [info] wrote 60 bootstraps
[2024-11-04 14:01:15.130] [jointLog] [info] wrote 61 bootstraps
[2024-11-04 14:01:16.936] [jointLog] [info] wrote 62 bootstraps
[2024-11-04 14:01:22.005] [jointLog] [info] wrote 63 bootstraps
[2024-11-04 14:01:23.677] [jointLog] [info] wrote 64 bootstraps
[2024-11-04 14:01:24.043] [jointLog] [info] wrote 65 bootstraps
[2024-11-04 14:01:24.392] [jointLog] [info] wrote 66 bootstraps
[2024-11-04 14:01:29.019] [jointLog] [info] wrote 67 bootstraps
[2024-11-04 14:01:30.998] [jointLog] [info] wrote 68 bootstraps
[2024-11-04 14:01:33.402] [jointLog] [info] wrote 69 bootstraps
[2024-11-04 14:01:35.215] [jointLog] [info] wrote 70 bootstraps
[2024-11-04 14:01:36.205] [jointLog] [info] wrote 71 bootstraps
[2024-11-04 14:01:36.438] [jointLog] [info] wrote 72 bootstraps
[2024-11-04 14:01:40.019] [jointLog] [info] wrote 73 bootstraps
[2024-11-04 14:01:43.205] [jointLog] [info] wrote 74 bootstraps
[2024-11-04 14:01:45.773] [jointLog] [info] wrote 75 bootstraps
[2024-11-04 14:01:48.783] [jointLog] [info] wrote 76 bootstraps
[2024-11-04 14:01:48.863] [jointLog] [info] wrote 77 bootstraps
[2024-11-04 14:01:49.126] [jointLog] [info] wrote 78 bootstraps
[2024-11-04 14:01:50.917] [jointLog] [info] wrote 79 bootstraps
[2024-11-04 14:01:54.401] [jointLog] [info] wrote 80 bootstraps
[2024-11-04 14:01:57.794] [jointLog] [info] wrote 81 bootstraps
[2024-11-04 14:01:58.915] [jointLog] [info] wrote 82 bootstraps
[2024-11-04 14:02:01.894] [jointLog] [info] wrote 83 bootstraps
[2024-11-04 14:02:03.288] [jointLog] [info] wrote 84 bootstraps
[2024-11-04 14:02:04.899] [jointLog] [info] wrote 85 bootstraps
[2024-11-04 14:02:05.342] [jointLog] [info] wrote 86 bootstraps
[2024-11-04 14:02:07.581] [jointLog] [info] wrote 87 bootstraps
[2024-11-04 14:02:13.192] [jointLog] [info] wrote 88 bootstraps
[2024-11-04 14:02:14.885] [jointLog] [info] wrote 89 bootstraps
[2024-11-04 14:02:15.442] [jointLog] [info] wrote 90 bootstraps
[2024-11-04 14:02:16.431] [jointLog] [info] wrote 91 bootstraps
[2024-11-04 14:02:19.413] [jointLog] [info] wrote 92 bootstraps
[2024-11-04 14:02:19.781] [jointLog] [info] wrote 93 bootstraps
[2024-11-04 14:02:24.793] [jointLog] [info] wrote 94 bootstraps
[2024-11-04 14:02:26.184] [jointLog] [info] wrote 95 bootstraps
[2024-11-04 14:02:27.990] [jointLog] [info] wrote 96 bootstraps
[2024-11-04 14:02:29.718] [jointLog] [info] wrote 97 bootstraps
[2024-11-04 14:02:30.963] [jointLog] [info] wrote 98 bootstraps
[2024-11-04 14:02:32.277] [jointLog] [info] wrote 99 bootstraps
[2024-11-04 14:02:32.487] [jointLog] [info] wrote 100 bootstraps
[2024-11-04 14:02:32.492] [jointLog] [info] Finished Bootstrapping
