[2024-11-04 13:55:28.610] [jointLog] [info] setting maxHashResizeThreads to 8
[2024-11-04 13:55:28.610] [jointLog] [info] Fragment incompatibility prior below threshold.  Incompatible fragments will be ignored.
[2024-11-04 13:55:28.610] [jointLog] [info] Usage of --validateMappings implies use of minScoreFraction. Since not explicitly specified, it is being set to 0.65
[2024-11-04 13:55:28.610] [jointLog] [info] Setting consensusSlack to selective-alignment default of 0.35.
[2024-11-04 13:55:28.610] [jointLog] [info] parsing read library format
[2024-11-04 13:55:28.610] [jointLog] [info] There is 1 library.
[2024-11-04 13:55:28.610] [jointLog] [info] Loading pufferfish index
[2024-11-04 13:55:28.611] [jointLog] [info] Loading dense pufferfish index.
[2024-11-04 13:55:41.057] [jointLog] [info] done
[2024-11-04 13:55:41.083] [jointLog] [info] Index contained 58,185 targets
[2024-11-04 13:55:41.092] [jointLog] [info] Number of decoys : 993
[2024-11-04 13:55:41.092] [jointLog] [info] First decoy index : 57,178 
[2024-11-04 13:55:41.658] [jointLog] [info] Automatically detected most likely library type as ISF

[2024-11-04 14:03:03.370] [jointLog] [info] Thread saw mini-batch with a maximum of 1.78% zero probability fragments
[2024-11-04 14:03:03.416] [jointLog] [info] Thread saw mini-batch with a maximum of 1.84% zero probability fragments
[2024-11-04 14:03:03.464] [jointLog] [info] Thread saw mini-batch with a maximum of 1.92% zero probability fragments
[2024-11-04 14:03:03.476] [jointLog] [info] Thread saw mini-batch with a maximum of 1.88% zero probability fragments
[2024-11-04 14:03:03.502] [jointLog] [info] Thread saw mini-batch with a maximum of 1.98% zero probability fragments
[2024-11-04 14:03:03.513] [jointLog] [info] Thread saw mini-batch with a maximum of 1.88% zero probability fragments
[2024-11-04 14:03:03.520] [jointLog] [info] Thread saw mini-batch with a maximum of 1.78% zero probability fragments
[2024-11-04 14:03:03.551] [jointLog] [info] Thread saw mini-batch with a maximum of 2.00% zero probability fragments
[2024-11-04 14:03:03.619] [jointLog] [info] Computed 127,611 rich equivalence classes for further processing
[2024-11-04 14:03:03.619] [jointLog] [info] Counted 51,274,742 total reads in the equivalence classes 
[2024-11-04 14:03:03.624] [jointLog] [info] Number of mappings discarded because of alignment score : 32,802,569
[2024-11-04 14:03:03.624] [jointLog] [info] Number of fragments entirely discarded because of alignment score : 5,797,494
[2024-11-04 14:03:03.624] [jointLog] [info] Number of fragments discarded because they are best-mapped to decoys : 4,603,709
[2024-11-04 14:03:03.624] [jointLog] [info] Number of fragments discarded because they have only dovetail (discordant) mappings to valid targets : 136,248
[2024-11-04 14:03:03.624] [jointLog] [info] Mapping rate = 72.8775%

[2024-11-04 14:03:03.624] [jointLog] [info] finished quantifyLibrary()
[2024-11-04 14:03:03.624] [jointLog] [info] Starting optimizer
[2024-11-04 14:03:03.646] [jointLog] [info] Marked 0 weighted equivalence classes as degenerate
[2024-11-04 14:03:03.649] [jointLog] [info] iteration = 0 | max rel diff. = 110.19
[2024-11-04 14:03:03.926] [jointLog] [info] iteration = 100 | max rel diff. = 7.18975
[2024-11-04 14:03:03.620] [fileLog] [info] 
At end of round 0
==================
Observed 70357415 total fragments (70357415 in most recent round)

[2024-11-04 14:03:04.202] [jointLog] [info] iteration = 200 | max rel diff. = 10.7724
[2024-11-04 14:03:04.478] [jointLog] [info] iteration = 300 | max rel diff. = 0.596703
[2024-11-04 14:03:04.753] [jointLog] [info] iteration = 400 | max rel diff. = 0.178703
[2024-11-04 14:03:05.028] [jointLog] [info] iteration = 500 | max rel diff. = 0.632316
[2024-11-04 14:03:05.304] [jointLog] [info] iteration = 600 | max rel diff. = 0.389442
[2024-11-04 14:03:05.579] [jointLog] [info] iteration = 700 | max rel diff. = 0.161624
[2024-11-04 14:03:05.855] [jointLog] [info] iteration = 800 | max rel diff. = 0.706595
[2024-11-04 14:03:06.131] [jointLog] [info] iteration = 900 | max rel diff. = 0.0619525
[2024-11-04 14:03:06.390] [jointLog] [info] iteration = 995 | max rel diff. = 0.00588279
[2024-11-04 14:03:06.391] [jointLog] [info] Finished optimizer
[2024-11-04 14:03:06.391] [jointLog] [info] writing output 

[2024-11-04 14:03:06.449] [jointLog] [info] Starting Bootstrapping
[2024-11-04 14:03:06.461] [jointLog] [info] Will draw 100 bootstrap samples
[2024-11-04 14:03:06.461] [jointLog] [info] Optimizing over 127,611 equivalence classes
[2024-11-04 14:03:06.465] [jointLog] [info] Marked 0 weighted equivalence classes as degenerate
[2024-11-04 14:03:21.624] [jointLog] [info] wrote 1 bootstraps
[2024-11-04 14:03:22.738] [jointLog] [info] wrote 2 bootstraps
[2024-11-04 14:03:23.051] [jointLog] [info] wrote 3 bootstraps
[2024-11-04 14:03:23.298] [jointLog] [info] wrote 4 bootstraps
[2024-11-04 14:03:23.318] [jointLog] [info] wrote 5 bootstraps
[2024-11-04 14:03:23.363] [jointLog] [info] wrote 6 bootstraps
[2024-11-04 14:03:23.493] [jointLog] [info] wrote 7 bootstraps
[2024-11-04 14:03:36.748] [jointLog] [info] wrote 8 bootstraps
[2024-11-04 14:03:37.183] [jointLog] [info] wrote 9 bootstraps
[2024-11-04 14:03:37.567] [jointLog] [info] wrote 10 bootstraps
[2024-11-04 14:03:37.953] [jointLog] [info] wrote 11 bootstraps
[2024-11-04 14:03:38.615] [jointLog] [info] wrote 12 bootstraps
[2024-11-04 14:03:38.633] [jointLog] [info] wrote 13 bootstraps
[2024-11-04 14:03:40.518] [jointLog] [info] wrote 14 bootstraps
[2024-11-04 14:03:51.486] [jointLog] [info] wrote 15 bootstraps
[2024-11-04 14:03:52.072] [jointLog] [info] wrote 16 bootstraps
[2024-11-04 14:03:52.818] [jointLog] [info] wrote 17 bootstraps
[2024-11-04 14:03:53.214] [jointLog] [info] wrote 18 bootstraps
[2024-11-04 14:03:55.313] [jointLog] [info] wrote 19 bootstraps
[2024-11-04 14:03:55.348] [jointLog] [info] wrote 20 bootstraps
[2024-11-04 14:03:56.832] [jointLog] [info] wrote 21 bootstraps
[2024-11-04 14:04:06.373] [jointLog] [info] wrote 22 bootstraps
[2024-11-04 14:04:07.780] [jointLog] [info] wrote 23 bootstraps
[2024-11-04 14:04:09.016] [jointLog] [info] wrote 24 bootstraps
[2024-11-04 14:04:09.500] [jointLog] [info] wrote 25 bootstraps
[2024-11-04 14:04:11.526] [jointLog] [info] wrote 26 bootstraps
[2024-11-04 14:04:11.929] [jointLog] [info] wrote 27 bootstraps
[2024-11-04 14:04:13.896] [jointLog] [info] wrote 28 bootstraps
[2024-11-04 14:04:20.848] [jointLog] [info] wrote 29 bootstraps
[2024-11-04 14:04:22.680] [jointLog] [info] wrote 30 bootstraps
[2024-11-04 14:04:23.570] [jointLog] [info] wrote 31 bootstraps
[2024-11-04 14:04:25.493] [jointLog] [info] wrote 32 bootstraps
[2024-11-04 14:04:26.033] [jointLog] [info] wrote 33 bootstraps
[2024-11-04 14:04:26.371] [jointLog] [info] wrote 34 bootstraps
[2024-11-04 14:04:28.933] [jointLog] [info] wrote 35 bootstraps
[2024-11-04 14:04:37.933] [jointLog] [info] wrote 36 bootstraps
[2024-11-04 14:04:40.037] [jointLog] [info] wrote 37 bootstraps
[2024-11-04 14:04:40.073] [jointLog] [info] wrote 38 bootstraps
[2024-11-04 14:04:40.925] [jointLog] [info] wrote 39 bootstraps
[2024-11-04 14:04:41.236] [jointLog] [info] wrote 40 bootstraps
[2024-11-04 14:04:43.064] [jointLog] [info] wrote 41 bootstraps
[2024-11-04 14:04:45.542] [jointLog] [info] wrote 42 bootstraps
[2024-11-04 14:04:53.241] [jointLog] [info] wrote 43 bootstraps
[2024-11-04 14:04:54.403] [jointLog] [info] wrote 44 bootstraps
[2024-11-04 14:04:54.736] [jointLog] [info] wrote 45 bootstraps
[2024-11-04 14:04:57.430] [jointLog] [info] wrote 46 bootstraps
[2024-11-04 14:04:57.636] [jointLog] [info] wrote 47 bootstraps
[2024-11-04 14:04:58.428] [jointLog] [info] wrote 48 bootstraps
[2024-11-04 14:05:00.902] [jointLog] [info] wrote 49 bootstraps
[2024-11-04 14:05:10.640] [jointLog] [info] wrote 50 bootstraps
[2024-11-04 14:05:10.942] [jointLog] [info] wrote 51 bootstraps
[2024-11-04 14:05:12.166] [jointLog] [info] wrote 52 bootstraps
[2024-11-04 14:05:12.607] [jointLog] [info] wrote 53 bootstraps
[2024-11-04 14:05:12.745] [jointLog] [info] wrote 54 bootstraps
[2024-11-04 14:05:15.594] [jointLog] [info] wrote 55 bootstraps
[2024-11-04 14:05:16.191] [jointLog] [info] wrote 56 bootstraps
[2024-11-04 14:05:22.609] [jointLog] [info] wrote 57 bootstraps
[2024-11-04 14:05:25.715] [jointLog] [info] wrote 58 bootstraps
[2024-11-04 14:05:28.250] [jointLog] [info] wrote 59 bootstraps
[2024-11-04 14:05:28.978] [jointLog] [info] wrote 60 bootstraps
[2024-11-04 14:05:29.027] [jointLog] [info] wrote 61 bootstraps
[2024-11-04 14:05:30.585] [jointLog] [info] wrote 62 bootstraps
[2024-11-04 14:05:33.404] [jointLog] [info] wrote 63 bootstraps
[2024-11-04 14:05:39.494] [jointLog] [info] wrote 64 bootstraps
[2024-11-04 14:05:42.037] [jointLog] [info] wrote 65 bootstraps
[2024-11-04 14:05:44.907] [jointLog] [info] wrote 66 bootstraps
[2024-11-04 14:05:46.109] [jointLog] [info] wrote 67 bootstraps
[2024-11-04 14:05:47.129] [jointLog] [info] wrote 68 bootstraps
[2024-11-04 14:05:48.792] [jointLog] [info] wrote 69 bootstraps
[2024-11-04 14:05:51.019] [jointLog] [info] wrote 70 bootstraps
[2024-11-04 14:05:53.867] [jointLog] [info] wrote 71 bootstraps
[2024-11-04 14:05:54.053] [jointLog] [info] wrote 72 bootstraps
[2024-11-04 14:06:01.453] [jointLog] [info] wrote 73 bootstraps
[2024-11-04 14:06:01.480] [jointLog] [info] wrote 74 bootstraps
[2024-11-04 14:06:02.507] [jointLog] [info] wrote 75 bootstraps
[2024-11-04 14:06:03.542] [jointLog] [info] wrote 76 bootstraps
[2024-11-04 14:06:05.524] [jointLog] [info] wrote 77 bootstraps
[2024-11-04 14:06:08.013] [jointLog] [info] wrote 78 bootstraps
[2024-11-04 14:06:09.999] [jointLog] [info] wrote 79 bootstraps
[2024-11-04 14:06:15.964] [jointLog] [info] wrote 80 bootstraps
[2024-11-04 14:06:16.873] [jointLog] [info] wrote 81 bootstraps
[2024-11-04 14:06:17.415] [jointLog] [info] wrote 82 bootstraps
[2024-11-04 14:06:20.641] [jointLog] [info] wrote 83 bootstraps
[2024-11-04 14:06:21.260] [jointLog] [info] wrote 84 bootstraps
[2024-11-04 14:06:24.011] [jointLog] [info] wrote 85 bootstraps
[2024-11-04 14:06:24.207] [jointLog] [info] wrote 86 bootstraps
[2024-11-04 14:06:32.319] [jointLog] [info] wrote 87 bootstraps
[2024-11-04 14:06:32.996] [jointLog] [info] wrote 88 bootstraps
[2024-11-04 14:06:33.014] [jointLog] [info] wrote 89 bootstraps
[2024-11-04 14:06:34.358] [jointLog] [info] wrote 90 bootstraps
[2024-11-04 14:06:34.701] [jointLog] [info] wrote 91 bootstraps
[2024-11-04 14:06:38.596] [jointLog] [info] wrote 92 bootstraps
[2024-11-04 14:06:40.814] [jointLog] [info] wrote 93 bootstraps
[2024-11-04 14:06:47.052] [jointLog] [info] wrote 94 bootstraps
[2024-11-04 14:06:48.604] [jointLog] [info] wrote 95 bootstraps
[2024-11-04 14:06:49.270] [jointLog] [info] wrote 96 bootstraps
[2024-11-04 14:06:49.350] [jointLog] [info] wrote 97 bootstraps
[2024-11-04 14:06:50.447] [jointLog] [info] wrote 98 bootstraps
[2024-11-04 14:06:54.172] [jointLog] [info] wrote 99 bootstraps
[2024-11-04 14:06:54.738] [jointLog] [info] wrote 100 bootstraps
[2024-11-04 14:06:54.744] [jointLog] [info] Finished Bootstrapping
