[2024-11-04 13:55:28.610] [jointLog] [info] setting maxHashResizeThreads to 8
[2024-11-04 13:55:28.610] [jointLog] [info] Fragment incompatibility prior below threshold.  Incompatible fragments will be ignored.
[2024-11-04 13:55:28.610] [jointLog] [info] Usage of --validateMappings implies use of minScoreFraction. Since not explicitly specified, it is being set to 0.65
[2024-11-04 13:55:28.610] [jointLog] [info] Setting consensusSlack to selective-alignment default of 0.35.
[2024-11-04 13:55:28.610] [jointLog] [info] parsing read library format
[2024-11-04 13:55:28.610] [jointLog] [info] There is 1 library.
[2024-11-04 13:55:28.610] [jointLog] [info] Loading pufferfish index
[2024-11-04 13:55:28.611] [jointLog] [info] Loading dense pufferfish index.
[2024-11-04 13:55:41.057] [jointLog] [info] done
[2024-11-04 13:55:41.083] [jointLog] [info] Index contained 58,185 targets
[2024-11-04 13:55:41.092] [jointLog] [info] Number of decoys : 993
[2024-11-04 13:55:41.092] [jointLog] [info] First decoy index : 57,178 
[2024-11-04 13:55:41.741] [jointLog] [info] Automatically detected most likely library type as ISF

[2024-11-04 14:03:16.945] [jointLog] [info] Thread saw mini-batch with a maximum of 1.74% zero probability fragments
[2024-11-04 14:03:17.021] [jointLog] [info] Thread saw mini-batch with a maximum of 1.78% zero probability fragments
[2024-11-04 14:03:17.030] [jointLog] [info] Thread saw mini-batch with a maximum of 1.88% zero probability fragments
[2024-11-04 14:03:17.058] [jointLog] [info] Thread saw mini-batch with a maximum of 1.68% zero probability fragments
[2024-11-04 14:03:17.064] [jointLog] [info] Thread saw mini-batch with a maximum of 1.70% zero probability fragments
[2024-11-04 14:03:17.078] [jointLog] [info] Thread saw mini-batch with a maximum of 1.72% zero probability fragments
[2024-11-04 14:03:17.151] [jointLog] [info] Thread saw mini-batch with a maximum of 1.70% zero probability fragments
[2024-11-04 14:03:17.194] [jointLog] [info] Thread saw mini-batch with a maximum of 1.74% zero probability fragments
[2024-11-04 14:03:17.258] [jointLog] [info] Computed 113,466 rich equivalence classes for further processing
[2024-11-04 14:03:17.258] [jointLog] [info] Counted 47,811,230 total reads in the equivalence classes 
[2024-11-04 14:03:17.263] [jointLog] [info] Number of mappings discarded because of alignment score : 36,647,456
[2024-11-04 14:03:17.263] [jointLog] [info] Number of fragments entirely discarded because of alignment score : 5,617,619
[2024-11-04 14:03:17.263] [jointLog] [info] Number of fragments discarded because they are best-mapped to decoys : 4,415,375
[2024-11-04 14:03:17.263] [jointLog] [info] Number of fragments discarded because they have only dovetail (discordant) mappings to valid targets : 136,586
[2024-11-04 14:03:17.263] [jointLog] [info] Mapping rate = 71.0621%

[2024-11-04 14:03:17.263] [jointLog] [info] finished quantifyLibrary()
[2024-11-04 14:03:17.263] [jointLog] [info] Starting optimizer
[2024-11-04 14:03:17.284] [jointLog] [info] Marked 0 weighted equivalence classes as degenerate
[2024-11-04 14:03:17.286] [jointLog] [info] iteration = 0 | max rel diff. = 3574.47
[2024-11-04 14:03:17.259] [fileLog] [info] 
At end of round 0
==================
Observed 67280943 total fragments (67280943 in most recent round)

[2024-11-04 14:03:17.529] [jointLog] [info] iteration = 100 | max rel diff. = 10.9333
[2024-11-04 14:03:17.771] [jointLog] [info] iteration = 200 | max rel diff. = 1.80047
[2024-11-04 14:03:18.013] [jointLog] [info] iteration = 300 | max rel diff. = 3.87728
[2024-11-04 14:03:18.255] [jointLog] [info] iteration = 400 | max rel diff. = 14.6723
[2024-11-04 14:03:18.497] [jointLog] [info] iteration = 500 | max rel diff. = 12.509
[2024-11-04 14:03:18.739] [jointLog] [info] iteration = 600 | max rel diff. = 0.121604
[2024-11-04 14:03:18.981] [jointLog] [info] iteration = 700 | max rel diff. = 0.105058
[2024-11-04 14:03:19.222] [jointLog] [info] iteration = 800 | max rel diff. = 0.0379597
[2024-11-04 14:03:19.464] [jointLog] [info] iteration = 900 | max rel diff. = 0.0766156
[2024-11-04 14:03:19.612] [jointLog] [info] iteration = 962 | max rel diff. = 0.00927237
[2024-11-04 14:03:19.613] [jointLog] [info] Finished optimizer
[2024-11-04 14:03:19.613] [jointLog] [info] writing output 

[2024-11-04 14:03:19.672] [jointLog] [info] Starting Bootstrapping
[2024-11-04 14:03:19.681] [jointLog] [info] Will draw 100 bootstrap samples
[2024-11-04 14:03:19.681] [jointLog] [info] Optimizing over 113,466 equivalence classes
[2024-11-04 14:03:19.686] [jointLog] [info] Marked 0 weighted equivalence classes as degenerate
[2024-11-04 14:03:33.591] [jointLog] [info] wrote 1 bootstraps
[2024-11-04 14:03:33.642] [jointLog] [info] wrote 2 bootstraps
[2024-11-04 14:03:33.844] [jointLog] [info] wrote 3 bootstraps
[2024-11-04 14:03:33.992] [jointLog] [info] wrote 4 bootstraps
[2024-11-04 14:03:34.270] [jointLog] [info] wrote 5 bootstraps
[2024-11-04 14:03:35.374] [jointLog] [info] wrote 6 bootstraps
[2024-11-04 14:03:35.955] [jointLog] [info] wrote 7 bootstraps
[2024-11-04 14:03:47.700] [jointLog] [info] wrote 8 bootstraps
[2024-11-04 14:03:48.361] [jointLog] [info] wrote 9 bootstraps
[2024-11-04 14:03:48.569] [jointLog] [info] wrote 10 bootstraps
[2024-11-04 14:03:48.771] [jointLog] [info] wrote 11 bootstraps
[2024-11-04 14:03:49.721] [jointLog] [info] wrote 12 bootstraps
[2024-11-04 14:03:49.921] [jointLog] [info] wrote 13 bootstraps
[2024-11-04 14:03:50.238] [jointLog] [info] wrote 14 bootstraps
[2024-11-04 14:04:01.119] [jointLog] [info] wrote 15 bootstraps
[2024-11-04 14:04:02.134] [jointLog] [info] wrote 16 bootstraps
[2024-11-04 14:04:02.946] [jointLog] [info] wrote 17 bootstraps
[2024-11-04 14:04:03.323] [jointLog] [info] wrote 18 bootstraps
[2024-11-04 14:04:03.611] [jointLog] [info] wrote 19 bootstraps
[2024-11-04 14:04:04.961] [jointLog] [info] wrote 20 bootstraps
[2024-11-04 14:04:05.259] [jointLog] [info] wrote 21 bootstraps
[2024-11-04 14:04:15.757] [jointLog] [info] wrote 22 bootstraps
[2024-11-04 14:04:16.096] [jointLog] [info] wrote 23 bootstraps
[2024-11-04 14:04:16.977] [jointLog] [info] wrote 24 bootstraps
[2024-11-04 14:04:17.168] [jointLog] [info] wrote 25 bootstraps
[2024-11-04 14:04:18.440] [jointLog] [info] wrote 26 bootstraps
[2024-11-04 14:04:20.050] [jointLog] [info] wrote 27 bootstraps
[2024-11-04 14:04:20.147] [jointLog] [info] wrote 28 bootstraps
[2024-11-04 14:04:26.940] [jointLog] [info] wrote 29 bootstraps
[2024-11-04 14:04:29.500] [jointLog] [info] wrote 30 bootstraps
[2024-11-04 14:04:30.118] [jointLog] [info] wrote 31 bootstraps
[2024-11-04 14:04:32.794] [jointLog] [info] wrote 32 bootstraps
[2024-11-04 14:04:33.332] [jointLog] [info] wrote 33 bootstraps
[2024-11-04 14:04:33.813] [jointLog] [info] wrote 34 bootstraps
[2024-11-04 14:04:35.138] [jointLog] [info] wrote 35 bootstraps
[2024-11-04 14:04:42.132] [jointLog] [info] wrote 36 bootstraps
[2024-11-04 14:04:43.795] [jointLog] [info] wrote 37 bootstraps
[2024-11-04 14:04:44.086] [jointLog] [info] wrote 38 bootstraps
[2024-11-04 14:04:46.449] [jointLog] [info] wrote 39 bootstraps
[2024-11-04 14:04:48.109] [jointLog] [info] wrote 40 bootstraps
[2024-11-04 14:04:48.522] [jointLog] [info] wrote 41 bootstraps
[2024-11-04 14:04:49.418] [jointLog] [info] wrote 42 bootstraps
[2024-11-04 14:04:56.755] [jointLog] [info] wrote 43 bootstraps
[2024-11-04 14:04:57.950] [jointLog] [info] wrote 44 bootstraps
[2024-11-04 14:04:58.790] [jointLog] [info] wrote 45 bootstraps
[2024-11-04 14:05:00.310] [jointLog] [info] wrote 46 bootstraps
[2024-11-04 14:05:02.918] [jointLog] [info] wrote 47 bootstraps
[2024-11-04 14:05:03.150] [jointLog] [info] wrote 48 bootstraps
[2024-11-04 14:05:04.361] [jointLog] [info] wrote 49 bootstraps
[2024-11-04 14:05:10.709] [jointLog] [info] wrote 50 bootstraps
[2024-11-04 14:05:12.546] [jointLog] [info] wrote 51 bootstraps
[2024-11-04 14:05:14.414] [jointLog] [info] wrote 52 bootstraps
[2024-11-04 14:05:15.641] [jointLog] [info] wrote 53 bootstraps
[2024-11-04 14:05:16.324] [jointLog] [info] wrote 54 bootstraps
[2024-11-04 14:05:17.507] [jointLog] [info] wrote 55 bootstraps
[2024-11-04 14:05:19.062] [jointLog] [info] wrote 56 bootstraps
[2024-11-04 14:05:24.473] [jointLog] [info] wrote 57 bootstraps
[2024-11-04 14:05:27.052] [jointLog] [info] wrote 58 bootstraps
[2024-11-04 14:05:28.532] [jointLog] [info] wrote 59 bootstraps
[2024-11-04 14:05:29.821] [jointLog] [info] wrote 60 bootstraps
[2024-11-04 14:05:30.331] [jointLog] [info] wrote 61 bootstraps
[2024-11-04 14:05:32.476] [jointLog] [info] wrote 62 bootstraps
[2024-11-04 14:05:35.073] [jointLog] [info] wrote 63 bootstraps
[2024-11-04 14:05:38.399] [jointLog] [info] wrote 64 bootstraps
[2024-11-04 14:05:42.073] [jointLog] [info] wrote 65 bootstraps
[2024-11-04 14:05:42.952] [jointLog] [info] wrote 66 bootstraps
[2024-11-04 14:05:43.587] [jointLog] [info] wrote 67 bootstraps
[2024-11-04 14:05:45.111] [jointLog] [info] wrote 68 bootstraps
[2024-11-04 14:05:46.825] [jointLog] [info] wrote 69 bootstraps
[2024-11-04 14:05:48.844] [jointLog] [info] wrote 70 bootstraps
[2024-11-04 14:05:52.794] [jointLog] [info] wrote 71 bootstraps
[2024-11-04 14:05:57.375] [jointLog] [info] wrote 72 bootstraps
[2024-11-04 14:05:57.498] [jointLog] [info] wrote 73 bootstraps
[2024-11-04 14:05:59.477] [jointLog] [info] wrote 74 bootstraps
[2024-11-04 14:05:59.872] [jointLog] [info] wrote 75 bootstraps
[2024-11-04 14:06:01.486] [jointLog] [info] wrote 76 bootstraps
[2024-11-04 14:06:03.712] [jointLog] [info] wrote 77 bootstraps
[2024-11-04 14:06:06.242] [jointLog] [info] wrote 78 bootstraps
[2024-11-04 14:06:11.655] [jointLog] [info] wrote 79 bootstraps
[2024-11-04 14:06:11.758] [jointLog] [info] wrote 80 bootstraps
[2024-11-04 14:06:13.942] [jointLog] [info] wrote 81 bootstraps
[2024-11-04 14:06:14.269] [jointLog] [info] wrote 82 bootstraps
[2024-11-04 14:06:16.768] [jointLog] [info] wrote 83 bootstraps
[2024-11-04 14:06:18.902] [jointLog] [info] wrote 84 bootstraps
[2024-11-04 14:06:20.862] [jointLog] [info] wrote 85 bootstraps
[2024-11-04 14:06:24.954] [jointLog] [info] wrote 86 bootstraps
[2024-11-04 14:06:25.439] [jointLog] [info] wrote 87 bootstraps
[2024-11-04 14:06:27.852] [jointLog] [info] wrote 88 bootstraps
[2024-11-04 14:06:28.725] [jointLog] [info] wrote 89 bootstraps
[2024-11-04 14:06:32.301] [jointLog] [info] wrote 90 bootstraps
[2024-11-04 14:06:32.821] [jointLog] [info] wrote 91 bootstraps
[2024-11-04 14:06:34.335] [jointLog] [info] wrote 92 bootstraps
[2024-11-04 14:06:38.378] [jointLog] [info] wrote 93 bootstraps
[2024-11-04 14:06:40.853] [jointLog] [info] wrote 94 bootstraps
[2024-11-04 14:06:42.111] [jointLog] [info] wrote 95 bootstraps
[2024-11-04 14:06:42.943] [jointLog] [info] wrote 96 bootstraps
[2024-11-04 14:06:46.587] [jointLog] [info] wrote 97 bootstraps
[2024-11-04 14:06:46.837] [jointLog] [info] wrote 98 bootstraps
[2024-11-04 14:06:49.253] [jointLog] [info] wrote 99 bootstraps
[2024-11-04 14:06:53.547] [jointLog] [info] wrote 100 bootstraps
[2024-11-04 14:06:53.552] [jointLog] [info] Finished Bootstrapping
