[2024-11-04 13:55:28.610] [jointLog] [info] setting maxHashResizeThreads to 8
[2024-11-04 13:55:28.610] [jointLog] [info] Fragment incompatibility prior below threshold.  Incompatible fragments will be ignored.
[2024-11-04 13:55:28.610] [jointLog] [info] Usage of --validateMappings implies use of minScoreFraction. Since not explicitly specified, it is being set to 0.65
[2024-11-04 13:55:28.610] [jointLog] [info] Setting consensusSlack to selective-alignment default of 0.35.
[2024-11-04 13:55:28.610] [jointLog] [info] parsing read library format
[2024-11-04 13:55:28.610] [jointLog] [info] There is 1 library.
[2024-11-04 13:55:28.611] [jointLog] [info] Loading pufferfish index
[2024-11-04 13:55:28.611] [jointLog] [info] Loading dense pufferfish index.
[2024-11-04 13:55:41.113] [jointLog] [info] done
[2024-11-04 13:55:41.138] [jointLog] [info] Index contained 58,185 targets
[2024-11-04 13:55:41.147] [jointLog] [info] Number of decoys : 993
[2024-11-04 13:55:41.147] [jointLog] [info] First decoy index : 57,178 
[2024-11-04 13:55:41.815] [jointLog] [info] Automatically detected most likely library type as ISF

[2024-11-04 14:01:19.399] [jointLog] [info] Thread saw mini-batch with a maximum of 1.82% zero probability fragments
[2024-11-04 14:01:19.418] [jointLog] [info] Thread saw mini-batch with a maximum of 1.72% zero probability fragments
[2024-11-04 14:01:19.431] [jointLog] [info] Thread saw mini-batch with a maximum of 1.68% zero probability fragments
[2024-11-04 14:01:19.447] [jointLog] [info] Thread saw mini-batch with a maximum of 1.70% zero probability fragments
[2024-11-04 14:01:19.489] [jointLog] [info] Thread saw mini-batch with a maximum of 1.78% zero probability fragments
[2024-11-04 14:01:19.544] [jointLog] [info] Thread saw mini-batch with a maximum of 2.00% zero probability fragments
[2024-11-04 14:01:19.592] [jointLog] [info] Thread saw mini-batch with a maximum of 1.60% zero probability fragments
[2024-11-04 14:01:19.614] [jointLog] [info] Thread saw mini-batch with a maximum of 1.88% zero probability fragments
[2024-11-04 14:01:19.683] [jointLog] [info] Computed 120,096 rich equivalence classes for further processing
[2024-11-04 14:01:19.683] [jointLog] [info] Counted 36,767,287 total reads in the equivalence classes 
[2024-11-04 14:01:19.687] [jointLog] [info] Number of mappings discarded because of alignment score : 25,767,681
[2024-11-04 14:01:19.687] [jointLog] [info] Number of fragments entirely discarded because of alignment score : 4,187,627
[2024-11-04 14:01:19.687] [jointLog] [info] Number of fragments discarded because they are best-mapped to decoys : 3,271,174
[2024-11-04 14:01:19.687] [jointLog] [info] Number of fragments discarded because they have only dovetail (discordant) mappings to valid targets : 100,162
[2024-11-04 14:01:19.687] [jointLog] [info] Mapping rate = 72.6311%

[2024-11-04 14:01:19.687] [jointLog] [info] finished quantifyLibrary()
[2024-11-04 14:01:19.689] [jointLog] [info] Starting optimizer
[2024-11-04 14:01:19.713] [jointLog] [info] Marked 0 weighted equivalence classes as degenerate
[2024-11-04 14:01:19.715] [jointLog] [info] iteration = 0 | max rel diff. = 15544.1
[2024-11-04 14:01:19.683] [fileLog] [info] 
At end of round 0
==================
Observed 50621943 total fragments (50621943 in most recent round)

[2024-11-04 14:01:19.986] [jointLog] [info] iteration = 100 | max rel diff. = 12.9323
[2024-11-04 14:01:20.257] [jointLog] [info] iteration = 200 | max rel diff. = 12.4912
[2024-11-04 14:01:20.530] [jointLog] [info] iteration = 300 | max rel diff. = 1.06516
[2024-11-04 14:01:20.802] [jointLog] [info] iteration = 400 | max rel diff. = 5.39331
[2024-11-04 14:01:21.074] [jointLog] [info] iteration = 500 | max rel diff. = 0.714448
[2024-11-04 14:01:21.345] [jointLog] [info] iteration = 600 | max rel diff. = 0.0703536
[2024-11-04 14:01:21.615] [jointLog] [info] iteration = 700 | max rel diff. = 0.033481
[2024-11-04 14:01:21.887] [jointLog] [info] iteration = 800 | max rel diff. = 0.650507
[2024-11-04 14:01:22.157] [jointLog] [info] iteration = 900 | max rel diff. = 0.0368685
[2024-11-04 14:01:22.429] [jointLog] [info] iteration = 1,000 | max rel diff. = 0.0559579
[2024-11-04 14:01:22.699] [jointLog] [info] iteration = 1,100 | max rel diff. = 0.694701
[2024-11-04 14:01:22.971] [jointLog] [info] iteration = 1,200 | max rel diff. = 0.163494
[2024-11-04 14:01:23.242] [jointLog] [info] iteration = 1,300 | max rel diff. = 0.544175
[2024-11-04 14:01:23.250] [jointLog] [info] iteration = 1,304 | max rel diff. = 0.00892628
[2024-11-04 14:01:23.252] [jointLog] [info] Finished optimizer
[2024-11-04 14:01:23.252] [jointLog] [info] writing output 

[2024-11-04 14:01:23.311] [jointLog] [info] Starting Bootstrapping
[2024-11-04 14:01:23.322] [jointLog] [info] Will draw 100 bootstrap samples
[2024-11-04 14:01:23.322] [jointLog] [info] Optimizing over 120,096 equivalence classes
[2024-11-04 14:01:23.326] [jointLog] [info] Marked 0 weighted equivalence classes as degenerate
[2024-11-04 14:01:34.307] [jointLog] [info] wrote 1 bootstraps
[2024-11-04 14:01:34.959] [jointLog] [info] wrote 2 bootstraps
[2024-11-04 14:01:36.753] [jointLog] [info] wrote 3 bootstraps
[2024-11-04 14:01:37.151] [jointLog] [info] wrote 4 bootstraps
[2024-11-04 14:01:37.404] [jointLog] [info] wrote 5 bootstraps
[2024-11-04 14:01:37.485] [jointLog] [info] wrote 6 bootstraps
[2024-11-04 14:01:37.602] [jointLog] [info] wrote 7 bootstraps
[2024-11-04 14:01:47.353] [jointLog] [info] wrote 8 bootstraps
[2024-11-04 14:01:48.329] [jointLog] [info] wrote 9 bootstraps
[2024-11-04 14:01:48.363] [jointLog] [info] wrote 10 bootstraps
[2024-11-04 14:01:49.062] [jointLog] [info] wrote 11 bootstraps
[2024-11-04 14:01:51.827] [jointLog] [info] wrote 12 bootstraps
[2024-11-04 14:01:51.988] [jointLog] [info] wrote 13 bootstraps
[2024-11-04 14:01:52.419] [jointLog] [info] wrote 14 bootstraps
[2024-11-04 14:01:59.364] [jointLog] [info] wrote 15 bootstraps
[2024-11-04 14:02:00.796] [jointLog] [info] wrote 16 bootstraps
[2024-11-04 14:02:02.813] [jointLog] [info] wrote 17 bootstraps
[2024-11-04 14:02:02.847] [jointLog] [info] wrote 18 bootstraps
[2024-11-04 14:02:03.333] [jointLog] [info] wrote 19 bootstraps
[2024-11-04 14:02:03.787] [jointLog] [info] wrote 20 bootstraps
[2024-11-04 14:02:06.431] [jointLog] [info] wrote 21 bootstraps
[2024-11-04 14:02:10.879] [jointLog] [info] wrote 22 bootstraps
[2024-11-04 14:02:12.969] [jointLog] [info] wrote 23 bootstraps
[2024-11-04 14:02:13.807] [jointLog] [info] wrote 24 bootstraps
[2024-11-04 14:02:15.444] [jointLog] [info] wrote 25 bootstraps
[2024-11-04 14:02:16.539] [jointLog] [info] wrote 26 bootstraps
[2024-11-04 14:02:17.481] [jointLog] [info] wrote 27 bootstraps
[2024-11-04 14:02:20.278] [jointLog] [info] wrote 28 bootstraps
[2024-11-04 14:02:24.154] [jointLog] [info] wrote 29 bootstraps
[2024-11-04 14:02:25.703] [jointLog] [info] wrote 30 bootstraps
[2024-11-04 14:02:27.094] [jointLog] [info] wrote 31 bootstraps
[2024-11-04 14:02:27.479] [jointLog] [info] wrote 32 bootstraps
[2024-11-04 14:02:29.171] [jointLog] [info] wrote 33 bootstraps
[2024-11-04 14:02:29.933] [jointLog] [info] wrote 34 bootstraps
[2024-11-04 14:02:33.854] [jointLog] [info] wrote 35 bootstraps
[2024-11-04 14:02:36.314] [jointLog] [info] wrote 36 bootstraps
[2024-11-04 14:02:40.081] [jointLog] [info] wrote 37 bootstraps
[2024-11-04 14:02:41.383] [jointLog] [info] wrote 38 bootstraps
[2024-11-04 14:02:41.449] [jointLog] [info] wrote 39 bootstraps
[2024-11-04 14:02:43.816] [jointLog] [info] wrote 40 bootstraps
[2024-11-04 14:02:44.161] [jointLog] [info] wrote 41 bootstraps
[2024-11-04 14:02:47.656] [jointLog] [info] wrote 42 bootstraps
[2024-11-04 14:02:51.656] [jointLog] [info] wrote 43 bootstraps
[2024-11-04 14:02:52.122] [jointLog] [info] wrote 44 bootstraps
[2024-11-04 14:02:54.282] [jointLog] [info] wrote 45 bootstraps
[2024-11-04 14:02:56.267] [jointLog] [info] wrote 46 bootstraps
[2024-11-04 14:02:58.418] [jointLog] [info] wrote 47 bootstraps
[2024-11-04 14:02:58.623] [jointLog] [info] wrote 48 bootstraps
[2024-11-04 14:02:59.229] [jointLog] [info] wrote 49 bootstraps
[2024-11-04 14:03:06.616] [jointLog] [info] wrote 50 bootstraps
[2024-11-04 14:03:06.690] [jointLog] [info] wrote 51 bootstraps
[2024-11-04 14:03:09.354] [jointLog] [info] wrote 52 bootstraps
[2024-11-04 14:03:09.607] [jointLog] [info] wrote 53 bootstraps
[2024-11-04 14:03:10.656] [jointLog] [info] wrote 54 bootstraps
[2024-11-04 14:03:11.047] [jointLog] [info] wrote 55 bootstraps
[2024-11-04 14:03:11.728] [jointLog] [info] wrote 56 bootstraps
[2024-11-04 14:03:19.083] [jointLog] [info] wrote 57 bootstraps
[2024-11-04 14:03:21.669] [jointLog] [info] wrote 58 bootstraps
[2024-11-04 14:03:24.222] [jointLog] [info] wrote 59 bootstraps
[2024-11-04 14:03:24.423] [jointLog] [info] wrote 60 bootstraps
[2024-11-04 14:03:25.656] [jointLog] [info] wrote 61 bootstraps
[2024-11-04 14:03:25.903] [jointLog] [info] wrote 62 bootstraps
[2024-11-04 14:03:25.971] [jointLog] [info] wrote 63 bootstraps
[2024-11-04 14:03:30.222] [jointLog] [info] wrote 64 bootstraps
[2024-11-04 14:03:32.831] [jointLog] [info] wrote 65 bootstraps
[2024-11-04 14:03:37.286] [jointLog] [info] wrote 66 bootstraps
[2024-11-04 14:03:37.617] [jointLog] [info] wrote 67 bootstraps
[2024-11-04 14:03:37.994] [jointLog] [info] wrote 68 bootstraps
[2024-11-04 14:03:40.014] [jointLog] [info] wrote 69 bootstraps
[2024-11-04 14:03:41.110] [jointLog] [info] wrote 70 bootstraps
[2024-11-04 14:03:42.754] [jointLog] [info] wrote 71 bootstraps
[2024-11-04 14:03:44.928] [jointLog] [info] wrote 72 bootstraps
[2024-11-04 14:03:51.307] [jointLog] [info] wrote 73 bootstraps
[2024-11-04 14:03:51.629] [jointLog] [info] wrote 74 bootstraps
[2024-11-04 14:03:51.821] [jointLog] [info] wrote 75 bootstraps
[2024-11-04 14:03:51.862] [jointLog] [info] wrote 76 bootstraps
[2024-11-04 14:03:52.695] [jointLog] [info] wrote 77 bootstraps
[2024-11-04 14:03:57.918] [jointLog] [info] wrote 78 bootstraps
[2024-11-04 14:03:59.887] [jointLog] [info] wrote 79 bootstraps
[2024-11-04 14:04:03.313] [jointLog] [info] wrote 80 bootstraps
[2024-11-04 14:04:04.002] [jointLog] [info] wrote 81 bootstraps
[2024-11-04 14:04:04.606] [jointLog] [info] wrote 82 bootstraps
[2024-11-04 14:04:05.318] [jointLog] [info] wrote 83 bootstraps
[2024-11-04 14:04:06.605] [jointLog] [info] wrote 84 bootstraps
[2024-11-04 14:04:12.031] [jointLog] [info] wrote 85 bootstraps
[2024-11-04 14:04:12.604] [jointLog] [info] wrote 86 bootstraps
[2024-11-04 14:04:15.565] [jointLog] [info] wrote 87 bootstraps
[2024-11-04 14:04:16.263] [jointLog] [info] wrote 88 bootstraps
[2024-11-04 14:04:17.980] [jointLog] [info] wrote 89 bootstraps
[2024-11-04 14:04:18.349] [jointLog] [info] wrote 90 bootstraps
[2024-11-04 14:04:18.781] [jointLog] [info] wrote 91 bootstraps
[2024-11-04 14:04:24.504] [jointLog] [info] wrote 92 bootstraps
[2024-11-04 14:04:27.198] [jointLog] [info] wrote 93 bootstraps
[2024-11-04 14:04:30.250] [jointLog] [info] wrote 94 bootstraps
[2024-11-04 14:04:30.314] [jointLog] [info] wrote 95 bootstraps
[2024-11-04 14:04:30.332] [jointLog] [info] wrote 96 bootstraps
[2024-11-04 14:04:30.944] [jointLog] [info] wrote 97 bootstraps
[2024-11-04 14:04:32.507] [jointLog] [info] wrote 98 bootstraps
[2024-11-04 14:04:39.706] [jointLog] [info] wrote 99 bootstraps
[2024-11-04 14:04:42.625] [jointLog] [info] wrote 100 bootstraps
[2024-11-04 14:04:42.630] [jointLog] [info] Finished Bootstrapping
