[2024-11-04 13:56:28.757] [jointLog] [info] setting maxHashResizeThreads to 8
[2024-11-04 13:56:28.757] [jointLog] [info] Fragment incompatibility prior below threshold.  Incompatible fragments will be ignored.
[2024-11-04 13:56:28.757] [jointLog] [info] Usage of --validateMappings implies use of minScoreFraction. Since not explicitly specified, it is being set to 0.65
[2024-11-04 13:56:28.757] [jointLog] [info] Setting consensusSlack to selective-alignment default of 0.35.
[2024-11-04 13:56:28.757] [jointLog] [info] parsing read library format
[2024-11-04 13:56:28.757] [jointLog] [info] There is 1 library.
[2024-11-04 13:56:28.757] [jointLog] [info] Loading pufferfish index
[2024-11-04 13:56:28.758] [jointLog] [info] Loading dense pufferfish index.
[2024-11-04 13:56:41.055] [jointLog] [info] done
[2024-11-04 13:56:41.081] [jointLog] [info] Index contained 58,185 targets
[2024-11-04 13:56:41.090] [jointLog] [info] Number of decoys : 993
[2024-11-04 13:56:41.090] [jointLog] [info] First decoy index : 57,178 
[2024-11-04 13:56:41.734] [jointLog] [info] Automatically detected most likely library type as ISF

[2024-11-04 14:06:30.882] [jointLog] [info] Thread saw mini-batch with a maximum of 1.70% zero probability fragments
[2024-11-04 14:06:30.905] [jointLog] [info] Thread saw mini-batch with a maximum of 1.80% zero probability fragments
[2024-11-04 14:06:30.919] [jointLog] [info] Thread saw mini-batch with a maximum of 1.64% zero probability fragments
[2024-11-04 14:06:30.927] [jointLog] [info] Thread saw mini-batch with a maximum of 1.60% zero probability fragments
[2024-11-04 14:06:30.972] [jointLog] [info] Thread saw mini-batch with a maximum of 1.68% zero probability fragments
[2024-11-04 14:06:31.071] [jointLog] [info] Thread saw mini-batch with a maximum of 1.64% zero probability fragments
[2024-11-04 14:06:31.074] [jointLog] [info] Thread saw mini-batch with a maximum of 1.80% zero probability fragments
[2024-11-04 14:06:31.097] [jointLog] [info] Thread saw mini-batch with a maximum of 1.66% zero probability fragments
[2024-11-04 14:06:31.162] [jointLog] [info] Computed 119,528 rich equivalence classes for further processing
[2024-11-04 14:06:31.162] [jointLog] [info] Counted 67,802,629 total reads in the equivalence classes 
[2024-11-04 14:06:31.166] [jointLog] [info] Number of mappings discarded because of alignment score : 53,839,808
[2024-11-04 14:06:31.166] [jointLog] [info] Number of fragments entirely discarded because of alignment score : 7,108,079
[2024-11-04 14:06:31.166] [jointLog] [info] Number of fragments discarded because they are best-mapped to decoys : 5,576,868
[2024-11-04 14:06:31.166] [jointLog] [info] Number of fragments discarded because they have only dovetail (discordant) mappings to valid targets : 194,510
[2024-11-04 14:06:31.166] [jointLog] [info] Mapping rate = 72.949%

[2024-11-04 14:06:31.166] [jointLog] [info] finished quantifyLibrary()
[2024-11-04 14:06:31.166] [jointLog] [info] Starting optimizer
[2024-11-04 14:06:31.187] [jointLog] [info] Marked 0 weighted equivalence classes as degenerate
[2024-11-04 14:06:31.189] [jointLog] [info] iteration = 0 | max rel diff. = 116.183
[2024-11-04 14:06:31.163] [fileLog] [info] 
At end of round 0
==================
Observed 92945280 total fragments (92945280 in most recent round)

[2024-11-04 14:06:31.442] [jointLog] [info] iteration = 100 | max rel diff. = 16.0227
[2024-11-04 14:06:31.694] [jointLog] [info] iteration = 200 | max rel diff. = 2.1332
[2024-11-04 14:06:31.945] [jointLog] [info] iteration = 300 | max rel diff. = 0.836927
[2024-11-04 14:06:32.196] [jointLog] [info] iteration = 400 | max rel diff. = 0.200721
[2024-11-04 14:06:32.448] [jointLog] [info] iteration = 500 | max rel diff. = 0.0537618
[2024-11-04 14:06:32.699] [jointLog] [info] iteration = 600 | max rel diff. = 0.165295
[2024-11-04 14:06:32.950] [jointLog] [info] iteration = 700 | max rel diff. = 0.215661
[2024-11-04 14:06:33.201] [jointLog] [info] iteration = 800 | max rel diff. = 0.158762
[2024-11-04 14:06:33.453] [jointLog] [info] iteration = 900 | max rel diff. = 0.0853826
[2024-11-04 14:06:33.704] [jointLog] [info] iteration = 1,000 | max rel diff. = 0.28741
[2024-11-04 14:06:33.933] [jointLog] [info] iteration = 1,092 | max rel diff. = 0.00587794
[2024-11-04 14:06:33.934] [jointLog] [info] Finished optimizer
[2024-11-04 14:06:33.934] [jointLog] [info] writing output 

[2024-11-04 14:06:33.992] [jointLog] [info] Starting Bootstrapping
[2024-11-04 14:06:34.002] [jointLog] [info] Will draw 100 bootstrap samples
[2024-11-04 14:06:34.002] [jointLog] [info] Optimizing over 119,528 equivalence classes
[2024-11-04 14:06:34.006] [jointLog] [info] Marked 0 weighted equivalence classes as degenerate
[2024-11-04 14:06:50.212] [jointLog] [info] wrote 1 bootstraps
[2024-11-04 14:06:50.382] [jointLog] [info] wrote 2 bootstraps
[2024-11-04 14:06:50.549] [jointLog] [info] wrote 3 bootstraps
[2024-11-04 14:06:51.705] [jointLog] [info] wrote 4 bootstraps
[2024-11-04 14:06:51.958] [jointLog] [info] wrote 5 bootstraps
[2024-11-04 14:06:52.037] [jointLog] [info] wrote 6 bootstraps
[2024-11-04 14:06:52.231] [jointLog] [info] wrote 7 bootstraps
[2024-11-04 14:07:05.742] [jointLog] [info] wrote 8 bootstraps
[2024-11-04 14:07:08.305] [jointLog] [info] wrote 9 bootstraps
[2024-11-04 14:07:08.870] [jointLog] [info] wrote 10 bootstraps
[2024-11-04 14:07:09.491] [jointLog] [info] wrote 11 bootstraps
[2024-11-04 14:07:09.611] [jointLog] [info] wrote 12 bootstraps
[2024-11-04 14:07:10.641] [jointLog] [info] wrote 13 bootstraps
[2024-11-04 14:07:11.302] [jointLog] [info] wrote 14 bootstraps
[2024-11-04 14:07:23.601] [jointLog] [info] wrote 15 bootstraps
[2024-11-04 14:07:26.651] [jointLog] [info] wrote 16 bootstraps
[2024-11-04 14:07:26.727] [jointLog] [info] wrote 17 bootstraps
[2024-11-04 14:07:27.523] [jointLog] [info] wrote 18 bootstraps
[2024-11-04 14:07:29.012] [jointLog] [info] wrote 19 bootstraps
[2024-11-04 14:07:29.436] [jointLog] [info] wrote 20 bootstraps
[2024-11-04 14:07:29.759] [jointLog] [info] wrote 21 bootstraps
[2024-11-04 14:07:41.814] [jointLog] [info] wrote 22 bootstraps
[2024-11-04 14:07:42.633] [jointLog] [info] wrote 23 bootstraps
[2024-11-04 14:07:42.858] [jointLog] [info] wrote 24 bootstraps
[2024-11-04 14:07:44.598] [jointLog] [info] wrote 25 bootstraps
[2024-11-04 14:07:45.891] [jointLog] [info] wrote 26 bootstraps
[2024-11-04 14:07:46.737] [jointLog] [info] wrote 27 bootstraps
[2024-11-04 14:07:49.677] [jointLog] [info] wrote 28 bootstraps
[2024-11-04 14:07:59.681] [jointLog] [info] wrote 29 bootstraps
[2024-11-04 14:08:01.262] [jointLog] [info] wrote 30 bootstraps
[2024-11-04 14:08:02.593] [jointLog] [info] wrote 31 bootstraps
[2024-11-04 14:08:03.254] [jointLog] [info] wrote 32 bootstraps
[2024-11-04 14:08:03.285] [jointLog] [info] wrote 33 bootstraps
[2024-11-04 14:08:04.541] [jointLog] [info] wrote 34 bootstraps
[2024-11-04 14:08:04.962] [jointLog] [info] wrote 35 bootstraps
[2024-11-04 14:08:16.710] [jointLog] [info] wrote 36 bootstraps
[2024-11-04 14:08:18.316] [jointLog] [info] wrote 37 bootstraps
[2024-11-04 14:08:20.124] [jointLog] [info] wrote 38 bootstraps
[2024-11-04 14:08:21.308] [jointLog] [info] wrote 39 bootstraps
[2024-11-04 14:08:21.885] [jointLog] [info] wrote 40 bootstraps
[2024-11-04 14:08:23.354] [jointLog] [info] wrote 41 bootstraps
[2024-11-04 14:08:24.029] [jointLog] [info] wrote 42 bootstraps
[2024-11-04 14:08:33.184] [jointLog] [info] wrote 43 bootstraps
[2024-11-04 14:08:35.378] [jointLog] [info] wrote 44 bootstraps
[2024-11-04 14:08:38.117] [jointLog] [info] wrote 45 bootstraps
[2024-11-04 14:08:38.352] [jointLog] [info] wrote 46 bootstraps
[2024-11-04 14:08:39.552] [jointLog] [info] wrote 47 bootstraps
[2024-11-04 14:08:40.831] [jointLog] [info] wrote 48 bootstraps
[2024-11-04 14:08:43.373] [jointLog] [info] wrote 49 bootstraps
[2024-11-04 14:08:49.891] [jointLog] [info] wrote 50 bootstraps
[2024-11-04 14:08:52.087] [jointLog] [info] wrote 51 bootstraps
[2024-11-04 14:08:54.410] [jointLog] [info] wrote 52 bootstraps
[2024-11-04 14:08:55.928] [jointLog] [info] wrote 53 bootstraps
[2024-11-04 14:08:57.424] [jointLog] [info] wrote 54 bootstraps
[2024-11-04 14:08:57.741] [jointLog] [info] wrote 55 bootstraps
[2024-11-04 14:09:02.339] [jointLog] [info] wrote 56 bootstraps
[2024-11-04 14:09:08.821] [jointLog] [info] wrote 57 bootstraps
[2024-11-04 14:09:08.894] [jointLog] [info] wrote 58 bootstraps
[2024-11-04 14:09:11.783] [jointLog] [info] wrote 59 bootstraps
[2024-11-04 14:09:13.074] [jointLog] [info] wrote 60 bootstraps
[2024-11-04 14:09:14.517] [jointLog] [info] wrote 61 bootstraps
[2024-11-04 14:09:16.654] [jointLog] [info] wrote 62 bootstraps
[2024-11-04 14:09:18.421] [jointLog] [info] wrote 63 bootstraps
[2024-11-04 14:09:26.554] [jointLog] [info] wrote 64 bootstraps
[2024-11-04 14:09:27.939] [jointLog] [info] wrote 65 bootstraps
[2024-11-04 14:09:28.073] [jointLog] [info] wrote 66 bootstraps
[2024-11-04 14:09:29.321] [jointLog] [info] wrote 67 bootstraps
[2024-11-04 14:09:30.465] [jointLog] [info] wrote 68 bootstraps
[2024-11-04 14:09:34.728] [jointLog] [info] wrote 69 bootstraps
[2024-11-04 14:09:35.937] [jointLog] [info] wrote 70 bootstraps
[2024-11-04 14:09:44.131] [jointLog] [info] wrote 71 bootstraps
[2024-11-04 14:09:44.183] [jointLog] [info] wrote 72 bootstraps
[2024-11-04 14:09:45.480] [jointLog] [info] wrote 73 bootstraps
[2024-11-04 14:09:45.861] [jointLog] [info] wrote 74 bootstraps
[2024-11-04 14:09:48.844] [jointLog] [info] wrote 75 bootstraps
[2024-11-04 14:09:49.860] [jointLog] [info] wrote 76 bootstraps
[2024-11-04 14:09:50.845] [jointLog] [info] wrote 77 bootstraps
[2024-11-04 14:10:02.010] [jointLog] [info] wrote 78 bootstraps
[2024-11-04 14:10:02.547] [jointLog] [info] wrote 79 bootstraps
[2024-11-04 14:10:02.705] [jointLog] [info] wrote 80 bootstraps
[2024-11-04 14:10:02.950] [jointLog] [info] wrote 81 bootstraps
[2024-11-04 14:10:04.809] [jointLog] [info] wrote 82 bootstraps
[2024-11-04 14:10:06.180] [jointLog] [info] wrote 83 bootstraps
[2024-11-04 14:10:09.317] [jointLog] [info] wrote 84 bootstraps
[2024-11-04 14:10:19.624] [jointLog] [info] wrote 85 bootstraps
[2024-11-04 14:10:20.472] [jointLog] [info] wrote 86 bootstraps
[2024-11-04 14:10:20.776] [jointLog] [info] wrote 87 bootstraps
[2024-11-04 14:10:21.180] [jointLog] [info] wrote 88 bootstraps
[2024-11-04 14:10:22.141] [jointLog] [info] wrote 89 bootstraps
[2024-11-04 14:10:24.086] [jointLog] [info] wrote 90 bootstraps
[2024-11-04 14:10:27.909] [jointLog] [info] wrote 91 bootstraps
[2024-11-04 14:10:36.210] [jointLog] [info] wrote 92 bootstraps
[2024-11-04 14:10:38.844] [jointLog] [info] wrote 93 bootstraps
[2024-11-04 14:10:38.981] [jointLog] [info] wrote 94 bootstraps
[2024-11-04 14:10:39.622] [jointLog] [info] wrote 95 bootstraps
[2024-11-04 14:10:39.962] [jointLog] [info] wrote 96 bootstraps
[2024-11-04 14:10:42.330] [jointLog] [info] wrote 97 bootstraps
[2024-11-04 14:10:45.361] [jointLog] [info] wrote 98 bootstraps
[2024-11-04 14:10:52.119] [jointLog] [info] wrote 99 bootstraps
[2024-11-04 14:10:56.307] [jointLog] [info] wrote 100 bootstraps
[2024-11-04 14:10:56.311] [jointLog] [info] Finished Bootstrapping
