[2024-11-04 13:56:18.500] [jointLog] [info] setting maxHashResizeThreads to 8
[2024-11-04 13:56:18.500] [jointLog] [info] Fragment incompatibility prior below threshold.  Incompatible fragments will be ignored.
[2024-11-04 13:56:18.500] [jointLog] [info] Usage of --validateMappings implies use of minScoreFraction. Since not explicitly specified, it is being set to 0.65
[2024-11-04 13:56:18.500] [jointLog] [info] Setting consensusSlack to selective-alignment default of 0.35.
[2024-11-04 13:56:18.500] [jointLog] [info] parsing read library format
[2024-11-04 13:56:18.500] [jointLog] [info] There is 1 library.
[2024-11-04 13:56:18.501] [jointLog] [info] Loading pufferfish index
[2024-11-04 13:56:18.502] [jointLog] [info] Loading dense pufferfish index.
[2024-11-04 13:56:30.823] [jointLog] [info] done
[2024-11-04 13:56:30.848] [jointLog] [info] Index contained 58,185 targets
[2024-11-04 13:56:30.857] [jointLog] [info] Number of decoys : 993
[2024-11-04 13:56:30.857] [jointLog] [info] First decoy index : 57,178 
[2024-11-04 13:56:31.539] [jointLog] [info] Automatically detected most likely library type as ISF

[2024-11-04 14:02:33.757] [jointLog] [info] Thread saw mini-batch with a maximum of 1.58% zero probability fragments
[2024-11-04 14:02:33.758] [jointLog] [info] Thread saw mini-batch with a maximum of 1.68% zero probability fragments
[2024-11-04 14:02:33.781] [jointLog] [info] Thread saw mini-batch with a maximum of 1.64% zero probability fragments
[2024-11-04 14:02:33.824] [jointLog] [info] Thread saw mini-batch with a maximum of 1.68% zero probability fragments
[2024-11-04 14:02:33.836] [jointLog] [info] Thread saw mini-batch with a maximum of 1.60% zero probability fragments
[2024-11-04 14:02:33.853] [jointLog] [info] Thread saw mini-batch with a maximum of 1.58% zero probability fragments
[2024-11-04 14:02:33.925] [jointLog] [info] Thread saw mini-batch with a maximum of 1.60% zero probability fragments
[2024-11-04 14:02:33.931] [jointLog] [info] Thread saw mini-batch with a maximum of 1.56% zero probability fragments
[2024-11-04 14:02:33.992] [jointLog] [info] Computed 113,903 rich equivalence classes for further processing
[2024-11-04 14:02:33.992] [jointLog] [info] Counted 39,613,026 total reads in the equivalence classes 
[2024-11-04 14:02:33.996] [jointLog] [info] Number of mappings discarded because of alignment score : 29,178,333
[2024-11-04 14:02:33.996] [jointLog] [info] Number of fragments entirely discarded because of alignment score : 4,374,304
[2024-11-04 14:02:33.996] [jointLog] [info] Number of fragments discarded because they are best-mapped to decoys : 3,443,771
[2024-11-04 14:02:33.996] [jointLog] [info] Number of fragments discarded because they have only dovetail (discordant) mappings to valid targets : 111,676
[2024-11-04 14:02:33.996] [jointLog] [info] Mapping rate = 72.4895%

[2024-11-04 14:02:33.996] [jointLog] [info] finished quantifyLibrary()
[2024-11-04 14:02:33.998] [jointLog] [info] Starting optimizer
[2024-11-04 14:02:33.992] [fileLog] [info] 
At end of round 0
==================
Observed 54646578 total fragments (54646578 in most recent round)

[2024-11-04 14:02:34.644] [jointLog] [info] Marked 0 weighted equivalence classes as degenerate
[2024-11-04 14:02:34.647] [jointLog] [info] iteration = 0 | max rel diff. = 14307.7
[2024-11-04 14:02:34.889] [jointLog] [info] iteration = 100 | max rel diff. = 19.2911
[2024-11-04 14:02:35.130] [jointLog] [info] iteration = 200 | max rel diff. = 3.36718
[2024-11-04 14:02:35.371] [jointLog] [info] iteration = 300 | max rel diff. = 1.4749
[2024-11-04 14:02:35.611] [jointLog] [info] iteration = 400 | max rel diff. = 0.4608
[2024-11-04 14:02:35.852] [jointLog] [info] iteration = 500 | max rel diff. = 0.0652046
[2024-11-04 14:02:36.092] [jointLog] [info] iteration = 600 | max rel diff. = 0.277089
[2024-11-04 14:02:36.333] [jointLog] [info] iteration = 700 | max rel diff. = 0.161905
[2024-11-04 14:02:36.573] [jointLog] [info] iteration = 800 | max rel diff. = 0.122465
[2024-11-04 14:02:36.813] [jointLog] [info] iteration = 900 | max rel diff. = 0.348466
[2024-11-04 14:02:37.054] [jointLog] [info] iteration = 1,000 | max rel diff. = 0.027771
[2024-11-04 14:02:37.294] [jointLog] [info] iteration = 1,100 | max rel diff. = 0.0187204
[2024-11-04 14:02:37.534] [jointLog] [info] iteration = 1,200 | max rel diff. = 0.0157117
[2024-11-04 14:02:37.775] [jointLog] [info] iteration = 1,300 | max rel diff. = 0.0283918
[2024-11-04 14:02:38.015] [jointLog] [info] iteration = 1,400 | max rel diff. = 0.0937368
[2024-11-04 14:02:38.135] [jointLog] [info] iteration = 1,451 | max rel diff. = 0.00483748
[2024-11-04 14:02:38.137] [jointLog] [info] Finished optimizer
[2024-11-04 14:02:38.137] [jointLog] [info] writing output 

[2024-11-04 14:02:38.196] [jointLog] [info] Starting Bootstrapping
[2024-11-04 14:02:38.206] [jointLog] [info] Will draw 100 bootstrap samples
[2024-11-04 14:02:38.206] [jointLog] [info] Optimizing over 113,903 equivalence classes
[2024-11-04 14:02:38.210] [jointLog] [info] Marked 0 weighted equivalence classes as degenerate
[2024-11-04 14:02:48.920] [jointLog] [info] wrote 1 bootstraps
[2024-11-04 14:02:49.448] [jointLog] [info] wrote 2 bootstraps
[2024-11-04 14:02:50.237] [jointLog] [info] wrote 3 bootstraps
[2024-11-04 14:02:50.489] [jointLog] [info] wrote 4 bootstraps
[2024-11-04 14:02:50.507] [jointLog] [info] wrote 5 bootstraps
[2024-11-04 14:02:50.798] [jointLog] [info] wrote 6 bootstraps
[2024-11-04 14:02:50.923] [jointLog] [info] wrote 7 bootstraps
[2024-11-04 14:03:00.917] [jointLog] [info] wrote 8 bootstraps
[2024-11-04 14:03:01.655] [jointLog] [info] wrote 9 bootstraps
[2024-11-04 14:03:02.441] [jointLog] [info] wrote 10 bootstraps
[2024-11-04 14:03:02.557] [jointLog] [info] wrote 11 bootstraps
[2024-11-04 14:03:02.729] [jointLog] [info] wrote 12 bootstraps
[2024-11-04 14:03:03.536] [jointLog] [info] wrote 13 bootstraps
[2024-11-04 14:03:03.839] [jointLog] [info] wrote 14 bootstraps
[2024-11-04 14:03:12.499] [jointLog] [info] wrote 15 bootstraps
[2024-11-04 14:03:14.422] [jointLog] [info] wrote 16 bootstraps
[2024-11-04 14:03:14.452] [jointLog] [info] wrote 17 bootstraps
[2024-11-04 14:03:14.679] [jointLog] [info] wrote 18 bootstraps
[2024-11-04 14:03:14.772] [jointLog] [info] wrote 19 bootstraps
[2024-11-04 14:03:16.121] [jointLog] [info] wrote 20 bootstraps
[2024-11-04 14:03:17.042] [jointLog] [info] wrote 21 bootstraps
[2024-11-04 14:03:24.233] [jointLog] [info] wrote 22 bootstraps
[2024-11-04 14:03:26.601] [jointLog] [info] wrote 23 bootstraps
[2024-11-04 14:03:26.706] [jointLog] [info] wrote 24 bootstraps
[2024-11-04 14:03:27.761] [jointLog] [info] wrote 25 bootstraps
[2024-11-04 14:03:27.829] [jointLog] [info] wrote 26 bootstraps
[2024-11-04 14:03:27.884] [jointLog] [info] wrote 27 bootstraps
[2024-11-04 14:03:28.874] [jointLog] [info] wrote 28 bootstraps
[2024-11-04 14:03:35.347] [jointLog] [info] wrote 29 bootstraps
[2024-11-04 14:03:39.267] [jointLog] [info] wrote 30 bootstraps
[2024-11-04 14:03:39.451] [jointLog] [info] wrote 31 bootstraps
[2024-11-04 14:03:39.843] [jointLog] [info] wrote 32 bootstraps
[2024-11-04 14:03:40.921] [jointLog] [info] wrote 33 bootstraps
[2024-11-04 14:03:41.198] [jointLog] [info] wrote 34 bootstraps
[2024-11-04 14:03:41.734] [jointLog] [info] wrote 35 bootstraps
[2024-11-04 14:03:47.626] [jointLog] [info] wrote 36 bootstraps
[2024-11-04 14:03:50.054] [jointLog] [info] wrote 37 bootstraps
[2024-11-04 14:03:50.410] [jointLog] [info] wrote 38 bootstraps
[2024-11-04 14:03:52.377] [jointLog] [info] wrote 39 bootstraps
[2024-11-04 14:03:52.934] [jointLog] [info] wrote 40 bootstraps
[2024-11-04 14:03:53.094] [jointLog] [info] wrote 41 bootstraps
[2024-11-04 14:03:53.333] [jointLog] [info] wrote 42 bootstraps
[2024-11-04 14:04:01.187] [jointLog] [info] wrote 43 bootstraps
[2024-11-04 14:04:01.991] [jointLog] [info] wrote 44 bootstraps
[2024-11-04 14:04:03.044] [jointLog] [info] wrote 45 bootstraps
[2024-11-04 14:04:04.623] [jointLog] [info] wrote 46 bootstraps
[2024-11-04 14:04:05.414] [jointLog] [info] wrote 47 bootstraps
[2024-11-04 14:04:05.789] [jointLog] [info] wrote 48 bootstraps
[2024-11-04 14:04:06.246] [jointLog] [info] wrote 49 bootstraps
[2024-11-04 14:04:12.065] [jointLog] [info] wrote 50 bootstraps
[2024-11-04 14:04:14.596] [jointLog] [info] wrote 51 bootstraps
[2024-11-04 14:04:14.614] [jointLog] [info] wrote 52 bootstraps
[2024-11-04 14:04:17.963] [jointLog] [info] wrote 53 bootstraps
[2024-11-04 14:04:18.435] [jointLog] [info] wrote 54 bootstraps
[2024-11-04 14:04:18.810] [jointLog] [info] wrote 55 bootstraps
[2024-11-04 14:04:19.936] [jointLog] [info] wrote 56 bootstraps
[2024-11-04 14:04:23.724] [jointLog] [info] wrote 57 bootstraps
[2024-11-04 14:04:25.182] [jointLog] [info] wrote 58 bootstraps
[2024-11-04 14:04:26.750] [jointLog] [info] wrote 59 bootstraps
[2024-11-04 14:04:29.162] [jointLog] [info] wrote 60 bootstraps
[2024-11-04 14:04:30.356] [jointLog] [info] wrote 61 bootstraps
[2024-11-04 14:04:30.839] [jointLog] [info] wrote 62 bootstraps
[2024-11-04 14:04:32.386] [jointLog] [info] wrote 63 bootstraps
[2024-11-04 14:04:35.997] [jointLog] [info] wrote 64 bootstraps
[2024-11-04 14:04:36.695] [jointLog] [info] wrote 65 bootstraps
[2024-11-04 14:04:38.156] [jointLog] [info] wrote 66 bootstraps
[2024-11-04 14:04:41.447] [jointLog] [info] wrote 67 bootstraps
[2024-11-04 14:04:42.647] [jointLog] [info] wrote 68 bootstraps
[2024-11-04 14:04:44.073] [jointLog] [info] wrote 69 bootstraps
[2024-11-04 14:04:44.625] [jointLog] [info] wrote 70 bootstraps
[2024-11-04 14:04:46.882] [jointLog] [info] wrote 71 bootstraps
[2024-11-04 14:04:49.562] [jointLog] [info] wrote 72 bootstraps
[2024-11-04 14:04:50.578] [jointLog] [info] wrote 73 bootstraps
[2024-11-04 14:04:54.310] [jointLog] [info] wrote 74 bootstraps
[2024-11-04 14:04:55.258] [jointLog] [info] wrote 75 bootstraps
[2024-11-04 14:04:56.464] [jointLog] [info] wrote 76 bootstraps
[2024-11-04 14:04:56.489] [jointLog] [info] wrote 77 bootstraps
[2024-11-04 14:05:00.055] [jointLog] [info] wrote 78 bootstraps
[2024-11-04 14:05:02.127] [jointLog] [info] wrote 79 bootstraps
[2024-11-04 14:05:03.054] [jointLog] [info] wrote 80 bootstraps
[2024-11-04 14:05:05.894] [jointLog] [info] wrote 81 bootstraps
[2024-11-04 14:05:06.738] [jointLog] [info] wrote 82 bootstraps
[2024-11-04 14:05:09.072] [jointLog] [info] wrote 83 bootstraps
[2024-11-04 14:05:09.908] [jointLog] [info] wrote 84 bootstraps
[2024-11-04 14:05:10.595] [jointLog] [info] wrote 85 bootstraps
[2024-11-04 14:05:14.554] [jointLog] [info] wrote 86 bootstraps
[2024-11-04 14:05:16.822] [jointLog] [info] wrote 87 bootstraps
[2024-11-04 14:05:18.290] [jointLog] [info] wrote 88 bootstraps
[2024-11-04 14:05:18.938] [jointLog] [info] wrote 89 bootstraps
[2024-11-04 14:05:21.262] [jointLog] [info] wrote 90 bootstraps
[2024-11-04 14:05:22.814] [jointLog] [info] wrote 91 bootstraps
[2024-11-04 14:05:22.876] [jointLog] [info] wrote 92 bootstraps
[2024-11-04 14:05:27.823] [jointLog] [info] wrote 93 bootstraps
[2024-11-04 14:05:29.223] [jointLog] [info] wrote 94 bootstraps
[2024-11-04 14:05:31.540] [jointLog] [info] wrote 95 bootstraps
[2024-11-04 14:05:31.783] [jointLog] [info] wrote 96 bootstraps
[2024-11-04 14:05:32.171] [jointLog] [info] wrote 97 bootstraps
[2024-11-04 14:05:33.554] [jointLog] [info] wrote 98 bootstraps
[2024-11-04 14:05:37.090] [jointLog] [info] wrote 99 bootstraps
[2024-11-04 14:05:40.473] [jointLog] [info] wrote 100 bootstraps
[2024-11-04 14:05:40.477] [jointLog] [info] Finished Bootstrapping
