                                 Started job on |	Jun 28 13:11:54
                             Started mapping on |	Jun 28 13:18:48
                                    Finished on |	Jun 28 13:25:31
       Mapping speed, Million of reads per hour |	547.27

                          Number of input reads |	61263400
                      Average input read length |	198
                                    UNIQUE READS:
                   Uniquely mapped reads number |	57952182
                        Uniquely mapped reads % |	94.60%
                          Average mapped length |	196.93
                       Number of splices: Total |	27701377
            Number of splices: Annotated (sjdb) |	27597447
                       Number of splices: GT/AG |	27229292
                       Number of splices: GC/AG |	241638
                       Number of splices: AT/AC |	28586
               Number of splices: Non-canonical |	201861
                      Mismatch rate per base, % |	0.76%
                         Deletion rate per base |	0.06%
                        Deletion average length |	2.13
                        Insertion rate per base |	0.04%
                       Insertion average length |	2.03
                             MULTI-MAPPING READS:
        Number of reads mapped to multiple loci |	1642640
             % of reads mapped to multiple loci |	2.68%
        Number of reads mapped to too many loci |	76473
             % of reads mapped to too many loci |	0.12%
                                  UNMAPPED READS:
  Number of reads unmapped: too many mismatches |	0
       % of reads unmapped: too many mismatches |	0.00%
            Number of reads unmapped: too short |	1539714
                 % of reads unmapped: too short |	2.51%
                Number of reads unmapped: other |	52391
                     % of reads unmapped: other |	0.09%
                                  CHIMERIC READS:
                       Number of chimeric reads |	0
                            % of chimeric reads |	0.00%
