                                 Started job on |	Jun 28 13:11:54
                             Started mapping on |	Jun 28 13:19:31
                                    Finished on |	Jun 28 13:27:45
       Mapping speed, Million of reads per hour |	463.68

                          Number of input reads |	63627734
                      Average input read length |	199
                                    UNIQUE READS:
                   Uniquely mapped reads number |	60087598
                        Uniquely mapped reads % |	94.44%
                          Average mapped length |	197.77
                       Number of splices: Total |	31995206
            Number of splices: Annotated (sjdb) |	31882636
                       Number of splices: GT/AG |	31465559
                       Number of splices: GC/AG |	281826
                       Number of splices: AT/AC |	31346
               Number of splices: Non-canonical |	216475
                      Mismatch rate per base, % |	0.76%
                         Deletion rate per base |	0.06%
                        Deletion average length |	2.10
                        Insertion rate per base |	0.04%
                       Insertion average length |	2.02
                             MULTI-MAPPING READS:
        Number of reads mapped to multiple loci |	1686681
             % of reads mapped to multiple loci |	2.65%
        Number of reads mapped to too many loci |	65090
             % of reads mapped to too many loci |	0.10%
                                  UNMAPPED READS:
  Number of reads unmapped: too many mismatches |	0
       % of reads unmapped: too many mismatches |	0.00%
            Number of reads unmapped: too short |	1739920
                 % of reads unmapped: too short |	2.73%
                Number of reads unmapped: other |	48445
                     % of reads unmapped: other |	0.08%
                                  CHIMERIC READS:
                       Number of chimeric reads |	0
                            % of chimeric reads |	0.00%
