                                 Started job on |	Jun 28 13:11:54
                             Started mapping on |	Jun 28 13:20:22
                                    Finished on |	Jun 28 13:28:58
       Mapping speed, Million of reads per hour |	525.77

                          Number of input reads |	75360321
                      Average input read length |	199
                                    UNIQUE READS:
                   Uniquely mapped reads number |	70796808
                        Uniquely mapped reads % |	93.94%
                          Average mapped length |	197.69
                       Number of splices: Total |	38637951
            Number of splices: Annotated (sjdb) |	38515261
                       Number of splices: GT/AG |	38019141
                       Number of splices: GC/AG |	337124
                       Number of splices: AT/AC |	37123
               Number of splices: Non-canonical |	244563
                      Mismatch rate per base, % |	0.76%
                         Deletion rate per base |	0.06%
                        Deletion average length |	2.13
                        Insertion rate per base |	0.04%
                       Insertion average length |	2.04
                             MULTI-MAPPING READS:
        Number of reads mapped to multiple loci |	2375832
             % of reads mapped to multiple loci |	3.15%
        Number of reads mapped to too many loci |	89994
             % of reads mapped to too many loci |	0.12%
                                  UNMAPPED READS:
  Number of reads unmapped: too many mismatches |	0
       % of reads unmapped: too many mismatches |	0.00%
            Number of reads unmapped: too short |	2035655
                 % of reads unmapped: too short |	2.70%
                Number of reads unmapped: other |	62032
                     % of reads unmapped: other |	0.08%
                                  CHIMERIC READS:
                       Number of chimeric reads |	0
                            % of chimeric reads |	0.00%
