                                 Started job on |	Jun 28 13:11:54
                             Started mapping on |	Jun 28 13:18:12
                                    Finished on |	Jun 28 13:23:58
       Mapping speed, Million of reads per hour |	526.70

                          Number of input reads |	50621943
                      Average input read length |	199
                                    UNIQUE READS:
                   Uniquely mapped reads number |	47004876
                        Uniquely mapped reads % |	92.85%
                          Average mapped length |	197.71
                       Number of splices: Total |	26320589
            Number of splices: Annotated (sjdb) |	26235367
                       Number of splices: GT/AG |	25912251
                       Number of splices: GC/AG |	226446
                       Number of splices: AT/AC |	24507
               Number of splices: Non-canonical |	157385
                      Mismatch rate per base, % |	0.76%
                         Deletion rate per base |	0.06%
                        Deletion average length |	2.12
                        Insertion rate per base |	0.04%
                       Insertion average length |	2.01
                             MULTI-MAPPING READS:
        Number of reads mapped to multiple loci |	2156015
             % of reads mapped to multiple loci |	4.26%
        Number of reads mapped to too many loci |	64651
             % of reads mapped to too many loci |	0.13%
                                  UNMAPPED READS:
  Number of reads unmapped: too many mismatches |	0
       % of reads unmapped: too many mismatches |	0.00%
            Number of reads unmapped: too short |	1350989
                 % of reads unmapped: too short |	2.67%
                Number of reads unmapped: other |	45412
                     % of reads unmapped: other |	0.09%
                                  CHIMERIC READS:
                       Number of chimeric reads |	0
                            % of chimeric reads |	0.00%
