                                 Started job on |	Jun 28 13:11:55
                             Started mapping on |	Jun 28 13:19:58
                                    Finished on |	Jun 28 13:28:39
       Mapping speed, Million of reads per hour |	464.90

                          Number of input reads |	67280943
                      Average input read length |	199
                                    UNIQUE READS:
                   Uniquely mapped reads number |	63082281
                        Uniquely mapped reads % |	93.76%
                          Average mapped length |	197.52
                       Number of splices: Total |	31151792
            Number of splices: Annotated (sjdb) |	31027877
                       Number of splices: GT/AG |	30615206
                       Number of splices: GC/AG |	268692
                       Number of splices: AT/AC |	34451
               Number of splices: Non-canonical |	233443
                      Mismatch rate per base, % |	0.79%
                         Deletion rate per base |	0.06%
                        Deletion average length |	2.16
                        Insertion rate per base |	0.04%
                       Insertion average length |	2.05
                             MULTI-MAPPING READS:
        Number of reads mapped to multiple loci |	2225491
             % of reads mapped to multiple loci |	3.31%
        Number of reads mapped to too many loci |	84460
             % of reads mapped to too many loci |	0.13%
                                  UNMAPPED READS:
  Number of reads unmapped: too many mismatches |	0
       % of reads unmapped: too many mismatches |	0.00%
            Number of reads unmapped: too short |	1827378
                 % of reads unmapped: too short |	2.72%
                Number of reads unmapped: other |	61333
                     % of reads unmapped: other |	0.09%
                                  CHIMERIC READS:
                       Number of chimeric reads |	0
                            % of chimeric reads |	0.00%
