                                 Started job on |	Jun 28 13:11:54
                             Started mapping on |	Jun 28 13:18:24
                                    Finished on |	Jun 28 13:24:31
       Mapping speed, Million of reads per hour |	536.04

                          Number of input reads |	54646578
                      Average input read length |	199
                                    UNIQUE READS:
                   Uniquely mapped reads number |	51540467
                        Uniquely mapped reads % |	94.32%
                          Average mapped length |	197.56
                       Number of splices: Total |	26149148
            Number of splices: Annotated (sjdb) |	26051007
                       Number of splices: GT/AG |	25718887
                       Number of splices: GC/AG |	224455
                       Number of splices: AT/AC |	25929
               Number of splices: Non-canonical |	179877
                      Mismatch rate per base, % |	0.75%
                         Deletion rate per base |	0.06%
                        Deletion average length |	2.17
                        Insertion rate per base |	0.04%
                       Insertion average length |	2.03
                             MULTI-MAPPING READS:
        Number of reads mapped to multiple loci |	1540394
             % of reads mapped to multiple loci |	2.82%
        Number of reads mapped to too many loci |	68104
             % of reads mapped to too many loci |	0.12%
                                  UNMAPPED READS:
  Number of reads unmapped: too many mismatches |	0
       % of reads unmapped: too many mismatches |	0.00%
            Number of reads unmapped: too short |	1447874
                 % of reads unmapped: too short |	2.65%
                Number of reads unmapped: other |	49739
                     % of reads unmapped: other |	0.09%
                                  CHIMERIC READS:
                       Number of chimeric reads |	0
                            % of chimeric reads |	0.00%
