                                 Started job on |	Jun 28 13:11:56
                             Started mapping on |	Jun 28 13:19:48
                                    Finished on |	Jun 28 13:28:32
       Mapping speed, Million of reads per hour |	531.24

                          Number of input reads |	77324458
                      Average input read length |	199
                                    UNIQUE READS:
                   Uniquely mapped reads number |	72567512
                        Uniquely mapped reads % |	93.85%
                          Average mapped length |	197.68
                       Number of splices: Total |	35819977
            Number of splices: Annotated (sjdb) |	35700428
                       Number of splices: GT/AG |	35212620
                       Number of splices: GC/AG |	316021
                       Number of splices: AT/AC |	34648
               Number of splices: Non-canonical |	256688
                      Mismatch rate per base, % |	0.76%
                         Deletion rate per base |	0.06%
                        Deletion average length |	2.12
                        Insertion rate per base |	0.04%
                       Insertion average length |	2.04
                             MULTI-MAPPING READS:
        Number of reads mapped to multiple loci |	2493743
             % of reads mapped to multiple loci |	3.23%
        Number of reads mapped to too many loci |	94794
             % of reads mapped to too many loci |	0.12%
                                  UNMAPPED READS:
  Number of reads unmapped: too many mismatches |	0
       % of reads unmapped: too many mismatches |	0.00%
            Number of reads unmapped: too short |	2103485
                 % of reads unmapped: too short |	2.72%
                Number of reads unmapped: other |	64924
                     % of reads unmapped: other |	0.08%
                                  CHIMERIC READS:
                       Number of chimeric reads |	0
                            % of chimeric reads |	0.00%
