                                 Started job on |	Jun 28 13:11:54
                             Started mapping on |	Jun 28 13:19:05
                                    Finished on |	Jun 28 13:26:21
       Mapping speed, Million of reads per hour |	503.68

                          Number of input reads |	61001084
                      Average input read length |	199
                                    UNIQUE READS:
                   Uniquely mapped reads number |	55263996
                        Uniquely mapped reads % |	90.60%
                          Average mapped length |	197.88
                       Number of splices: Total |	28333925
            Number of splices: Annotated (sjdb) |	28229548
                       Number of splices: GT/AG |	27879838
                       Number of splices: GC/AG |	238652
                       Number of splices: AT/AC |	27468
               Number of splices: Non-canonical |	187967
                      Mismatch rate per base, % |	0.75%
                         Deletion rate per base |	0.06%
                        Deletion average length |	2.14
                        Insertion rate per base |	0.04%
                       Insertion average length |	2.03
                             MULTI-MAPPING READS:
        Number of reads mapped to multiple loci |	3923661
             % of reads mapped to multiple loci |	6.43%
        Number of reads mapped to too many loci |	100852
             % of reads mapped to too many loci |	0.17%
                                  UNMAPPED READS:
  Number of reads unmapped: too many mismatches |	0
       % of reads unmapped: too many mismatches |	0.00%
            Number of reads unmapped: too short |	1662601
                 % of reads unmapped: too short |	2.73%
                Number of reads unmapped: other |	49974
                     % of reads unmapped: other |	0.08%
                                  CHIMERIC READS:
                       Number of chimeric reads |	0
                            % of chimeric reads |	0.00%
