                                 Started job on |	Jun 28 13:11:55
                             Started mapping on |	Jun 28 13:22:17
                                    Finished on |	Jun 28 13:34:11
       Mapping speed, Million of reads per hour |	553.95

                          Number of input reads |	109867603
                      Average input read length |	198
                                    UNIQUE READS:
                   Uniquely mapped reads number |	102923023
                        Uniquely mapped reads % |	93.68%
                          Average mapped length |	197.00
                       Number of splices: Total |	39044418
            Number of splices: Annotated (sjdb) |	38878668
                       Number of splices: GT/AG |	38270646
                       Number of splices: GC/AG |	369664
                       Number of splices: AT/AC |	46350
               Number of splices: Non-canonical |	357758
                      Mismatch rate per base, % |	0.75%
                         Deletion rate per base |	0.06%
                        Deletion average length |	2.18
                        Insertion rate per base |	0.05%
                       Insertion average length |	2.04
                             MULTI-MAPPING READS:
        Number of reads mapped to multiple loci |	3738685
             % of reads mapped to multiple loci |	3.40%
        Number of reads mapped to too many loci |	146870
             % of reads mapped to too many loci |	0.13%
                                  UNMAPPED READS:
  Number of reads unmapped: too many mismatches |	0
       % of reads unmapped: too many mismatches |	0.00%
            Number of reads unmapped: too short |	2964383
                 % of reads unmapped: too short |	2.70%
                Number of reads unmapped: other |	94642
                     % of reads unmapped: other |	0.09%
                                  CHIMERIC READS:
                       Number of chimeric reads |	0
                            % of chimeric reads |	0.00%
