[2024-11-04 13:56:18.510] [jointLog] [info] setting maxHashResizeThreads to 8
[2024-11-04 13:56:18.510] [jointLog] [info] Fragment incompatibility prior below threshold.  Incompatible fragments will be ignored.
[2024-11-04 13:56:18.510] [jointLog] [info] Usage of --validateMappings implies use of minScoreFraction. Since not explicitly specified, it is being set to 0.65
[2024-11-04 13:56:18.510] [jointLog] [info] Setting consensusSlack to selective-alignment default of 0.35.
[2024-11-04 13:56:18.510] [jointLog] [info] parsing read library format
[2024-11-04 13:56:18.510] [jointLog] [info] There is 1 library.
[2024-11-04 13:56:18.510] [jointLog] [info] Loading pufferfish index
[2024-11-04 13:56:18.510] [jointLog] [info] Loading dense pufferfish index.
[2024-11-04 13:56:31.016] [jointLog] [info] done
[2024-11-04 13:56:31.040] [jointLog] [info] Index contained 58,185 targets
[2024-11-04 13:56:31.049] [jointLog] [info] Number of decoys : 993
[2024-11-04 13:56:31.049] [jointLog] [info] First decoy index : 57,178 
[2024-11-04 13:56:31.679] [jointLog] [info] Automatically detected most likely library type as ISF

[2024-11-04 14:03:25.884] [jointLog] [info] Thread saw mini-batch with a maximum of 1.76% zero probability fragments
[2024-11-04 14:03:25.930] [jointLog] [info] Thread saw mini-batch with a maximum of 1.82% zero probability fragments
[2024-11-04 14:03:25.936] [jointLog] [info] Thread saw mini-batch with a maximum of 1.88% zero probability fragments
[2024-11-04 14:03:25.947] [jointLog] [info] Thread saw mini-batch with a maximum of 1.68% zero probability fragments
[2024-11-04 14:03:26.006] [jointLog] [info] Thread saw mini-batch with a maximum of 1.72% zero probability fragments
[2024-11-04 14:03:26.014] [jointLog] [info] Thread saw mini-batch with a maximum of 1.74% zero probability fragments
[2024-11-04 14:03:26.052] [jointLog] [info] Thread saw mini-batch with a maximum of 1.62% zero probability fragments
[2024-11-04 14:03:26.127] [jointLog] [info] Thread saw mini-batch with a maximum of 1.78% zero probability fragments
[2024-11-04 14:03:26.188] [jointLog] [info] Computed 97,639 rich equivalence classes for further processing
[2024-11-04 14:03:26.188] [jointLog] [info] Counted 45,776,158 total reads in the equivalence classes 
[2024-11-04 14:03:26.188] [fileLog] [info] 
At end of round 0
==================
Observed 65162973 total fragments (65162973 in most recent round)

[2024-11-04 14:03:26.192] [jointLog] [info] Number of mappings discarded because of alignment score : 39,637,473
[2024-11-04 14:03:26.192] [jointLog] [info] Number of fragments entirely discarded because of alignment score : 5,524,460
[2024-11-04 14:03:26.192] [jointLog] [info] Number of fragments discarded because they are best-mapped to decoys : 4,504,675
[2024-11-04 14:03:26.192] [jointLog] [info] Number of fragments discarded because they have only dovetail (discordant) mappings to valid targets : 135,355
[2024-11-04 14:03:26.192] [jointLog] [info] Mapping rate = 70.2487%

[2024-11-04 14:03:26.192] [jointLog] [info] finished quantifyLibrary()
[2024-11-04 14:03:26.193] [jointLog] [info] Starting optimizer
[2024-11-04 14:03:26.212] [jointLog] [info] Marked 0 weighted equivalence classes as degenerate
[2024-11-04 14:03:26.214] [jointLog] [info] iteration = 0 | max rel diff. = 6475.99
[2024-11-04 14:03:26.436] [jointLog] [info] iteration = 100 | max rel diff. = 13.524
[2024-11-04 14:03:26.658] [jointLog] [info] iteration = 200 | max rel diff. = 3.12441
[2024-11-04 14:03:26.879] [jointLog] [info] iteration = 300 | max rel diff. = 3.77036
[2024-11-04 14:03:27.100] [jointLog] [info] iteration = 400 | max rel diff. = 0.419322
[2024-11-04 14:03:27.321] [jointLog] [info] iteration = 500 | max rel diff. = 0.497094
[2024-11-04 14:03:27.543] [jointLog] [info] iteration = 600 | max rel diff. = 0.278123
[2024-11-04 14:03:27.764] [jointLog] [info] iteration = 700 | max rel diff. = 8.64999
[2024-11-04 14:03:27.985] [jointLog] [info] iteration = 800 | max rel diff. = 0.105816
[2024-11-04 14:03:28.206] [jointLog] [info] iteration = 900 | max rel diff. = 0.0805626
[2024-11-04 14:03:28.392] [jointLog] [info] iteration = 985 | max rel diff. = 0.0083013
[2024-11-04 14:03:28.393] [jointLog] [info] Finished optimizer
[2024-11-04 14:03:28.393] [jointLog] [info] writing output 

[2024-11-04 14:03:28.451] [jointLog] [info] Starting Bootstrapping
[2024-11-04 14:03:28.460] [jointLog] [info] Will draw 100 bootstrap samples
[2024-11-04 14:03:28.460] [jointLog] [info] Optimizing over 97,639 equivalence classes
[2024-11-04 14:03:28.463] [jointLog] [info] Marked 0 weighted equivalence classes as degenerate
[2024-11-04 14:03:39.924] [jointLog] [info] wrote 1 bootstraps
[2024-11-04 14:03:40.188] [jointLog] [info] wrote 2 bootstraps
[2024-11-04 14:03:40.406] [jointLog] [info] wrote 3 bootstraps
[2024-11-04 14:03:40.599] [jointLog] [info] wrote 4 bootstraps
[2024-11-04 14:03:41.478] [jointLog] [info] wrote 5 bootstraps
[2024-11-04 14:03:41.703] [jointLog] [info] wrote 6 bootstraps
[2024-11-04 14:03:42.127] [jointLog] [info] wrote 7 bootstraps
[2024-11-04 14:03:51.701] [jointLog] [info] wrote 8 bootstraps
[2024-11-04 14:03:51.750] [jointLog] [info] wrote 9 bootstraps
[2024-11-04 14:03:52.635] [jointLog] [info] wrote 10 bootstraps
[2024-11-04 14:03:53.340] [jointLog] [info] wrote 11 bootstraps
[2024-11-04 14:03:54.788] [jointLog] [info] wrote 12 bootstraps
[2024-11-04 14:03:55.093] [jointLog] [info] wrote 13 bootstraps
[2024-11-04 14:03:55.264] [jointLog] [info] wrote 14 bootstraps
[2024-11-04 14:04:03.359] [jointLog] [info] wrote 15 bootstraps
[2024-11-04 14:04:04.122] [jointLog] [info] wrote 16 bootstraps
[2024-11-04 14:04:05.062] [jointLog] [info] wrote 17 bootstraps
[2024-11-04 14:04:05.403] [jointLog] [info] wrote 18 bootstraps
[2024-11-04 14:04:06.523] [jointLog] [info] wrote 19 bootstraps
[2024-11-04 14:04:07.777] [jointLog] [info] wrote 20 bootstraps
[2024-11-04 14:04:08.733] [jointLog] [info] wrote 21 bootstraps
[2024-11-04 14:04:16.125] [jointLog] [info] wrote 22 bootstraps
[2024-11-04 14:04:16.297] [jointLog] [info] wrote 23 bootstraps
[2024-11-04 14:04:17.701] [jointLog] [info] wrote 24 bootstraps
[2024-11-04 14:04:18.413] [jointLog] [info] wrote 25 bootstraps
[2024-11-04 14:04:19.181] [jointLog] [info] wrote 26 bootstraps
[2024-11-04 14:04:20.113] [jointLog] [info] wrote 27 bootstraps
[2024-11-04 14:04:21.731] [jointLog] [info] wrote 28 bootstraps
[2024-11-04 14:04:27.922] [jointLog] [info] wrote 29 bootstraps
[2024-11-04 14:04:28.487] [jointLog] [info] wrote 30 bootstraps
[2024-11-04 14:04:30.935] [jointLog] [info] wrote 31 bootstraps
[2024-11-04 14:04:31.166] [jointLog] [info] wrote 32 bootstraps
[2024-11-04 14:04:31.918] [jointLog] [info] wrote 33 bootstraps
[2024-11-04 14:04:33.169] [jointLog] [info] wrote 34 bootstraps
[2024-11-04 14:04:34.484] [jointLog] [info] wrote 35 bootstraps
[2024-11-04 14:04:40.173] [jointLog] [info] wrote 36 bootstraps
[2024-11-04 14:04:41.133] [jointLog] [info] wrote 37 bootstraps
[2024-11-04 14:04:43.530] [jointLog] [info] wrote 38 bootstraps
[2024-11-04 14:04:44.107] [jointLog] [info] wrote 39 bootstraps
[2024-11-04 14:04:45.392] [jointLog] [info] wrote 40 bootstraps
[2024-11-04 14:04:46.002] [jointLog] [info] wrote 41 bootstraps
[2024-11-04 14:04:47.472] [jointLog] [info] wrote 42 bootstraps
[2024-11-04 14:04:51.795] [jointLog] [info] wrote 43 bootstraps
[2024-11-04 14:04:53.120] [jointLog] [info] wrote 44 bootstraps
[2024-11-04 14:04:54.726] [jointLog] [info] wrote 45 bootstraps
[2024-11-04 14:04:57.165] [jointLog] [info] wrote 46 bootstraps
[2024-11-04 14:04:57.551] [jointLog] [info] wrote 47 bootstraps
[2024-11-04 14:04:58.964] [jointLog] [info] wrote 48 bootstraps
[2024-11-04 14:05:00.535] [jointLog] [info] wrote 49 bootstraps
[2024-11-04 14:05:03.815] [jointLog] [info] wrote 50 bootstraps
[2024-11-04 14:05:05.356] [jointLog] [info] wrote 51 bootstraps
[2024-11-04 14:05:06.409] [jointLog] [info] wrote 52 bootstraps
[2024-11-04 14:05:08.304] [jointLog] [info] wrote 53 bootstraps
[2024-11-04 14:05:09.250] [jointLog] [info] wrote 54 bootstraps
[2024-11-04 14:05:12.938] [jointLog] [info] wrote 55 bootstraps
[2024-11-04 14:05:13.010] [jointLog] [info] wrote 56 bootstraps
[2024-11-04 14:05:17.421] [jointLog] [info] wrote 57 bootstraps
[2024-11-04 14:05:18.640] [jointLog] [info] wrote 58 bootstraps
[2024-11-04 14:05:18.934] [jointLog] [info] wrote 59 bootstraps
[2024-11-04 14:05:20.080] [jointLog] [info] wrote 60 bootstraps
[2024-11-04 14:05:21.781] [jointLog] [info] wrote 61 bootstraps
[2024-11-04 14:05:26.197] [jointLog] [info] wrote 62 bootstraps
[2024-11-04 14:05:26.918] [jointLog] [info] wrote 63 bootstraps
[2024-11-04 14:05:31.509] [jointLog] [info] wrote 64 bootstraps
[2024-11-04 14:05:31.528] [jointLog] [info] wrote 65 bootstraps
[2024-11-04 14:05:31.713] [jointLog] [info] wrote 66 bootstraps
[2024-11-04 14:05:32.406] [jointLog] [info] wrote 67 bootstraps
[2024-11-04 14:05:35.507] [jointLog] [info] wrote 68 bootstraps
[2024-11-04 14:05:38.543] [jointLog] [info] wrote 69 bootstraps
[2024-11-04 14:05:39.845] [jointLog] [info] wrote 70 bootstraps
[2024-11-04 14:05:42.326] [jointLog] [info] wrote 71 bootstraps
[2024-11-04 14:05:43.769] [jointLog] [info] wrote 72 bootstraps
[2024-11-04 14:05:43.864] [jointLog] [info] wrote 73 bootstraps
[2024-11-04 14:05:45.559] [jointLog] [info] wrote 74 bootstraps
[2024-11-04 14:05:47.076] [jointLog] [info] wrote 75 bootstraps
[2024-11-04 14:05:50.464] [jointLog] [info] wrote 76 bootstraps
[2024-11-04 14:05:51.868] [jointLog] [info] wrote 77 bootstraps
[2024-11-04 14:05:55.252] [jointLog] [info] wrote 78 bootstraps
[2024-11-04 14:05:57.175] [jointLog] [info] wrote 79 bootstraps
[2024-11-04 14:05:57.556] [jointLog] [info] wrote 80 bootstraps
[2024-11-04 14:05:57.843] [jointLog] [info] wrote 81 bootstraps
[2024-11-04 14:05:58.113] [jointLog] [info] wrote 82 bootstraps
[2024-11-04 14:06:03.371] [jointLog] [info] wrote 83 bootstraps
[2024-11-04 14:06:05.517] [jointLog] [info] wrote 84 bootstraps
[2024-11-04 14:06:08.339] [jointLog] [info] wrote 85 bootstraps
[2024-11-04 14:06:08.588] [jointLog] [info] wrote 86 bootstraps
[2024-11-04 14:06:09.338] [jointLog] [info] wrote 87 bootstraps
[2024-11-04 14:06:10.213] [jointLog] [info] wrote 88 bootstraps
[2024-11-04 14:06:11.002] [jointLog] [info] wrote 89 bootstraps
[2024-11-04 14:06:16.516] [jointLog] [info] wrote 90 bootstraps
[2024-11-04 14:06:19.845] [jointLog] [info] wrote 91 bootstraps
[2024-11-04 14:06:20.388] [jointLog] [info] wrote 92 bootstraps
[2024-11-04 14:06:20.610] [jointLog] [info] wrote 93 bootstraps
[2024-11-04 14:06:23.202] [jointLog] [info] wrote 94 bootstraps
[2024-11-04 14:06:23.369] [jointLog] [info] wrote 95 bootstraps
[2024-11-04 14:06:25.004] [jointLog] [info] wrote 96 bootstraps
[2024-11-04 14:06:30.114] [jointLog] [info] wrote 97 bootstraps
[2024-11-04 14:06:32.121] [jointLog] [info] wrote 98 bootstraps
[2024-11-04 14:06:32.684] [jointLog] [info] wrote 99 bootstraps
[2024-11-04 14:06:33.736] [jointLog] [info] wrote 100 bootstraps
[2024-11-04 14:06:33.740] [jointLog] [info] Finished Bootstrapping
