[2024-11-04 13:55:28.617] [jointLog] [info] setting maxHashResizeThreads to 8
[2024-11-04 13:55:28.617] [jointLog] [info] Fragment incompatibility prior below threshold.  Incompatible fragments will be ignored.
[2024-11-04 13:55:28.617] [jointLog] [info] Usage of --validateMappings implies use of minScoreFraction. Since not explicitly specified, it is being set to 0.65
[2024-11-04 13:55:28.617] [jointLog] [info] Setting consensusSlack to selective-alignment default of 0.35.
[2024-11-04 13:55:28.617] [jointLog] [info] parsing read library format
[2024-11-04 13:55:28.617] [jointLog] [info] There is 1 library.
[2024-11-04 13:55:28.618] [jointLog] [info] Loading pufferfish index
[2024-11-04 13:55:28.618] [jointLog] [info] Loading dense pufferfish index.
[2024-11-04 13:55:41.057] [jointLog] [info] done
[2024-11-04 13:55:41.084] [jointLog] [info] Index contained 58,185 targets
[2024-11-04 13:55:41.093] [jointLog] [info] Number of decoys : 993
[2024-11-04 13:55:41.093] [jointLog] [info] First decoy index : 57,178 
[2024-11-04 13:55:41.746] [jointLog] [info] Automatically detected most likely library type as ISF

[2024-11-04 14:02:25.809] [jointLog] [info] Thread saw mini-batch with a maximum of 2.00% zero probability fragments
[2024-11-04 14:02:25.820] [jointLog] [info] Thread saw mini-batch with a maximum of 1.88% zero probability fragments
[2024-11-04 14:02:25.826] [jointLog] [info] Thread saw mini-batch with a maximum of 1.92% zero probability fragments
[2024-11-04 14:02:25.831] [jointLog] [info] Thread saw mini-batch with a maximum of 2.02% zero probability fragments
[2024-11-04 14:02:25.915] [jointLog] [info] Thread saw mini-batch with a maximum of 2.14% zero probability fragments
[2024-11-04 14:02:25.952] [jointLog] [info] Thread saw mini-batch with a maximum of 2.18% zero probability fragments
[2024-11-04 14:02:25.963] [jointLog] [info] Thread saw mini-batch with a maximum of 1.94% zero probability fragments
[2024-11-04 14:02:25.989] [jointLog] [info] Thread saw mini-batch with a maximum of 1.90% zero probability fragments
[2024-11-04 14:02:26.054] [jointLog] [info] Computed 107,568 rich equivalence classes for further processing
[2024-11-04 14:02:26.054] [jointLog] [info] Counted 42,561,185 total reads in the equivalence classes 
[2024-11-04 14:02:26.058] [jointLog] [info] Number of mappings discarded because of alignment score : 34,368,070
[2024-11-04 14:02:26.058] [jointLog] [info] Number of fragments entirely discarded because of alignment score : 4,919,418
[2024-11-04 14:02:26.058] [jointLog] [info] Number of fragments discarded because they are best-mapped to decoys : 3,907,230
[2024-11-04 14:02:26.058] [jointLog] [info] Number of fragments discarded because they have only dovetail (discordant) mappings to valid targets : 119,948
[2024-11-04 14:02:26.058] [jointLog] [info] Mapping rate = 71.0118%

[2024-11-04 14:02:26.058] [jointLog] [info] finished quantifyLibrary()
[2024-11-04 14:02:26.058] [jointLog] [info] Starting optimizer
[2024-11-04 14:02:26.079] [jointLog] [info] Marked 0 weighted equivalence classes as degenerate
[2024-11-04 14:02:26.082] [jointLog] [info] iteration = 0 | max rel diff. = 10710.9
[2024-11-04 14:02:26.325] [jointLog] [info] iteration = 100 | max rel diff. = 13.5329
[2024-11-04 14:02:26.054] [fileLog] [info] 
At end of round 0
==================
Observed 59935344 total fragments (59935344 in most recent round)

[2024-11-04 14:02:26.573] [jointLog] [info] iteration = 200 | max rel diff. = 0.597159
[2024-11-04 14:02:26.820] [jointLog] [info] iteration = 300 | max rel diff. = 0.303348
[2024-11-04 14:02:27.066] [jointLog] [info] iteration = 400 | max rel diff. = 0.757241
[2024-11-04 14:02:27.313] [jointLog] [info] iteration = 500 | max rel diff. = 0.713348
[2024-11-04 14:02:27.559] [jointLog] [info] iteration = 600 | max rel diff. = 0.103477
[2024-11-04 14:02:27.804] [jointLog] [info] iteration = 700 | max rel diff. = 0.0366833
[2024-11-04 14:02:28.049] [jointLog] [info] iteration = 800 | max rel diff. = 0.119337
[2024-11-04 14:02:28.294] [jointLog] [info] iteration = 900 | max rel diff. = 0.0733993
[2024-11-04 14:02:28.538] [jointLog] [info] iteration = 1,000 | max rel diff. = 0.102557
[2024-11-04 14:02:28.782] [jointLog] [info] iteration = 1,100 | max rel diff. = 0.0222604
[2024-11-04 14:02:28.889] [jointLog] [info] iteration = 1,145 | max rel diff. = 0.00423716
[2024-11-04 14:02:28.890] [jointLog] [info] Finished optimizer
[2024-11-04 14:02:28.890] [jointLog] [info] writing output 

[2024-11-04 14:02:28.948] [jointLog] [info] Starting Bootstrapping
[2024-11-04 14:02:28.958] [jointLog] [info] Will draw 100 bootstrap samples
[2024-11-04 14:02:28.958] [jointLog] [info] Optimizing over 107,568 equivalence classes
[2024-11-04 14:02:28.962] [jointLog] [info] Marked 0 weighted equivalence classes as degenerate
[2024-11-04 14:02:40.662] [jointLog] [info] wrote 1 bootstraps
[2024-11-04 14:02:41.226] [jointLog] [info] wrote 2 bootstraps
[2024-11-04 14:02:42.430] [jointLog] [info] wrote 3 bootstraps
[2024-11-04 14:02:42.460] [jointLog] [info] wrote 4 bootstraps
[2024-11-04 14:02:42.705] [jointLog] [info] wrote 5 bootstraps
[2024-11-04 14:02:43.168] [jointLog] [info] wrote 6 bootstraps
[2024-11-04 14:02:43.387] [jointLog] [info] wrote 7 bootstraps
[2024-11-04 14:02:54.173] [jointLog] [info] wrote 8 bootstraps
[2024-11-04 14:02:54.191] [jointLog] [info] wrote 9 bootstraps
[2024-11-04 14:02:54.553] [jointLog] [info] wrote 10 bootstraps
[2024-11-04 14:02:54.937] [jointLog] [info] wrote 11 bootstraps
[2024-11-04 14:02:55.598] [jointLog] [info] wrote 12 bootstraps
[2024-11-04 14:02:57.007] [jointLog] [info] wrote 13 bootstraps
[2024-11-04 14:02:59.072] [jointLog] [info] wrote 14 bootstraps
[2024-11-04 14:03:08.077] [jointLog] [info] wrote 15 bootstraps
[2024-11-04 14:03:08.598] [jointLog] [info] wrote 16 bootstraps
[2024-11-04 14:03:09.552] [jointLog] [info] wrote 17 bootstraps
[2024-11-04 14:03:10.676] [jointLog] [info] wrote 18 bootstraps
[2024-11-04 14:03:10.754] [jointLog] [info] wrote 19 bootstraps
[2024-11-04 14:03:11.144] [jointLog] [info] wrote 20 bootstraps
[2024-11-04 14:03:12.120] [jointLog] [info] wrote 21 bootstraps
[2024-11-04 14:03:21.561] [jointLog] [info] wrote 22 bootstraps
[2024-11-04 14:03:22.002] [jointLog] [info] wrote 23 bootstraps
[2024-11-04 14:03:22.450] [jointLog] [info] wrote 24 bootstraps
[2024-11-04 14:03:24.373] [jointLog] [info] wrote 25 bootstraps
[2024-11-04 14:03:24.921] [jointLog] [info] wrote 26 bootstraps
[2024-11-04 14:03:25.021] [jointLog] [info] wrote 27 bootstraps
[2024-11-04 14:03:27.800] [jointLog] [info] wrote 28 bootstraps
[2024-11-04 14:03:34.064] [jointLog] [info] wrote 29 bootstraps
[2024-11-04 14:03:34.906] [jointLog] [info] wrote 30 bootstraps
[2024-11-04 14:03:36.409] [jointLog] [info] wrote 31 bootstraps
[2024-11-04 14:03:37.765] [jointLog] [info] wrote 32 bootstraps
[2024-11-04 14:03:38.738] [jointLog] [info] wrote 33 bootstraps
[2024-11-04 14:03:39.063] [jointLog] [info] wrote 34 bootstraps
[2024-11-04 14:03:41.993] [jointLog] [info] wrote 35 bootstraps
[2024-11-04 14:03:45.696] [jointLog] [info] wrote 36 bootstraps
[2024-11-04 14:03:46.124] [jointLog] [info] wrote 37 bootstraps
[2024-11-04 14:03:49.101] [jointLog] [info] wrote 38 bootstraps
[2024-11-04 14:03:51.292] [jointLog] [info] wrote 39 bootstraps
[2024-11-04 14:03:52.428] [jointLog] [info] wrote 40 bootstraps
[2024-11-04 14:03:54.108] [jointLog] [info] wrote 41 bootstraps
[2024-11-04 14:03:55.242] [jointLog] [info] wrote 42 bootstraps
[2024-11-04 14:03:57.350] [jointLog] [info] wrote 43 bootstraps
[2024-11-04 14:03:57.395] [jointLog] [info] wrote 44 bootstraps
[2024-11-04 14:04:00.325] [jointLog] [info] wrote 45 bootstraps
[2024-11-04 14:04:04.583] [jointLog] [info] wrote 46 bootstraps
[2024-11-04 14:04:06.685] [jointLog] [info] wrote 47 bootstraps
[2024-11-04 14:04:07.446] [jointLog] [info] wrote 48 bootstraps
[2024-11-04 14:04:08.638] [jointLog] [info] wrote 49 bootstraps
[2024-11-04 14:04:09.343] [jointLog] [info] wrote 50 bootstraps
[2024-11-04 14:04:11.386] [jointLog] [info] wrote 51 bootstraps
[2024-11-04 14:04:12.846] [jointLog] [info] wrote 52 bootstraps
[2024-11-04 14:04:16.300] [jointLog] [info] wrote 53 bootstraps
[2024-11-04 14:04:19.172] [jointLog] [info] wrote 54 bootstraps
[2024-11-04 14:04:22.118] [jointLog] [info] wrote 55 bootstraps
[2024-11-04 14:04:22.163] [jointLog] [info] wrote 56 bootstraps
[2024-11-04 14:04:22.789] [jointLog] [info] wrote 57 bootstraps
[2024-11-04 14:04:24.792] [jointLog] [info] wrote 58 bootstraps
[2024-11-04 14:04:27.041] [jointLog] [info] wrote 59 bootstraps
[2024-11-04 14:04:27.887] [jointLog] [info] wrote 60 bootstraps
[2024-11-04 14:04:30.793] [jointLog] [info] wrote 61 bootstraps
[2024-11-04 14:04:34.592] [jointLog] [info] wrote 62 bootstraps
[2024-11-04 14:04:35.438] [jointLog] [info] wrote 63 bootstraps
[2024-11-04 14:04:37.292] [jointLog] [info] wrote 64 bootstraps
[2024-11-04 14:04:38.457] [jointLog] [info] wrote 65 bootstraps
[2024-11-04 14:04:39.547] [jointLog] [info] wrote 66 bootstraps
[2024-11-04 14:04:42.036] [jointLog] [info] wrote 67 bootstraps
[2024-11-04 14:04:42.072] [jointLog] [info] wrote 68 bootstraps
[2024-11-04 14:04:45.932] [jointLog] [info] wrote 69 bootstraps
[2024-11-04 14:04:46.424] [jointLog] [info] wrote 70 bootstraps
[2024-11-04 14:04:49.517] [jointLog] [info] wrote 71 bootstraps
[2024-11-04 14:04:50.834] [jointLog] [info] wrote 72 bootstraps
[2024-11-04 14:04:54.854] [jointLog] [info] wrote 73 bootstraps
[2024-11-04 14:04:54.926] [jointLog] [info] wrote 74 bootstraps
[2024-11-04 14:04:55.864] [jointLog] [info] wrote 75 bootstraps
[2024-11-04 14:04:58.903] [jointLog] [info] wrote 76 bootstraps
[2024-11-04 14:05:00.628] [jointLog] [info] wrote 77 bootstraps
[2024-11-04 14:05:03.894] [jointLog] [info] wrote 78 bootstraps
[2024-11-04 14:05:05.875] [jointLog] [info] wrote 79 bootstraps
[2024-11-04 14:05:06.051] [jointLog] [info] wrote 80 bootstraps
[2024-11-04 14:05:06.641] [jointLog] [info] wrote 81 bootstraps
[2024-11-04 14:05:08.680] [jointLog] [info] wrote 82 bootstraps
[2024-11-04 14:05:12.346] [jointLog] [info] wrote 83 bootstraps
[2024-11-04 14:05:12.823] [jointLog] [info] wrote 84 bootstraps
[2024-11-04 14:05:15.201] [jointLog] [info] wrote 85 bootstraps
[2024-11-04 14:05:18.160] [jointLog] [info] wrote 86 bootstraps
[2024-11-04 14:05:18.803] [jointLog] [info] wrote 87 bootstraps
[2024-11-04 14:05:22.161] [jointLog] [info] wrote 88 bootstraps
[2024-11-04 14:05:23.464] [jointLog] [info] wrote 89 bootstraps
[2024-11-04 14:05:24.533] [jointLog] [info] wrote 90 bootstraps
[2024-11-04 14:05:25.498] [jointLog] [info] wrote 91 bootstraps
[2024-11-04 14:05:29.820] [jointLog] [info] wrote 92 bootstraps
[2024-11-04 14:05:30.311] [jointLog] [info] wrote 93 bootstraps
[2024-11-04 14:05:31.998] [jointLog] [info] wrote 94 bootstraps
[2024-11-04 14:05:34.864] [jointLog] [info] wrote 95 bootstraps
[2024-11-04 14:05:37.266] [jointLog] [info] wrote 96 bootstraps
[2024-11-04 14:05:37.406] [jointLog] [info] wrote 97 bootstraps
[2024-11-04 14:05:37.766] [jointLog] [info] wrote 98 bootstraps
[2024-11-04 14:05:41.794] [jointLog] [info] wrote 99 bootstraps
[2024-11-04 14:05:43.486] [jointLog] [info] wrote 100 bootstraps
[2024-11-04 14:05:43.490] [jointLog] [info] Finished Bootstrapping
