[2024-11-04 13:56:13.534] [jointLog] [info] setting maxHashResizeThreads to 8
[2024-11-04 13:56:13.534] [jointLog] [info] Fragment incompatibility prior below threshold.  Incompatible fragments will be ignored.
[2024-11-04 13:56:13.534] [jointLog] [info] Usage of --validateMappings implies use of minScoreFraction. Since not explicitly specified, it is being set to 0.65
[2024-11-04 13:56:13.534] [jointLog] [info] Setting consensusSlack to selective-alignment default of 0.35.
[2024-11-04 13:56:13.534] [jointLog] [info] parsing read library format
[2024-11-04 13:56:13.534] [jointLog] [info] There is 1 library.
[2024-11-04 13:56:13.534] [jointLog] [info] Loading pufferfish index
[2024-11-04 13:56:13.535] [jointLog] [info] Loading dense pufferfish index.
[2024-11-04 13:56:26.578] [jointLog] [info] done
[2024-11-04 13:56:26.606] [jointLog] [info] Index contained 58,185 targets
[2024-11-04 13:56:26.615] [jointLog] [info] Number of decoys : 993
[2024-11-04 13:56:26.615] [jointLog] [info] First decoy index : 57,178 
[2024-11-04 13:56:27.280] [jointLog] [info] Automatically detected most likely library type as ISF

[2024-11-04 14:05:06.803] [jointLog] [info] Thread saw mini-batch with a maximum of 1.72% zero probability fragments
[2024-11-04 14:05:06.806] [jointLog] [info] Thread saw mini-batch with a maximum of 1.74% zero probability fragments
[2024-11-04 14:05:06.808] [jointLog] [info] Thread saw mini-batch with a maximum of 1.72% zero probability fragments
[2024-11-04 14:05:06.871] [jointLog] [info] Thread saw mini-batch with a maximum of 1.90% zero probability fragments
[2024-11-04 14:05:06.947] [jointLog] [info] Thread saw mini-batch with a maximum of 1.68% zero probability fragments
[2024-11-04 14:05:06.996] [jointLog] [info] Thread saw mini-batch with a maximum of 1.72% zero probability fragments
[2024-11-04 14:05:07.019] [jointLog] [info] Thread saw mini-batch with a maximum of 1.76% zero probability fragments
[2024-11-04 14:05:07.058] [jointLog] [info] Thread saw mini-batch with a maximum of 1.80% zero probability fragments
[2024-11-04 14:05:07.131] [jointLog] [info] Computed 128,836 rich equivalence classes for further processing
[2024-11-04 14:05:07.131] [jointLog] [info] Counted 54,417,075 total reads in the equivalence classes 
[2024-11-04 14:05:07.136] [jointLog] [info] Number of mappings discarded because of alignment score : 38,781,821
[2024-11-04 14:05:07.136] [jointLog] [info] Number of fragments entirely discarded because of alignment score : 6,068,291
[2024-11-04 14:05:07.136] [jointLog] [info] Number of fragments discarded because they are best-mapped to decoys : 4,741,622
[2024-11-04 14:05:07.136] [jointLog] [info] Number of fragments discarded because they have only dovetail (discordant) mappings to valid targets : 151,536
[2024-11-04 14:05:07.136] [jointLog] [info] Mapping rate = 72.5373%

[2024-11-04 14:05:07.136] [jointLog] [info] finished quantifyLibrary()
[2024-11-04 14:05:07.136] [jointLog] [info] Starting optimizer
[2024-11-04 14:05:07.167] [jointLog] [info] Marked 0 weighted equivalence classes as degenerate
[2024-11-04 14:05:07.170] [jointLog] [info] iteration = 0 | max rel diff. = 93.9772
[2024-11-04 14:05:07.132] [fileLog] [info] 
At end of round 0
==================
Observed 75019388 total fragments (75019388 in most recent round)

[2024-11-04 14:05:07.464] [jointLog] [info] iteration = 100 | max rel diff. = 8.62348
[2024-11-04 14:05:07.757] [jointLog] [info] iteration = 200 | max rel diff. = 2.09874
[2024-11-04 14:05:08.049] [jointLog] [info] iteration = 300 | max rel diff. = 0.354242
[2024-11-04 14:05:08.342] [jointLog] [info] iteration = 400 | max rel diff. = 2.61509
[2024-11-04 14:05:08.634] [jointLog] [info] iteration = 500 | max rel diff. = 0.24585
[2024-11-04 14:05:08.927] [jointLog] [info] iteration = 600 | max rel diff. = 0.234644
[2024-11-04 14:05:09.220] [jointLog] [info] iteration = 700 | max rel diff. = 0.0455311
[2024-11-04 14:05:09.513] [jointLog] [info] iteration = 800 | max rel diff. = 2.94166
[2024-11-04 14:05:09.806] [jointLog] [info] iteration = 900 | max rel diff. = 0.0175513
[2024-11-04 14:05:10.099] [jointLog] [info] iteration = 1,000 | max rel diff. = 0.0621483
[2024-11-04 14:05:10.396] [jointLog] [info] iteration = 1,100 | max rel diff. = 0.0117076
[2024-11-04 14:05:10.688] [jointLog] [info] iteration = 1,200 | max rel diff. = 0.325447
[2024-11-04 14:05:10.981] [jointLog] [info] iteration = 1,300 | max rel diff. = 0.0975096
[2024-11-04 14:05:11.100] [jointLog] [info] iteration = 1,342 | max rel diff. = 0.00446503
[2024-11-04 14:05:11.102] [jointLog] [info] Finished optimizer
[2024-11-04 14:05:11.102] [jointLog] [info] writing output 

[2024-11-04 14:05:11.162] [jointLog] [info] Starting Bootstrapping
[2024-11-04 14:05:11.174] [jointLog] [info] Will draw 100 bootstrap samples
[2024-11-04 14:05:11.174] [jointLog] [info] Optimizing over 128,836 equivalence classes
[2024-11-04 14:05:11.179] [jointLog] [info] Marked 0 weighted equivalence classes as degenerate
[2024-11-04 14:05:26.405] [jointLog] [info] wrote 1 bootstraps
[2024-11-04 14:05:27.616] [jointLog] [info] wrote 2 bootstraps
[2024-11-04 14:05:27.658] [jointLog] [info] wrote 3 bootstraps
[2024-11-04 14:05:28.197] [jointLog] [info] wrote 4 bootstraps
[2024-11-04 14:05:28.392] [jointLog] [info] wrote 5 bootstraps
[2024-11-04 14:05:28.436] [jointLog] [info] wrote 6 bootstraps
[2024-11-04 14:05:28.730] [jointLog] [info] wrote 7 bootstraps
[2024-11-04 14:05:43.322] [jointLog] [info] wrote 8 bootstraps
[2024-11-04 14:05:43.845] [jointLog] [info] wrote 9 bootstraps
[2024-11-04 14:05:44.088] [jointLog] [info] wrote 10 bootstraps
[2024-11-04 14:05:45.239] [jointLog] [info] wrote 11 bootstraps
[2024-11-04 14:05:45.306] [jointLog] [info] wrote 12 bootstraps
[2024-11-04 14:05:45.492] [jointLog] [info] wrote 13 bootstraps
[2024-11-04 14:05:46.634] [jointLog] [info] wrote 14 bootstraps
[2024-11-04 14:05:57.015] [jointLog] [info] wrote 15 bootstraps
[2024-11-04 14:05:59.687] [jointLog] [info] wrote 16 bootstraps
[2024-11-04 14:06:00.296] [jointLog] [info] wrote 17 bootstraps
[2024-11-04 14:06:01.672] [jointLog] [info] wrote 18 bootstraps
[2024-11-04 14:06:01.750] [jointLog] [info] wrote 19 bootstraps
[2024-11-04 14:06:02.737] [jointLog] [info] wrote 20 bootstraps
[2024-11-04 14:06:03.515] [jointLog] [info] wrote 21 bootstraps
[2024-11-04 14:06:14.417] [jointLog] [info] wrote 22 bootstraps
[2024-11-04 14:06:17.252] [jointLog] [info] wrote 23 bootstraps
[2024-11-04 14:06:17.636] [jointLog] [info] wrote 24 bootstraps
[2024-11-04 14:06:18.380] [jointLog] [info] wrote 25 bootstraps
[2024-11-04 14:06:19.469] [jointLog] [info] wrote 26 bootstraps
[2024-11-04 14:06:20.009] [jointLog] [info] wrote 27 bootstraps
[2024-11-04 14:06:20.403] [jointLog] [info] wrote 28 bootstraps
[2024-11-04 14:06:31.757] [jointLog] [info] wrote 29 bootstraps
[2024-11-04 14:06:34.990] [jointLog] [info] wrote 30 bootstraps
[2024-11-04 14:06:35.294] [jointLog] [info] wrote 31 bootstraps
[2024-11-04 14:06:35.521] [jointLog] [info] wrote 32 bootstraps
[2024-11-04 14:06:36.420] [jointLog] [info] wrote 33 bootstraps
[2024-11-04 14:06:37.062] [jointLog] [info] wrote 34 bootstraps
[2024-11-04 14:06:37.859] [jointLog] [info] wrote 35 bootstraps
[2024-11-04 14:06:48.181] [jointLog] [info] wrote 36 bootstraps
[2024-11-04 14:06:51.383] [jointLog] [info] wrote 37 bootstraps
[2024-11-04 14:06:52.228] [jointLog] [info] wrote 38 bootstraps
[2024-11-04 14:06:52.468] [jointLog] [info] wrote 39 bootstraps
[2024-11-04 14:06:53.624] [jointLog] [info] wrote 40 bootstraps
[2024-11-04 14:06:55.151] [jointLog] [info] wrote 41 bootstraps
[2024-11-04 14:06:56.734] [jointLog] [info] wrote 42 bootstraps
[2024-11-04 14:07:06.551] [jointLog] [info] wrote 43 bootstraps
[2024-11-04 14:07:07.099] [jointLog] [info] wrote 44 bootstraps
[2024-11-04 14:07:09.378] [jointLog] [info] wrote 45 bootstraps
[2024-11-04 14:07:10.007] [jointLog] [info] wrote 46 bootstraps
[2024-11-04 14:07:10.204] [jointLog] [info] wrote 47 bootstraps
[2024-11-04 14:07:13.949] [jointLog] [info] wrote 48 bootstraps
[2024-11-04 14:07:14.721] [jointLog] [info] wrote 49 bootstraps
[2024-11-04 14:07:24.164] [jointLog] [info] wrote 50 bootstraps
[2024-11-04 14:07:25.787] [jointLog] [info] wrote 51 bootstraps
[2024-11-04 14:07:27.063] [jointLog] [info] wrote 52 bootstraps
[2024-11-04 14:07:27.602] [jointLog] [info] wrote 53 bootstraps
[2024-11-04 14:07:27.861] [jointLog] [info] wrote 54 bootstraps
[2024-11-04 14:07:31.140] [jointLog] [info] wrote 55 bootstraps
[2024-11-04 14:07:32.273] [jointLog] [info] wrote 56 bootstraps
[2024-11-04 14:07:41.176] [jointLog] [info] wrote 57 bootstraps
[2024-11-04 14:07:43.186] [jointLog] [info] wrote 58 bootstraps
[2024-11-04 14:07:43.814] [jointLog] [info] wrote 59 bootstraps
[2024-11-04 14:07:44.181] [jointLog] [info] wrote 60 bootstraps
[2024-11-04 14:07:44.514] [jointLog] [info] wrote 61 bootstraps
[2024-11-04 14:07:48.734] [jointLog] [info] wrote 62 bootstraps
[2024-11-04 14:07:51.434] [jointLog] [info] wrote 63 bootstraps
[2024-11-04 14:07:59.716] [jointLog] [info] wrote 64 bootstraps
[2024-11-04 14:07:59.881] [jointLog] [info] wrote 65 bootstraps
[2024-11-04 14:08:00.121] [jointLog] [info] wrote 66 bootstraps
[2024-11-04 14:08:00.917] [jointLog] [info] wrote 67 bootstraps
[2024-11-04 14:08:01.142] [jointLog] [info] wrote 68 bootstraps
[2024-11-04 14:08:05.201] [jointLog] [info] wrote 69 bootstraps
[2024-11-04 14:08:06.441] [jointLog] [info] wrote 70 bootstraps
[2024-11-04 14:08:15.508] [jointLog] [info] wrote 71 bootstraps
[2024-11-04 14:08:15.686] [jointLog] [info] wrote 72 bootstraps
[2024-11-04 14:08:16.133] [jointLog] [info] wrote 73 bootstraps
[2024-11-04 14:08:17.956] [jointLog] [info] wrote 74 bootstraps
[2024-11-04 14:08:18.806] [jointLog] [info] wrote 75 bootstraps
[2024-11-04 14:08:22.049] [jointLog] [info] wrote 76 bootstraps
[2024-11-04 14:08:22.538] [jointLog] [info] wrote 77 bootstraps
[2024-11-04 14:08:31.879] [jointLog] [info] wrote 78 bootstraps
[2024-11-04 14:08:31.901] [jointLog] [info] wrote 79 bootstraps
[2024-11-04 14:08:32.837] [jointLog] [info] wrote 80 bootstraps
[2024-11-04 14:08:34.260] [jointLog] [info] wrote 81 bootstraps
[2024-11-04 14:08:36.673] [jointLog] [info] wrote 82 bootstraps
[2024-11-04 14:08:38.190] [jointLog] [info] wrote 83 bootstraps
[2024-11-04 14:08:38.399] [jointLog] [info] wrote 84 bootstraps
[2024-11-04 14:08:46.981] [jointLog] [info] wrote 85 bootstraps
[2024-11-04 14:08:47.704] [jointLog] [info] wrote 86 bootstraps
[2024-11-04 14:08:47.968] [jointLog] [info] wrote 87 bootstraps
[2024-11-04 14:08:50.815] [jointLog] [info] wrote 88 bootstraps
[2024-11-04 14:08:51.389] [jointLog] [info] wrote 89 bootstraps
[2024-11-04 14:08:53.113] [jointLog] [info] wrote 90 bootstraps
[2024-11-04 14:08:56.179] [jointLog] [info] wrote 91 bootstraps
[2024-11-04 14:09:02.267] [jointLog] [info] wrote 92 bootstraps
[2024-11-04 14:09:04.045] [jointLog] [info] wrote 93 bootstraps
[2024-11-04 14:09:04.334] [jointLog] [info] wrote 94 bootstraps
[2024-11-04 14:09:05.935] [jointLog] [info] wrote 95 bootstraps
[2024-11-04 14:09:06.810] [jointLog] [info] wrote 96 bootstraps
[2024-11-04 14:09:08.902] [jointLog] [info] wrote 97 bootstraps
[2024-11-04 14:09:11.505] [jointLog] [info] wrote 98 bootstraps
[2024-11-04 14:09:18.280] [jointLog] [info] wrote 99 bootstraps
[2024-11-04 14:09:20.094] [jointLog] [info] wrote 100 bootstraps
[2024-11-04 14:09:20.099] [jointLog] [info] Finished Bootstrapping
