[2024-11-04 13:55:28.610] [jointLog] [info] setting maxHashResizeThreads to 8
[2024-11-04 13:55:28.610] [jointLog] [info] Fragment incompatibility prior below threshold.  Incompatible fragments will be ignored.
[2024-11-04 13:55:28.610] [jointLog] [info] Usage of --validateMappings implies use of minScoreFraction. Since not explicitly specified, it is being set to 0.65
[2024-11-04 13:55:28.610] [jointLog] [info] Setting consensusSlack to selective-alignment default of 0.35.
[2024-11-04 13:55:28.610] [jointLog] [info] parsing read library format
[2024-11-04 13:55:28.610] [jointLog] [info] There is 1 library.
[2024-11-04 13:55:28.611] [jointLog] [info] Loading pufferfish index
[2024-11-04 13:55:28.611] [jointLog] [info] Loading dense pufferfish index.
[2024-11-04 13:55:41.057] [jointLog] [info] done
[2024-11-04 13:55:41.084] [jointLog] [info] Index contained 58,185 targets
[2024-11-04 13:55:41.093] [jointLog] [info] Number of decoys : 993
[2024-11-04 13:55:41.093] [jointLog] [info] First decoy index : 57,178 
[2024-11-04 13:55:41.709] [jointLog] [info] Automatically detected most likely library type as ISF

[2024-11-04 14:08:53.192] [jointLog] [info] Thread saw mini-batch with a maximum of 1.72% zero probability fragments
[2024-11-04 14:08:53.206] [jointLog] [info] Thread saw mini-batch with a maximum of 1.84% zero probability fragments
[2024-11-04 14:08:53.222] [jointLog] [info] Thread saw mini-batch with a maximum of 1.78% zero probability fragments
[2024-11-04 14:08:53.243] [jointLog] [info] Thread saw mini-batch with a maximum of 1.78% zero probability fragments
[2024-11-04 14:08:53.275] [jointLog] [info] Thread saw mini-batch with a maximum of 1.76% zero probability fragments
[2024-11-04 14:08:53.316] [jointLog] [info] Thread saw mini-batch with a maximum of 1.72% zero probability fragments
[2024-11-04 14:08:53.343] [jointLog] [info] Thread saw mini-batch with a maximum of 1.78% zero probability fragments
[2024-11-04 14:08:53.385] [jointLog] [info] Thread saw mini-batch with a maximum of 1.80% zero probability fragments
[2024-11-04 14:08:53.468] [jointLog] [info] Computed 141,934 rich equivalence classes for further processing
[2024-11-04 14:08:53.468] [jointLog] [info] Counted 80,672,242 total reads in the equivalence classes 
[2024-11-04 14:08:53.472] [jointLog] [info] Number of mappings discarded because of alignment score : 63,384,981
[2024-11-04 14:08:53.472] [jointLog] [info] Number of fragments entirely discarded because of alignment score : 9,571,950
[2024-11-04 14:08:53.472] [jointLog] [info] Number of fragments discarded because they are best-mapped to decoys : 7,529,359
[2024-11-04 14:08:53.472] [jointLog] [info] Number of fragments discarded because they have only dovetail (discordant) mappings to valid targets : 237,661
[2024-11-04 14:08:53.472] [jointLog] [info] Mapping rate = 70.6214%

[2024-11-04 14:08:53.472] [jointLog] [info] finished quantifyLibrary()
[2024-11-04 14:08:53.472] [jointLog] [info] Starting optimizer
[2024-11-04 14:08:53.494] [jointLog] [info] Marked 0 weighted equivalence classes as degenerate
[2024-11-04 14:08:53.497] [jointLog] [info] iteration = 0 | max rel diff. = 137.529
[2024-11-04 14:08:53.468] [fileLog] [info] 
At end of round 0
==================
Observed 114231949 total fragments (114231949 in most recent round)

[2024-11-04 14:08:53.786] [jointLog] [info] iteration = 100 | max rel diff. = 1.04817
[2024-11-04 14:08:54.074] [jointLog] [info] iteration = 200 | max rel diff. = 5.7876
[2024-11-04 14:08:54.363] [jointLog] [info] iteration = 300 | max rel diff. = 0.34456
[2024-11-04 14:08:54.651] [jointLog] [info] iteration = 400 | max rel diff. = 8.25452
[2024-11-04 14:08:54.939] [jointLog] [info] iteration = 500 | max rel diff. = 4.03697
[2024-11-04 14:08:55.227] [jointLog] [info] iteration = 600 | max rel diff. = 0.0852421
[2024-11-04 14:08:55.515] [jointLog] [info] iteration = 700 | max rel diff. = 0.0559625
[2024-11-04 14:08:55.803] [jointLog] [info] iteration = 800 | max rel diff. = 0.239627
[2024-11-04 14:08:56.092] [jointLog] [info] iteration = 900 | max rel diff. = 0.104015
[2024-11-04 14:08:56.380] [jointLog] [info] iteration = 1,000 | max rel diff. = 0.0600981
[2024-11-04 14:08:56.668] [jointLog] [info] iteration = 1,100 | max rel diff. = 0.0283574
[2024-11-04 14:08:56.955] [jointLog] [info] iteration = 1,200 | max rel diff. = 0.0260714
[2024-11-04 14:08:57.071] [jointLog] [info] iteration = 1,241 | max rel diff. = 0.00819648
[2024-11-04 14:08:57.072] [jointLog] [info] Finished optimizer
[2024-11-04 14:08:57.072] [jointLog] [info] writing output 

[2024-11-04 14:08:57.135] [jointLog] [info] Starting Bootstrapping
[2024-11-04 14:08:57.146] [jointLog] [info] Will draw 100 bootstrap samples
[2024-11-04 14:08:57.146] [jointLog] [info] Optimizing over 141,934 equivalence classes
[2024-11-04 14:08:57.150] [jointLog] [info] Marked 0 weighted equivalence classes as degenerate
[2024-11-04 14:09:16.771] [jointLog] [info] wrote 1 bootstraps
[2024-11-04 14:09:17.039] [jointLog] [info] wrote 2 bootstraps
[2024-11-04 14:09:17.835] [jointLog] [info] wrote 3 bootstraps
[2024-11-04 14:09:18.259] [jointLog] [info] wrote 4 bootstraps
[2024-11-04 14:09:19.685] [jointLog] [info] wrote 5 bootstraps
[2024-11-04 14:09:19.747] [jointLog] [info] wrote 6 bootstraps
[2024-11-04 14:09:20.274] [jointLog] [info] wrote 7 bootstraps
[2024-11-04 14:09:35.370] [jointLog] [info] wrote 8 bootstraps
[2024-11-04 14:09:37.854] [jointLog] [info] wrote 9 bootstraps
[2024-11-04 14:09:39.236] [jointLog] [info] wrote 10 bootstraps
[2024-11-04 14:09:39.634] [jointLog] [info] wrote 11 bootstraps
[2024-11-04 14:09:39.672] [jointLog] [info] wrote 12 bootstraps
[2024-11-04 14:09:41.194] [jointLog] [info] wrote 13 bootstraps
[2024-11-04 14:09:42.267] [jointLog] [info] wrote 14 bootstraps
[2024-11-04 14:09:55.270] [jointLog] [info] wrote 15 bootstraps
[2024-11-04 14:09:56.777] [jointLog] [info] wrote 16 bootstraps
[2024-11-04 14:09:57.483] [jointLog] [info] wrote 17 bootstraps
[2024-11-04 14:09:59.430] [jointLog] [info] wrote 18 bootstraps
[2024-11-04 14:10:00.166] [jointLog] [info] wrote 19 bootstraps
[2024-11-04 14:10:00.312] [jointLog] [info] wrote 20 bootstraps
[2024-11-04 14:10:02.644] [jointLog] [info] wrote 21 bootstraps
[2024-11-04 14:10:16.903] [jointLog] [info] wrote 22 bootstraps
[2024-11-04 14:10:17.436] [jointLog] [info] wrote 23 bootstraps
[2024-11-04 14:10:17.670] [jointLog] [info] wrote 24 bootstraps
[2024-11-04 14:10:20.631] [jointLog] [info] wrote 25 bootstraps
[2024-11-04 14:10:21.796] [jointLog] [info] wrote 26 bootstraps
[2024-11-04 14:10:22.276] [jointLog] [info] wrote 27 bootstraps
[2024-11-04 14:10:23.410] [jointLog] [info] wrote 28 bootstraps
[2024-11-04 14:10:35.045] [jointLog] [info] wrote 29 bootstraps
[2024-11-04 14:10:37.622] [jointLog] [info] wrote 30 bootstraps
[2024-11-04 14:10:38.213] [jointLog] [info] wrote 31 bootstraps
[2024-11-04 14:10:39.796] [jointLog] [info] wrote 32 bootstraps
[2024-11-04 14:10:41.775] [jointLog] [info] wrote 33 bootstraps
[2024-11-04 14:10:42.623] [jointLog] [info] wrote 34 bootstraps
[2024-11-04 14:10:47.433] [jointLog] [info] wrote 35 bootstraps
[2024-11-04 14:10:58.780] [jointLog] [info] wrote 36 bootstraps
[2024-11-04 14:10:58.871] [jointLog] [info] wrote 37 bootstraps
[2024-11-04 14:10:59.113] [jointLog] [info] wrote 38 bootstraps
[2024-11-04 14:11:00.398] [jointLog] [info] wrote 39 bootstraps
[2024-11-04 14:11:03.843] [jointLog] [info] wrote 40 bootstraps
[2024-11-04 14:11:03.899] [jointLog] [info] wrote 41 bootstraps
[2024-11-04 14:11:10.026] [jointLog] [info] wrote 42 bootstraps
[2024-11-04 14:11:15.212] [jointLog] [info] wrote 43 bootstraps
[2024-11-04 14:11:20.284] [jointLog] [info] wrote 44 bootstraps
[2024-11-04 14:11:21.205] [jointLog] [info] wrote 45 bootstraps
[2024-11-04 14:11:21.507] [jointLog] [info] wrote 46 bootstraps
[2024-11-04 14:11:23.510] [jointLog] [info] wrote 47 bootstraps
[2024-11-04 14:11:23.797] [jointLog] [info] wrote 48 bootstraps
[2024-11-04 14:11:30.188] [jointLog] [info] wrote 49 bootstraps
[2024-11-04 14:11:34.800] [jointLog] [info] wrote 50 bootstraps
[2024-11-04 14:11:37.682] [jointLog] [info] wrote 51 bootstraps
[2024-11-04 14:11:42.300] [jointLog] [info] wrote 52 bootstraps
[2024-11-04 14:11:42.743] [jointLog] [info] wrote 53 bootstraps
[2024-11-04 14:11:45.419] [jointLog] [info] wrote 54 bootstraps
[2024-11-04 14:11:46.079] [jointLog] [info] wrote 55 bootstraps
[2024-11-04 14:11:47.101] [jointLog] [info] wrote 56 bootstraps
[2024-11-04 14:11:57.915] [jointLog] [info] wrote 57 bootstraps
[2024-11-04 14:11:59.830] [jointLog] [info] wrote 58 bootstraps
[2024-11-04 14:12:03.093] [jointLog] [info] wrote 59 bootstraps
[2024-11-04 14:12:03.613] [jointLog] [info] wrote 60 bootstraps
[2024-11-04 14:12:08.355] [jointLog] [info] wrote 61 bootstraps
[2024-11-04 14:12:08.816] [jointLog] [info] wrote 62 bootstraps
[2024-11-04 14:12:11.299] [jointLog] [info] wrote 63 bootstraps
[2024-11-04 14:12:14.195] [jointLog] [info] wrote 64 bootstraps
[2024-11-04 14:12:20.811] [jointLog] [info] wrote 65 bootstraps
[2024-11-04 14:12:21.350] [jointLog] [info] wrote 66 bootstraps
[2024-11-04 14:12:24.314] [jointLog] [info] wrote 67 bootstraps
[2024-11-04 14:12:27.873] [jointLog] [info] wrote 68 bootstraps
[2024-11-04 14:12:28.517] [jointLog] [info] wrote 69 bootstraps
[2024-11-04 14:12:29.707] [jointLog] [info] wrote 70 bootstraps
[2024-11-04 14:12:36.106] [jointLog] [info] wrote 71 bootstraps
[2024-11-04 14:12:42.809] [jointLog] [info] wrote 72 bootstraps
[2024-11-04 14:12:43.212] [jointLog] [info] wrote 73 bootstraps
[2024-11-04 14:12:46.701] [jointLog] [info] wrote 74 bootstraps
[2024-11-04 14:12:47.431] [jointLog] [info] wrote 75 bootstraps
[2024-11-04 14:12:50.014] [jointLog] [info] wrote 76 bootstraps
[2024-11-04 14:12:50.268] [jointLog] [info] wrote 77 bootstraps
[2024-11-04 14:12:58.349] [jointLog] [info] wrote 78 bootstraps
[2024-11-04 14:13:03.252] [jointLog] [info] wrote 79 bootstraps
[2024-11-04 14:13:03.962] [jointLog] [info] wrote 80 bootstraps
[2024-11-04 14:13:07.084] [jointLog] [info] wrote 81 bootstraps
[2024-11-04 14:13:09.925] [jointLog] [info] wrote 82 bootstraps
[2024-11-04 14:13:10.316] [jointLog] [info] wrote 83 bootstraps
[2024-11-04 14:13:12.644] [jointLog] [info] wrote 84 bootstraps
[2024-11-04 14:13:20.543] [jointLog] [info] wrote 85 bootstraps
[2024-11-04 14:13:23.121] [jointLog] [info] wrote 86 bootstraps
[2024-11-04 14:13:24.152] [jointLog] [info] wrote 87 bootstraps
[2024-11-04 14:13:29.028] [jointLog] [info] wrote 88 bootstraps
[2024-11-04 14:13:29.530] [jointLog] [info] wrote 89 bootstraps
[2024-11-04 14:13:30.134] [jointLog] [info] wrote 90 bootstraps
[2024-11-04 14:13:31.356] [jointLog] [info] wrote 91 bootstraps
[2024-11-04 14:13:39.208] [jointLog] [info] wrote 92 bootstraps
[2024-11-04 14:13:42.957] [jointLog] [info] wrote 93 bootstraps
[2024-11-04 14:13:46.254] [jointLog] [info] wrote 94 bootstraps
[2024-11-04 14:13:46.358] [jointLog] [info] wrote 95 bootstraps
[2024-11-04 14:13:46.983] [jointLog] [info] wrote 96 bootstraps
[2024-11-04 14:13:51.536] [jointLog] [info] wrote 97 bootstraps
[2024-11-04 14:13:53.024] [jointLog] [info] wrote 98 bootstraps
[2024-11-04 14:13:56.675] [jointLog] [info] wrote 99 bootstraps
[2024-11-04 14:14:06.313] [jointLog] [info] wrote 100 bootstraps
[2024-11-04 14:14:06.319] [jointLog] [info] Finished Bootstrapping
