[2024-11-04 13:55:48.103] [jointLog] [info] setting maxHashResizeThreads to 8
[2024-11-04 13:55:48.103] [jointLog] [info] Fragment incompatibility prior below threshold.  Incompatible fragments will be ignored.
[2024-11-04 13:55:48.103] [jointLog] [info] Usage of --validateMappings implies use of minScoreFraction. Since not explicitly specified, it is being set to 0.65
[2024-11-04 13:55:48.103] [jointLog] [info] Setting consensusSlack to selective-alignment default of 0.35.
[2024-11-04 13:55:48.103] [jointLog] [info] parsing read library format
[2024-11-04 13:55:48.103] [jointLog] [info] There is 1 library.
[2024-11-04 13:55:48.104] [jointLog] [info] Loading pufferfish index
[2024-11-04 13:55:48.104] [jointLog] [info] Loading dense pufferfish index.
[2024-11-04 13:56:00.813] [jointLog] [info] done
[2024-11-04 13:56:00.840] [jointLog] [info] Index contained 58,185 targets
[2024-11-04 13:56:00.849] [jointLog] [info] Number of decoys : 993
[2024-11-04 13:56:00.849] [jointLog] [info] First decoy index : 57,178 
[2024-11-04 13:56:01.472] [jointLog] [info] Automatically detected most likely library type as ISF

[2024-11-04 14:02:39.595] [jointLog] [info] Thread saw mini-batch with a maximum of 1.92% zero probability fragments
[2024-11-04 14:02:39.598] [jointLog] [info] Thread saw mini-batch with a maximum of 1.84% zero probability fragments
[2024-11-04 14:02:39.605] [jointLog] [info] Thread saw mini-batch with a maximum of 1.94% zero probability fragments
[2024-11-04 14:02:39.627] [jointLog] [info] Thread saw mini-batch with a maximum of 2.02% zero probability fragments
[2024-11-04 14:02:39.641] [jointLog] [info] Thread saw mini-batch with a maximum of 1.88% zero probability fragments
[2024-11-04 14:02:39.684] [jointLog] [info] Thread saw mini-batch with a maximum of 2.10% zero probability fragments
[2024-11-04 14:02:39.703] [jointLog] [info] Thread saw mini-batch with a maximum of 1.90% zero probability fragments
[2024-11-04 14:02:39.738] [jointLog] [info] Thread saw mini-batch with a maximum of 1.84% zero probability fragments
[2024-11-04 14:02:39.807] [jointLog] [info] Computed 124,023 rich equivalence classes for further processing
[2024-11-04 14:02:39.807] [jointLog] [info] Counted 47,063,248 total reads in the equivalence classes 
[2024-11-04 14:02:39.811] [jointLog] [info] Number of mappings discarded because of alignment score : 30,456,378
[2024-11-04 14:02:39.811] [jointLog] [info] Number of fragments entirely discarded because of alignment score : 4,913,247
[2024-11-04 14:02:39.811] [jointLog] [info] Number of fragments discarded because they are best-mapped to decoys : 3,797,914
[2024-11-04 14:02:39.811] [jointLog] [info] Number of fragments discarded because they have only dovetail (discordant) mappings to valid targets : 132,978
[2024-11-04 14:02:39.811] [jointLog] [info] Mapping rate = 73.9666%

[2024-11-04 14:02:39.811] [jointLog] [info] finished quantifyLibrary()
[2024-11-04 14:02:39.812] [jointLog] [info] Starting optimizer
[2024-11-04 14:02:39.841] [jointLog] [info] Marked 0 weighted equivalence classes as degenerate
[2024-11-04 14:02:39.844] [jointLog] [info] iteration = 0 | max rel diff. = 4794.16
[2024-11-04 14:02:39.807] [fileLog] [info] 
At end of round 0
==================
Observed 63627734 total fragments (63627734 in most recent round)

[2024-11-04 14:02:40.097] [jointLog] [info] iteration = 100 | max rel diff. = 9.68378
[2024-11-04 14:02:40.349] [jointLog] [info] iteration = 200 | max rel diff. = 5.569
[2024-11-04 14:02:40.600] [jointLog] [info] iteration = 300 | max rel diff. = 1.58428
[2024-11-04 14:02:40.852] [jointLog] [info] iteration = 400 | max rel diff. = 0.246489
[2024-11-04 14:02:41.104] [jointLog] [info] iteration = 500 | max rel diff. = 0.150034
[2024-11-04 14:02:41.355] [jointLog] [info] iteration = 600 | max rel diff. = 0.104999
[2024-11-04 14:02:41.607] [jointLog] [info] iteration = 700 | max rel diff. = 0.0279974
[2024-11-04 14:02:41.858] [jointLog] [info] iteration = 800 | max rel diff. = 0.187142
[2024-11-04 14:02:42.110] [jointLog] [info] iteration = 900 | max rel diff. = 0.0969244
[2024-11-04 14:02:42.362] [jointLog] [info] iteration = 1,000 | max rel diff. = 0.0575037
[2024-11-04 14:02:42.613] [jointLog] [info] iteration = 1,100 | max rel diff. = 11.218
[2024-11-04 14:02:42.865] [jointLog] [info] iteration = 1,200 | max rel diff. = 0.0149656
[2024-11-04 14:02:43.116] [jointLog] [info] iteration = 1,300 | max rel diff. = 0.0446063
[2024-11-04 14:02:43.367] [jointLog] [info] iteration = 1,400 | max rel diff. = 0.0176796
[2024-11-04 14:02:43.508] [jointLog] [info] iteration = 1,457 | max rel diff. = 0.00621893
[2024-11-04 14:02:43.510] [jointLog] [info] Finished optimizer
[2024-11-04 14:02:43.510] [jointLog] [info] writing output 

[2024-11-04 14:02:43.570] [jointLog] [info] Starting Bootstrapping
[2024-11-04 14:02:43.581] [jointLog] [info] Will draw 100 bootstrap samples
[2024-11-04 14:02:43.581] [jointLog] [info] Optimizing over 124,023 equivalence classes
[2024-11-04 14:02:43.586] [jointLog] [info] Marked 0 weighted equivalence classes as degenerate
[2024-11-04 14:02:55.601] [jointLog] [info] wrote 1 bootstraps
[2024-11-04 14:02:56.503] [jointLog] [info] wrote 2 bootstraps
[2024-11-04 14:02:56.575] [jointLog] [info] wrote 3 bootstraps
[2024-11-04 14:02:57.833] [jointLog] [info] wrote 4 bootstraps
[2024-11-04 14:02:58.377] [jointLog] [info] wrote 5 bootstraps
[2024-11-04 14:02:58.410] [jointLog] [info] wrote 6 bootstraps
[2024-11-04 14:02:59.714] [jointLog] [info] wrote 7 bootstraps
[2024-11-04 14:03:08.126] [jointLog] [info] wrote 8 bootstraps
[2024-11-04 14:03:09.771] [jointLog] [info] wrote 9 bootstraps
[2024-11-04 14:03:10.987] [jointLog] [info] wrote 10 bootstraps
[2024-11-04 14:03:11.076] [jointLog] [info] wrote 11 bootstraps
[2024-11-04 14:03:11.140] [jointLog] [info] wrote 12 bootstraps
[2024-11-04 14:03:11.532] [jointLog] [info] wrote 13 bootstraps
[2024-11-04 14:03:12.467] [jointLog] [info] wrote 14 bootstraps
[2024-11-04 14:03:21.889] [jointLog] [info] wrote 15 bootstraps
[2024-11-04 14:03:23.436] [jointLog] [info] wrote 16 bootstraps
[2024-11-04 14:03:23.474] [jointLog] [info] wrote 17 bootstraps
[2024-11-04 14:03:23.493] [jointLog] [info] wrote 18 bootstraps
[2024-11-04 14:03:26.691] [jointLog] [info] wrote 19 bootstraps
[2024-11-04 14:03:27.181] [jointLog] [info] wrote 20 bootstraps
[2024-11-04 14:03:28.353] [jointLog] [info] wrote 21 bootstraps
[2024-11-04 14:03:33.989] [jointLog] [info] wrote 22 bootstraps
[2024-11-04 14:03:35.716] [jointLog] [info] wrote 23 bootstraps
[2024-11-04 14:03:37.589] [jointLog] [info] wrote 24 bootstraps
[2024-11-04 14:03:38.411] [jointLog] [info] wrote 25 bootstraps
[2024-11-04 14:03:38.954] [jointLog] [info] wrote 26 bootstraps
[2024-11-04 14:03:39.889] [jointLog] [info] wrote 27 bootstraps
[2024-11-04 14:03:44.159] [jointLog] [info] wrote 28 bootstraps
[2024-11-04 14:03:46.050] [jointLog] [info] wrote 29 bootstraps
[2024-11-04 14:03:51.245] [jointLog] [info] wrote 30 bootstraps
[2024-11-04 14:03:52.844] [jointLog] [info] wrote 31 bootstraps
[2024-11-04 14:03:53.686] [jointLog] [info] wrote 32 bootstraps
[2024-11-04 14:03:54.110] [jointLog] [info] wrote 33 bootstraps
[2024-11-04 14:03:55.031] [jointLog] [info] wrote 34 bootstraps
[2024-11-04 14:03:59.253] [jointLog] [info] wrote 35 bootstraps
[2024-11-04 14:04:01.295] [jointLog] [info] wrote 36 bootstraps
[2024-11-04 14:04:05.667] [jointLog] [info] wrote 37 bootstraps
[2024-11-04 14:04:08.462] [jointLog] [info] wrote 38 bootstraps
[2024-11-04 14:04:08.576] [jointLog] [info] wrote 39 bootstraps
[2024-11-04 14:04:09.835] [jointLog] [info] wrote 40 bootstraps
[2024-11-04 14:04:10.096] [jointLog] [info] wrote 41 bootstraps
[2024-11-04 14:04:13.620] [jointLog] [info] wrote 42 bootstraps
[2024-11-04 14:04:17.177] [jointLog] [info] wrote 43 bootstraps
[2024-11-04 14:04:21.085] [jointLog] [info] wrote 44 bootstraps
[2024-11-04 14:04:21.137] [jointLog] [info] wrote 45 bootstraps
[2024-11-04 14:04:21.255] [jointLog] [info] wrote 46 bootstraps
[2024-11-04 14:04:23.156] [jointLog] [info] wrote 47 bootstraps
[2024-11-04 14:04:27.195] [jointLog] [info] wrote 48 bootstraps
[2024-11-04 14:04:27.273] [jointLog] [info] wrote 49 bootstraps
[2024-11-04 14:04:33.756] [jointLog] [info] wrote 50 bootstraps
[2024-11-04 14:04:33.938] [jointLog] [info] wrote 51 bootstraps
[2024-11-04 14:04:34.598] [jointLog] [info] wrote 52 bootstraps
[2024-11-04 14:04:35.651] [jointLog] [info] wrote 53 bootstraps
[2024-11-04 14:04:39.288] [jointLog] [info] wrote 54 bootstraps
[2024-11-04 14:04:39.800] [jointLog] [info] wrote 55 bootstraps
[2024-11-04 14:04:40.651] [jointLog] [info] wrote 56 bootstraps
[2024-11-04 14:04:46.997] [jointLog] [info] wrote 57 bootstraps
[2024-11-04 14:04:48.256] [jointLog] [info] wrote 58 bootstraps
[2024-11-04 14:04:49.834] [jointLog] [info] wrote 59 bootstraps
[2024-11-04 14:04:50.875] [jointLog] [info] wrote 60 bootstraps
[2024-11-04 14:04:52.046] [jointLog] [info] wrote 61 bootstraps
[2024-11-04 14:04:53.686] [jointLog] [info] wrote 62 bootstraps
[2024-11-04 14:04:53.891] [jointLog] [info] wrote 63 bootstraps
[2024-11-04 14:04:58.930] [jointLog] [info] wrote 64 bootstraps
[2024-11-04 14:04:59.370] [jointLog] [info] wrote 65 bootstraps
[2024-11-04 14:05:03.071] [jointLog] [info] wrote 66 bootstraps
[2024-11-04 14:05:07.010] [jointLog] [info] wrote 67 bootstraps
[2024-11-04 14:05:08.367] [jointLog] [info] wrote 68 bootstraps
[2024-11-04 14:05:08.482] [jointLog] [info] wrote 69 bootstraps
[2024-11-04 14:05:09.485] [jointLog] [info] wrote 70 bootstraps
[2024-11-04 14:05:13.166] [jointLog] [info] wrote 71 bootstraps
[2024-11-04 14:05:16.189] [jointLog] [info] wrote 72 bootstraps
[2024-11-04 14:05:18.121] [jointLog] [info] wrote 73 bootstraps
[2024-11-04 14:05:20.803] [jointLog] [info] wrote 74 bootstraps
[2024-11-04 14:05:21.505] [jointLog] [info] wrote 75 bootstraps
[2024-11-04 14:05:21.870] [jointLog] [info] wrote 76 bootstraps
[2024-11-04 14:05:22.048] [jointLog] [info] wrote 77 bootstraps
[2024-11-04 14:05:28.628] [jointLog] [info] wrote 78 bootstraps
[2024-11-04 14:05:30.458] [jointLog] [info] wrote 79 bootstraps
[2024-11-04 14:05:31.786] [jointLog] [info] wrote 80 bootstraps
[2024-11-04 14:05:35.588] [jointLog] [info] wrote 81 bootstraps
[2024-11-04 14:05:36.421] [jointLog] [info] wrote 82 bootstraps
[2024-11-04 14:05:36.647] [jointLog] [info] wrote 83 bootstraps
[2024-11-04 14:05:37.341] [jointLog] [info] wrote 84 bootstraps
[2024-11-04 14:05:41.402] [jointLog] [info] wrote 85 bootstraps
[2024-11-04 14:05:45.382] [jointLog] [info] wrote 86 bootstraps
[2024-11-04 14:05:46.201] [jointLog] [info] wrote 87 bootstraps
[2024-11-04 14:05:49.953] [jointLog] [info] wrote 88 bootstraps
[2024-11-04 14:05:51.753] [jointLog] [info] wrote 89 bootstraps
[2024-11-04 14:05:51.774] [jointLog] [info] wrote 90 bootstraps
[2024-11-04 14:05:52.734] [jointLog] [info] wrote 91 bootstraps
[2024-11-04 14:05:54.818] [jointLog] [info] wrote 92 bootstraps
[2024-11-04 14:05:59.063] [jointLog] [info] wrote 93 bootstraps
[2024-11-04 14:06:01.095] [jointLog] [info] wrote 94 bootstraps
[2024-11-04 14:06:03.909] [jointLog] [info] wrote 95 bootstraps
[2024-11-04 14:06:05.322] [jointLog] [info] wrote 96 bootstraps
[2024-11-04 14:06:07.036] [jointLog] [info] wrote 97 bootstraps
[2024-11-04 14:06:07.202] [jointLog] [info] wrote 98 bootstraps
[2024-11-04 14:06:09.625] [jointLog] [info] wrote 99 bootstraps
[2024-11-04 14:06:11.895] [jointLog] [info] wrote 100 bootstraps
[2024-11-04 14:06:11.899] [jointLog] [info] Finished Bootstrapping
