[2024-11-04 13:57:13.520] [jointLog] [info] setting maxHashResizeThreads to 8
[2024-11-04 13:57:13.520] [jointLog] [info] Fragment incompatibility prior below threshold.  Incompatible fragments will be ignored.
[2024-11-04 13:57:13.520] [jointLog] [info] Usage of --validateMappings implies use of minScoreFraction. Since not explicitly specified, it is being set to 0.65
[2024-11-04 13:57:13.520] [jointLog] [info] Setting consensusSlack to selective-alignment default of 0.35.
[2024-11-04 13:57:13.520] [jointLog] [info] parsing read library format
[2024-11-04 13:57:13.520] [jointLog] [info] There is 1 library.
[2024-11-04 13:57:13.520] [jointLog] [info] Loading pufferfish index
[2024-11-04 13:57:13.521] [jointLog] [info] Loading dense pufferfish index.
[2024-11-04 13:57:26.780] [jointLog] [info] done
[2024-11-04 13:57:26.807] [jointLog] [info] Index contained 58,185 targets
[2024-11-04 13:57:26.816] [jointLog] [info] Number of decoys : 993
[2024-11-04 13:57:26.816] [jointLog] [info] First decoy index : 57,178 
[2024-11-04 13:57:27.402] [jointLog] [info] Automatically detected most likely library type as ISF

[2024-11-04 14:04:11.671] [jointLog] [info] Thread saw mini-batch with a maximum of 2.00% zero probability fragments
[2024-11-04 14:04:11.734] [jointLog] [info] Thread saw mini-batch with a maximum of 1.98% zero probability fragments
[2024-11-04 14:04:11.751] [jointLog] [info] Thread saw mini-batch with a maximum of 1.94% zero probability fragments
[2024-11-04 14:04:11.790] [jointLog] [info] Thread saw mini-batch with a maximum of 1.94% zero probability fragments
[2024-11-04 14:04:11.814] [jointLog] [info] Thread saw mini-batch with a maximum of 2.04% zero probability fragments
[2024-11-04 14:04:11.831] [jointLog] [info] Thread saw mini-batch with a maximum of 1.86% zero probability fragments
[2024-11-04 14:04:11.861] [jointLog] [info] Thread saw mini-batch with a maximum of 1.88% zero probability fragments
[2024-11-04 14:04:11.922] [jointLog] [info] Thread saw mini-batch with a maximum of 1.94% zero probability fragments
[2024-11-04 14:04:11.989] [jointLog] [info] Computed 119,791 rich equivalence classes for further processing
[2024-11-04 14:04:11.989] [jointLog] [info] Counted 47,171,402 total reads in the equivalence classes 
[2024-11-04 14:04:11.994] [jointLog] [info] Number of mappings discarded because of alignment score : 30,880,520
[2024-11-04 14:04:11.994] [jointLog] [info] Number of fragments entirely discarded because of alignment score : 5,013,475
[2024-11-04 14:04:11.994] [jointLog] [info] Number of fragments discarded because they are best-mapped to decoys : 3,903,296
[2024-11-04 14:04:11.994] [jointLog] [info] Number of fragments discarded because they have only dovetail (discordant) mappings to valid targets : 127,286
[2024-11-04 14:04:11.994] [jointLog] [info] Mapping rate = 73.6096%

[2024-11-04 14:04:11.994] [jointLog] [info] finished quantifyLibrary()
[2024-11-04 14:04:11.995] [jointLog] [info] Starting optimizer
[2024-11-04 14:04:12.021] [jointLog] [info] Marked 0 weighted equivalence classes as degenerate
[2024-11-04 14:04:12.024] [jointLog] [info] iteration = 0 | max rel diff. = 4554.97
[2024-11-04 14:04:12.277] [jointLog] [info] iteration = 100 | max rel diff. = 17.8399
[2024-11-04 14:04:11.990] [fileLog] [info] 
At end of round 0
==================
Observed 64083260 total fragments (64083260 in most recent round)

[2024-11-04 14:04:12.529] [jointLog] [info] iteration = 200 | max rel diff. = 11.1687
[2024-11-04 14:04:12.781] [jointLog] [info] iteration = 300 | max rel diff. = 0.690634
[2024-11-04 14:04:13.033] [jointLog] [info] iteration = 400 | max rel diff. = 0.201269
[2024-11-04 14:04:13.285] [jointLog] [info] iteration = 500 | max rel diff. = 2.67334
[2024-11-04 14:04:13.537] [jointLog] [info] iteration = 600 | max rel diff. = 0.389184
[2024-11-04 14:04:13.788] [jointLog] [info] iteration = 700 | max rel diff. = 0.0140596
[2024-11-04 14:04:14.040] [jointLog] [info] iteration = 800 | max rel diff. = 0.368695
[2024-11-04 14:04:14.292] [jointLog] [info] iteration = 900 | max rel diff. = 0.0107121
[2024-11-04 14:04:14.543] [jointLog] [info] iteration = 1,000 | max rel diff. = 0.151624
[2024-11-04 14:04:14.637] [jointLog] [info] iteration = 1,038 | max rel diff. = 0.00787184
[2024-11-04 14:04:14.638] [jointLog] [info] Finished optimizer
[2024-11-04 14:04:14.638] [jointLog] [info] writing output 

[2024-11-04 14:04:14.698] [jointLog] [info] Starting Bootstrapping
[2024-11-04 14:04:14.708] [jointLog] [info] Will draw 100 bootstrap samples
[2024-11-04 14:04:14.708] [jointLog] [info] Optimizing over 119,791 equivalence classes
[2024-11-04 14:04:14.712] [jointLog] [info] Marked 0 weighted equivalence classes as degenerate
[2024-11-04 14:04:27.297] [jointLog] [info] wrote 1 bootstraps
[2024-11-04 14:04:27.635] [jointLog] [info] wrote 2 bootstraps
[2024-11-04 14:04:27.785] [jointLog] [info] wrote 3 bootstraps
[2024-11-04 14:04:27.934] [jointLog] [info] wrote 4 bootstraps
[2024-11-04 14:04:28.035] [jointLog] [info] wrote 5 bootstraps
[2024-11-04 14:04:28.086] [jointLog] [info] wrote 6 bootstraps
[2024-11-04 14:04:29.637] [jointLog] [info] wrote 7 bootstraps
[2024-11-04 14:04:38.650] [jointLog] [info] wrote 8 bootstraps
[2024-11-04 14:04:40.413] [jointLog] [info] wrote 9 bootstraps
[2024-11-04 14:04:40.763] [jointLog] [info] wrote 10 bootstraps
[2024-11-04 14:04:41.198] [jointLog] [info] wrote 11 bootstraps
[2024-11-04 14:04:42.358] [jointLog] [info] wrote 12 bootstraps
[2024-11-04 14:04:42.967] [jointLog] [info] wrote 13 bootstraps
[2024-11-04 14:04:43.951] [jointLog] [info] wrote 14 bootstraps
[2024-11-04 14:04:51.751] [jointLog] [info] wrote 15 bootstraps
[2024-11-04 14:04:52.697] [jointLog] [info] wrote 16 bootstraps
[2024-11-04 14:04:56.461] [jointLog] [info] wrote 17 bootstraps
[2024-11-04 14:04:56.844] [jointLog] [info] wrote 18 bootstraps
[2024-11-04 14:04:56.862] [jointLog] [info] wrote 19 bootstraps
[2024-11-04 14:04:57.491] [jointLog] [info] wrote 20 bootstraps
[2024-11-04 14:04:58.631] [jointLog] [info] wrote 21 bootstraps
[2024-11-04 14:05:05.932] [jointLog] [info] wrote 22 bootstraps
[2024-11-04 14:05:06.553] [jointLog] [info] wrote 23 bootstraps
[2024-11-04 14:05:09.429] [jointLog] [info] wrote 24 bootstraps
[2024-11-04 14:05:10.903] [jointLog] [info] wrote 25 bootstraps
[2024-11-04 14:05:11.144] [jointLog] [info] wrote 26 bootstraps
[2024-11-04 14:05:11.188] [jointLog] [info] wrote 27 bootstraps
[2024-11-04 14:05:11.785] [jointLog] [info] wrote 28 bootstraps
[2024-11-04 14:05:18.560] [jointLog] [info] wrote 29 bootstraps
[2024-11-04 14:05:20.040] [jointLog] [info] wrote 30 bootstraps
[2024-11-04 14:05:21.214] [jointLog] [info] wrote 31 bootstraps
[2024-11-04 14:05:23.746] [jointLog] [info] wrote 32 bootstraps
[2024-11-04 14:05:24.953] [jointLog] [info] wrote 33 bootstraps
[2024-11-04 14:05:25.393] [jointLog] [info] wrote 34 bootstraps
[2024-11-04 14:05:27.428] [jointLog] [info] wrote 35 bootstraps
[2024-11-04 14:05:30.710] [jointLog] [info] wrote 36 bootstraps
[2024-11-04 14:05:32.724] [jointLog] [info] wrote 37 bootstraps
[2024-11-04 14:05:33.721] [jointLog] [info] wrote 38 bootstraps
[2024-11-04 14:05:38.209] [jointLog] [info] wrote 39 bootstraps
[2024-11-04 14:05:39.366] [jointLog] [info] wrote 40 bootstraps
[2024-11-04 14:05:39.646] [jointLog] [info] wrote 41 bootstraps
[2024-11-04 14:05:40.748] [jointLog] [info] wrote 42 bootstraps
[2024-11-04 14:05:44.818] [jointLog] [info] wrote 43 bootstraps
[2024-11-04 14:05:45.350] [jointLog] [info] wrote 44 bootstraps
[2024-11-04 14:05:46.210] [jointLog] [info] wrote 45 bootstraps
[2024-11-04 14:05:53.208] [jointLog] [info] wrote 46 bootstraps
[2024-11-04 14:05:53.692] [jointLog] [info] wrote 47 bootstraps
[2024-11-04 14:05:56.074] [jointLog] [info] wrote 48 bootstraps
[2024-11-04 14:05:56.209] [jointLog] [info] wrote 49 bootstraps
[2024-11-04 14:05:58.609] [jointLog] [info] wrote 50 bootstraps
[2024-11-04 14:05:59.662] [jointLog] [info] wrote 51 bootstraps
[2024-11-04 14:06:00.451] [jointLog] [info] wrote 52 bootstraps
[2024-11-04 14:06:06.538] [jointLog] [info] wrote 53 bootstraps
[2024-11-04 14:06:08.284] [jointLog] [info] wrote 54 bootstraps
[2024-11-04 14:06:09.720] [jointLog] [info] wrote 55 bootstraps
[2024-11-04 14:06:10.637] [jointLog] [info] wrote 56 bootstraps
[2024-11-04 14:06:11.964] [jointLog] [info] wrote 57 bootstraps
[2024-11-04 14:06:14.749] [jointLog] [info] wrote 58 bootstraps
[2024-11-04 14:06:15.050] [jointLog] [info] wrote 59 bootstraps
[2024-11-04 14:06:19.287] [jointLog] [info] wrote 60 bootstraps
[2024-11-04 14:06:22.276] [jointLog] [info] wrote 61 bootstraps
[2024-11-04 14:06:23.756] [jointLog] [info] wrote 62 bootstraps
[2024-11-04 14:06:25.249] [jointLog] [info] wrote 63 bootstraps
[2024-11-04 14:06:28.305] [jointLog] [info] wrote 64 bootstraps
[2024-11-04 14:06:29.343] [jointLog] [info] wrote 65 bootstraps
[2024-11-04 14:06:29.369] [jointLog] [info] wrote 66 bootstraps
[2024-11-04 14:06:32.740] [jointLog] [info] wrote 67 bootstraps
[2024-11-04 14:06:36.505] [jointLog] [info] wrote 68 bootstraps
[2024-11-04 14:06:38.465] [jointLog] [info] wrote 69 bootstraps
[2024-11-04 14:06:39.004] [jointLog] [info] wrote 70 bootstraps
[2024-11-04 14:06:41.528] [jointLog] [info] wrote 71 bootstraps
[2024-11-04 14:06:41.698] [jointLog] [info] wrote 72 bootstraps
[2024-11-04 14:06:41.936] [jointLog] [info] wrote 73 bootstraps
[2024-11-04 14:06:44.780] [jointLog] [info] wrote 74 bootstraps
[2024-11-04 14:06:51.676] [jointLog] [info] wrote 75 bootstraps
[2024-11-04 14:06:52.771] [jointLog] [info] wrote 76 bootstraps
[2024-11-04 14:06:54.267] [jointLog] [info] wrote 77 bootstraps
[2024-11-04 14:06:54.888] [jointLog] [info] wrote 78 bootstraps
[2024-11-04 14:06:54.975] [jointLog] [info] wrote 79 bootstraps
[2024-11-04 14:06:56.477] [jointLog] [info] wrote 80 bootstraps
[2024-11-04 14:06:57.712] [jointLog] [info] wrote 81 bootstraps
[2024-11-04 14:07:03.765] [jointLog] [info] wrote 82 bootstraps
[2024-11-04 14:07:08.044] [jointLog] [info] wrote 83 bootstraps
[2024-11-04 14:07:08.870] [jointLog] [info] wrote 84 bootstraps
[2024-11-04 14:07:09.336] [jointLog] [info] wrote 85 bootstraps
[2024-11-04 14:07:10.387] [jointLog] [info] wrote 86 bootstraps
[2024-11-04 14:07:10.759] [jointLog] [info] wrote 87 bootstraps
[2024-11-04 14:07:11.200] [jointLog] [info] wrote 88 bootstraps
[2024-11-04 14:07:20.496] [jointLog] [info] wrote 89 bootstraps
[2024-11-04 14:07:21.147] [jointLog] [info] wrote 90 bootstraps
[2024-11-04 14:07:21.217] [jointLog] [info] wrote 91 bootstraps
[2024-11-04 14:07:22.281] [jointLog] [info] wrote 92 bootstraps
[2024-11-04 14:07:24.204] [jointLog] [info] wrote 93 bootstraps
[2024-11-04 14:07:24.494] [jointLog] [info] wrote 94 bootstraps
[2024-11-04 14:07:24.917] [jointLog] [info] wrote 95 bootstraps
[2024-11-04 14:07:34.190] [jointLog] [info] wrote 96 bootstraps
[2024-11-04 14:07:34.751] [jointLog] [info] wrote 97 bootstraps
[2024-11-04 14:07:35.448] [jointLog] [info] wrote 98 bootstraps
[2024-11-04 14:07:36.013] [jointLog] [info] wrote 99 bootstraps
[2024-11-04 14:07:37.587] [jointLog] [info] wrote 100 bootstraps
[2024-11-04 14:07:37.592] [jointLog] [info] Finished Bootstrapping
