[2024-11-04 13:55:48.109] [jointLog] [info] setting maxHashResizeThreads to 8
[2024-11-04 13:55:48.109] [jointLog] [info] Fragment incompatibility prior below threshold.  Incompatible fragments will be ignored.
[2024-11-04 13:55:48.109] [jointLog] [info] Usage of --validateMappings implies use of minScoreFraction. Since not explicitly specified, it is being set to 0.65
[2024-11-04 13:55:48.109] [jointLog] [info] Setting consensusSlack to selective-alignment default of 0.35.
[2024-11-04 13:55:48.109] [jointLog] [info] parsing read library format
[2024-11-04 13:55:48.109] [jointLog] [info] There is 1 library.
[2024-11-04 13:55:48.109] [jointLog] [info] Loading pufferfish index
[2024-11-04 13:55:48.109] [jointLog] [info] Loading dense pufferfish index.
[2024-11-04 13:56:00.858] [jointLog] [info] done
[2024-11-04 13:56:00.892] [jointLog] [info] Index contained 58,185 targets
[2024-11-04 13:56:00.901] [jointLog] [info] Number of decoys : 993
[2024-11-04 13:56:00.901] [jointLog] [info] First decoy index : 57,178 
[2024-11-04 13:56:01.540] [jointLog] [info] Automatically detected most likely library type as ISF

[2024-11-04 14:03:16.787] [jointLog] [info] Thread saw mini-batch with a maximum of 1.70% zero probability fragments
[2024-11-04 14:03:16.810] [jointLog] [info] Thread saw mini-batch with a maximum of 1.76% zero probability fragments
[2024-11-04 14:03:16.811] [jointLog] [info] Thread saw mini-batch with a maximum of 1.70% zero probability fragments
[2024-11-04 14:03:16.842] [jointLog] [info] Thread saw mini-batch with a maximum of 1.74% zero probability fragments
[2024-11-04 14:03:16.844] [jointLog] [info] Thread saw mini-batch with a maximum of 1.86% zero probability fragments
[2024-11-04 14:03:16.858] [jointLog] [info] Thread saw mini-batch with a maximum of 1.74% zero probability fragments
[2024-11-04 14:03:16.944] [jointLog] [info] Thread saw mini-batch with a maximum of 1.72% zero probability fragments
[2024-11-04 14:03:16.952] [jointLog] [info] Thread saw mini-batch with a maximum of 1.76% zero probability fragments
[2024-11-04 14:03:17.016] [jointLog] [info] Computed 101,545 rich equivalence classes for further processing
[2024-11-04 14:03:17.016] [jointLog] [info] Counted 45,426,123 total reads in the equivalence classes 
[2024-11-04 14:03:17.021] [jointLog] [info] Number of mappings discarded because of alignment score : 37,850,132
[2024-11-04 14:03:17.021] [jointLog] [info] Number of fragments entirely discarded because of alignment score : 5,282,261
[2024-11-04 14:03:17.021] [jointLog] [info] Number of fragments discarded because they are best-mapped to decoys : 4,158,233
[2024-11-04 14:03:17.021] [jointLog] [info] Number of fragments discarded because they have only dovetail (discordant) mappings to valid targets : 135,585
[2024-11-04 14:03:17.021] [jointLog] [info] Mapping rate = 71.3535%

[2024-11-04 14:03:17.021] [jointLog] [info] finished quantifyLibrary()
[2024-11-04 14:03:17.021] [jointLog] [info] Starting optimizer
[2024-11-04 14:03:17.041] [jointLog] [info] Marked 0 weighted equivalence classes as degenerate
[2024-11-04 14:03:17.044] [jointLog] [info] iteration = 0 | max rel diff. = 6830.33
[2024-11-04 14:03:17.017] [fileLog] [info] 
At end of round 0
==================
Observed 63663476 total fragments (63663476 in most recent round)

[2024-11-04 14:03:17.275] [jointLog] [info] iteration = 100 | max rel diff. = 5.34723
[2024-11-04 14:03:17.506] [jointLog] [info] iteration = 200 | max rel diff. = 5.79667
[2024-11-04 14:03:17.737] [jointLog] [info] iteration = 300 | max rel diff. = 3.05698
[2024-11-04 14:03:17.970] [jointLog] [info] iteration = 400 | max rel diff. = 17.504
[2024-11-04 14:03:18.203] [jointLog] [info] iteration = 500 | max rel diff. = 0.995686
[2024-11-04 14:03:18.436] [jointLog] [info] iteration = 600 | max rel diff. = 7.51203
[2024-11-04 14:03:18.669] [jointLog] [info] iteration = 700 | max rel diff. = 0.0456026
[2024-11-04 14:03:18.901] [jointLog] [info] iteration = 800 | max rel diff. = 0.0880504
[2024-11-04 14:03:19.134] [jointLog] [info] iteration = 900 | max rel diff. = 2.16723
[2024-11-04 14:03:19.366] [jointLog] [info] iteration = 1,000 | max rel diff. = 0.0404909
[2024-11-04 14:03:19.599] [jointLog] [info] iteration = 1,100 | max rel diff. = 0.199666
[2024-11-04 14:03:19.832] [jointLog] [info] iteration = 1,200 | max rel diff. = 0.130264
[2024-11-04 14:03:19.948] [jointLog] [info] iteration = 1,251 | max rel diff. = 0.00833962
[2024-11-04 14:03:19.949] [jointLog] [info] Finished optimizer
[2024-11-04 14:03:19.949] [jointLog] [info] writing output 

[2024-11-04 14:03:20.007] [jointLog] [info] Starting Bootstrapping
[2024-11-04 14:03:20.017] [jointLog] [info] Will draw 100 bootstrap samples
[2024-11-04 14:03:20.017] [jointLog] [info] Optimizing over 101,545 equivalence classes
[2024-11-04 14:03:20.021] [jointLog] [info] Marked 0 weighted equivalence classes as degenerate
[2024-11-04 14:03:32.347] [jointLog] [info] wrote 1 bootstraps
[2024-11-04 14:03:32.416] [jointLog] [info] wrote 2 bootstraps
[2024-11-04 14:03:32.478] [jointLog] [info] wrote 3 bootstraps
[2024-11-04 14:03:32.496] [jointLog] [info] wrote 4 bootstraps
[2024-11-04 14:03:33.115] [jointLog] [info] wrote 5 bootstraps
[2024-11-04 14:03:33.145] [jointLog] [info] wrote 6 bootstraps
[2024-11-04 14:03:33.399] [jointLog] [info] wrote 7 bootstraps
[2024-11-04 14:03:45.047] [jointLog] [info] wrote 8 bootstraps
[2024-11-04 14:03:45.093] [jointLog] [info] wrote 9 bootstraps
[2024-11-04 14:03:45.287] [jointLog] [info] wrote 10 bootstraps
[2024-11-04 14:03:45.492] [jointLog] [info] wrote 11 bootstraps
[2024-11-04 14:03:45.946] [jointLog] [info] wrote 12 bootstraps
[2024-11-04 14:03:45.964] [jointLog] [info] wrote 13 bootstraps
[2024-11-04 14:03:46.268] [jointLog] [info] wrote 14 bootstraps
[2024-11-04 14:03:57.617] [jointLog] [info] wrote 15 bootstraps
[2024-11-04 14:03:57.634] [jointLog] [info] wrote 16 bootstraps
[2024-11-04 14:03:57.970] [jointLog] [info] wrote 17 bootstraps
[2024-11-04 14:03:57.987] [jointLog] [info] wrote 18 bootstraps
[2024-11-04 14:03:59.087] [jointLog] [info] wrote 19 bootstraps
[2024-11-04 14:03:59.252] [jointLog] [info] wrote 20 bootstraps
[2024-11-04 14:04:00.322] [jointLog] [info] wrote 21 bootstraps
[2024-11-04 14:04:10.002] [jointLog] [info] wrote 22 bootstraps
[2024-11-04 14:04:11.477] [jointLog] [info] wrote 23 bootstraps
[2024-11-04 14:04:11.584] [jointLog] [info] wrote 24 bootstraps
[2024-11-04 14:04:11.683] [jointLog] [info] wrote 25 bootstraps
[2024-11-04 14:04:12.912] [jointLog] [info] wrote 26 bootstraps
[2024-11-04 14:04:13.126] [jointLog] [info] wrote 27 bootstraps
[2024-11-04 14:04:13.772] [jointLog] [info] wrote 28 bootstraps
[2024-11-04 14:04:23.379] [jointLog] [info] wrote 29 bootstraps
[2024-11-04 14:04:24.407] [jointLog] [info] wrote 30 bootstraps
[2024-11-04 14:04:24.883] [jointLog] [info] wrote 31 bootstraps
[2024-11-04 14:04:25.209] [jointLog] [info] wrote 32 bootstraps
[2024-11-04 14:04:25.496] [jointLog] [info] wrote 33 bootstraps
[2024-11-04 14:04:25.726] [jointLog] [info] wrote 34 bootstraps
[2024-11-04 14:04:27.809] [jointLog] [info] wrote 35 bootstraps
[2024-11-04 14:04:36.723] [jointLog] [info] wrote 36 bootstraps
[2024-11-04 14:04:37.150] [jointLog] [info] wrote 37 bootstraps
[2024-11-04 14:04:37.282] [jointLog] [info] wrote 38 bootstraps
[2024-11-04 14:04:38.147] [jointLog] [info] wrote 39 bootstraps
[2024-11-04 14:04:38.467] [jointLog] [info] wrote 40 bootstraps
[2024-11-04 14:04:39.359] [jointLog] [info] wrote 41 bootstraps
[2024-11-04 14:04:41.302] [jointLog] [info] wrote 42 bootstraps
[2024-11-04 14:04:49.699] [jointLog] [info] wrote 43 bootstraps
[2024-11-04 14:04:50.826] [jointLog] [info] wrote 44 bootstraps
[2024-11-04 14:04:50.856] [jointLog] [info] wrote 45 bootstraps
[2024-11-04 14:04:50.967] [jointLog] [info] wrote 46 bootstraps
[2024-11-04 14:04:51.679] [jointLog] [info] wrote 47 bootstraps
[2024-11-04 14:04:51.983] [jointLog] [info] wrote 48 bootstraps
[2024-11-04 14:04:53.736] [jointLog] [info] wrote 49 bootstraps
[2024-11-04 14:05:03.062] [jointLog] [info] wrote 50 bootstraps
[2024-11-04 14:05:03.537] [jointLog] [info] wrote 51 bootstraps
[2024-11-04 14:05:04.954] [jointLog] [info] wrote 52 bootstraps
[2024-11-04 14:05:05.285] [jointLog] [info] wrote 53 bootstraps
[2024-11-04 14:05:05.465] [jointLog] [info] wrote 54 bootstraps
[2024-11-04 14:05:05.828] [jointLog] [info] wrote 55 bootstraps
[2024-11-04 14:05:09.226] [jointLog] [info] wrote 56 bootstraps
[2024-11-04 14:05:17.280] [jointLog] [info] wrote 57 bootstraps
[2024-11-04 14:05:17.996] [jointLog] [info] wrote 58 bootstraps
[2024-11-04 14:05:18.130] [jointLog] [info] wrote 59 bootstraps
[2024-11-04 14:05:18.609] [jointLog] [info] wrote 60 bootstraps
[2024-11-04 14:05:18.694] [jointLog] [info] wrote 61 bootstraps
[2024-11-04 14:05:20.153] [jointLog] [info] wrote 62 bootstraps
[2024-11-04 14:05:23.348] [jointLog] [info] wrote 63 bootstraps
[2024-11-04 14:05:30.704] [jointLog] [info] wrote 64 bootstraps
[2024-11-04 14:05:30.832] [jointLog] [info] wrote 65 bootstraps
[2024-11-04 14:05:30.850] [jointLog] [info] wrote 66 bootstraps
[2024-11-04 14:05:31.093] [jointLog] [info] wrote 67 bootstraps
[2024-11-04 14:05:33.092] [jointLog] [info] wrote 68 bootstraps
[2024-11-04 14:05:33.484] [jointLog] [info] wrote 69 bootstraps
[2024-11-04 14:05:37.685] [jointLog] [info] wrote 70 bootstraps
[2024-11-04 14:05:43.201] [jointLog] [info] wrote 71 bootstraps
[2024-11-04 14:05:43.376] [jointLog] [info] wrote 72 bootstraps
[2024-11-04 14:05:43.712] [jointLog] [info] wrote 73 bootstraps
[2024-11-04 14:05:44.812] [jointLog] [info] wrote 74 bootstraps
[2024-11-04 14:05:47.012] [jointLog] [info] wrote 75 bootstraps
[2024-11-04 14:05:48.034] [jointLog] [info] wrote 76 bootstraps
[2024-11-04 14:05:50.610] [jointLog] [info] wrote 77 bootstraps
[2024-11-04 14:05:56.147] [jointLog] [info] wrote 78 bootstraps
[2024-11-04 14:05:56.457] [jointLog] [info] wrote 79 bootstraps
[2024-11-04 14:05:56.474] [jointLog] [info] wrote 80 bootstraps
[2024-11-04 14:05:58.057] [jointLog] [info] wrote 81 bootstraps
[2024-11-04 14:05:59.611] [jointLog] [info] wrote 82 bootstraps
[2024-11-04 14:06:01.414] [jointLog] [info] wrote 83 bootstraps
[2024-11-04 14:06:03.489] [jointLog] [info] wrote 84 bootstraps
[2024-11-04 14:06:08.598] [jointLog] [info] wrote 85 bootstraps
[2024-11-04 14:06:08.823] [jointLog] [info] wrote 86 bootstraps
[2024-11-04 14:06:10.794] [jointLog] [info] wrote 87 bootstraps
[2024-11-04 14:06:13.121] [jointLog] [info] wrote 88 bootstraps
[2024-11-04 14:06:13.151] [jointLog] [info] wrote 89 bootstraps
[2024-11-04 14:06:15.365] [jointLog] [info] wrote 90 bootstraps
[2024-11-04 14:06:18.750] [jointLog] [info] wrote 91 bootstraps
[2024-11-04 14:06:22.091] [jointLog] [info] wrote 92 bootstraps
[2024-11-04 14:06:22.478] [jointLog] [info] wrote 93 bootstraps
[2024-11-04 14:06:23.755] [jointLog] [info] wrote 94 bootstraps
[2024-11-04 14:06:25.392] [jointLog] [info] wrote 95 bootstraps
[2024-11-04 14:06:28.404] [jointLog] [info] wrote 96 bootstraps
[2024-11-04 14:06:28.464] [jointLog] [info] wrote 97 bootstraps
[2024-11-04 14:06:31.663] [jointLog] [info] wrote 98 bootstraps
[2024-11-04 14:06:35.124] [jointLog] [info] wrote 99 bootstraps
[2024-11-04 14:06:35.996] [jointLog] [info] wrote 100 bootstraps
[2024-11-04 14:06:36.000] [jointLog] [info] Finished Bootstrapping
