[2024-11-04 13:57:13.464] [jointLog] [info] setting maxHashResizeThreads to 8
[2024-11-04 13:57:13.464] [jointLog] [info] Fragment incompatibility prior below threshold.  Incompatible fragments will be ignored.
[2024-11-04 13:57:13.464] [jointLog] [info] Usage of --validateMappings implies use of minScoreFraction. Since not explicitly specified, it is being set to 0.65
[2024-11-04 13:57:13.464] [jointLog] [info] Setting consensusSlack to selective-alignment default of 0.35.
[2024-11-04 13:57:13.464] [jointLog] [info] parsing read library format
[2024-11-04 13:57:13.464] [jointLog] [info] There is 1 library.
[2024-11-04 13:57:13.464] [jointLog] [info] Loading pufferfish index
[2024-11-04 13:57:13.464] [jointLog] [info] Loading dense pufferfish index.
[2024-11-04 13:57:26.376] [jointLog] [info] done
[2024-11-04 13:57:26.403] [jointLog] [info] Index contained 58,185 targets
[2024-11-04 13:57:26.412] [jointLog] [info] Number of decoys : 993
[2024-11-04 13:57:26.412] [jointLog] [info] First decoy index : 57,178 
[2024-11-04 13:57:27.133] [jointLog] [info] Automatically detected most likely library type as ISF

[2024-11-04 14:04:48.341] [jointLog] [info] Thread saw mini-batch with a maximum of 2.54% zero probability fragments
[2024-11-04 14:04:48.463] [jointLog] [info] Thread saw mini-batch with a maximum of 1.76% zero probability fragments
[2024-11-04 14:04:48.469] [jointLog] [info] Thread saw mini-batch with a maximum of 1.80% zero probability fragments
[2024-11-04 14:04:48.495] [jointLog] [info] Thread saw mini-batch with a maximum of 1.80% zero probability fragments
[2024-11-04 14:04:48.497] [jointLog] [info] Thread saw mini-batch with a maximum of 1.82% zero probability fragments
[2024-11-04 14:04:48.497] [jointLog] [info] Thread saw mini-batch with a maximum of 1.84% zero probability fragments
[2024-11-04 14:04:48.515] [jointLog] [info] Thread saw mini-batch with a maximum of 1.80% zero probability fragments
[2024-11-04 14:04:48.581] [jointLog] [info] Thread saw mini-batch with a maximum of 1.82% zero probability fragments
[2024-11-04 14:04:48.650] [jointLog] [info] Computed 122,291 rich equivalence classes for further processing
[2024-11-04 14:04:48.650] [jointLog] [info] Counted 47,985,432 total reads in the equivalence classes 
[2024-11-04 14:04:48.654] [jointLog] [info] Number of mappings discarded because of alignment score : 35,393,981
[2024-11-04 14:04:48.654] [jointLog] [info] Number of fragments entirely discarded because of alignment score : 5,354,293
[2024-11-04 14:04:48.654] [jointLog] [info] Number of fragments discarded because they are best-mapped to decoys : 4,197,596
[2024-11-04 14:04:48.654] [jointLog] [info] Number of fragments discarded because they have only dovetail (discordant) mappings to valid targets : 140,060
[2024-11-04 14:04:48.654] [jointLog] [info] Mapping rate = 71.8019%

[2024-11-04 14:04:48.654] [jointLog] [info] finished quantifyLibrary()
[2024-11-04 14:04:48.655] [jointLog] [info] Starting optimizer
[2024-11-04 14:04:48.677] [jointLog] [info] Marked 0 weighted equivalence classes as degenerate
[2024-11-04 14:04:48.679] [jointLog] [info] iteration = 0 | max rel diff. = 3338.33
[2024-11-04 14:04:48.650] [fileLog] [info] 
At end of round 0
==================
Observed 66830276 total fragments (66830276 in most recent round)

[2024-11-04 14:04:48.935] [jointLog] [info] iteration = 100 | max rel diff. = 10.1493
[2024-11-04 14:04:49.193] [jointLog] [info] iteration = 200 | max rel diff. = 17.1802
[2024-11-04 14:04:49.452] [jointLog] [info] iteration = 300 | max rel diff. = 3.04807
[2024-11-04 14:04:49.709] [jointLog] [info] iteration = 400 | max rel diff. = 0.119077
[2024-11-04 14:04:49.965] [jointLog] [info] iteration = 500 | max rel diff. = 0.212602
[2024-11-04 14:04:50.221] [jointLog] [info] iteration = 600 | max rel diff. = 0.2758
[2024-11-04 14:04:50.477] [jointLog] [info] iteration = 700 | max rel diff. = 0.322562
[2024-11-04 14:04:50.733] [jointLog] [info] iteration = 800 | max rel diff. = 0.317746
[2024-11-04 14:04:50.987] [jointLog] [info] iteration = 900 | max rel diff. = 0.0509319
[2024-11-04 14:04:51.169] [jointLog] [info] iteration = 973 | max rel diff. = 0.0099443
[2024-11-04 14:04:51.171] [jointLog] [info] Finished optimizer
[2024-11-04 14:04:51.171] [jointLog] [info] writing output 

[2024-11-04 14:04:51.228] [jointLog] [info] Starting Bootstrapping
[2024-11-04 14:04:51.239] [jointLog] [info] Will draw 100 bootstrap samples
[2024-11-04 14:04:51.239] [jointLog] [info] Optimizing over 122,291 equivalence classes
[2024-11-04 14:04:51.244] [jointLog] [info] Marked 0 weighted equivalence classes as degenerate
[2024-11-04 14:05:04.940] [jointLog] [info] wrote 1 bootstraps
[2024-11-04 14:05:05.092] [jointLog] [info] wrote 2 bootstraps
[2024-11-04 14:05:05.170] [jointLog] [info] wrote 3 bootstraps
[2024-11-04 14:05:05.416] [jointLog] [info] wrote 4 bootstraps
[2024-11-04 14:05:05.837] [jointLog] [info] wrote 5 bootstraps
[2024-11-04 14:05:06.213] [jointLog] [info] wrote 6 bootstraps
[2024-11-04 14:05:08.052] [jointLog] [info] wrote 7 bootstraps
[2024-11-04 14:05:19.711] [jointLog] [info] wrote 8 bootstraps
[2024-11-04 14:05:19.932] [jointLog] [info] wrote 9 bootstraps
[2024-11-04 14:05:20.047] [jointLog] [info] wrote 10 bootstraps
[2024-11-04 14:05:20.234] [jointLog] [info] wrote 11 bootstraps
[2024-11-04 14:05:22.358] [jointLog] [info] wrote 12 bootstraps
[2024-11-04 14:05:22.397] [jointLog] [info] wrote 13 bootstraps
[2024-11-04 14:05:22.670] [jointLog] [info] wrote 14 bootstraps
[2024-11-04 14:05:32.300] [jointLog] [info] wrote 15 bootstraps
[2024-11-04 14:05:33.265] [jointLog] [info] wrote 16 bootstraps
[2024-11-04 14:05:33.831] [jointLog] [info] wrote 17 bootstraps
[2024-11-04 14:05:35.395] [jointLog] [info] wrote 18 bootstraps
[2024-11-04 14:05:36.560] [jointLog] [info] wrote 19 bootstraps
[2024-11-04 14:05:38.958] [jointLog] [info] wrote 20 bootstraps
[2024-11-04 14:05:39.332] [jointLog] [info] wrote 21 bootstraps
[2024-11-04 14:05:45.325] [jointLog] [info] wrote 22 bootstraps
[2024-11-04 14:05:47.149] [jointLog] [info] wrote 23 bootstraps
[2024-11-04 14:05:49.546] [jointLog] [info] wrote 24 bootstraps
[2024-11-04 14:05:49.898] [jointLog] [info] wrote 25 bootstraps
[2024-11-04 14:05:49.990] [jointLog] [info] wrote 26 bootstraps
[2024-11-04 14:05:52.742] [jointLog] [info] wrote 27 bootstraps
[2024-11-04 14:05:55.415] [jointLog] [info] wrote 28 bootstraps
[2024-11-04 14:05:59.405] [jointLog] [info] wrote 29 bootstraps
[2024-11-04 14:06:01.060] [jointLog] [info] wrote 30 bootstraps
[2024-11-04 14:06:02.928] [jointLog] [info] wrote 31 bootstraps
[2024-11-04 14:06:02.993] [jointLog] [info] wrote 32 bootstraps
[2024-11-04 14:06:03.013] [jointLog] [info] wrote 33 bootstraps
[2024-11-04 14:06:07.444] [jointLog] [info] wrote 34 bootstraps
[2024-11-04 14:06:09.198] [jointLog] [info] wrote 35 bootstraps
[2024-11-04 14:06:15.546] [jointLog] [info] wrote 36 bootstraps
[2024-11-04 14:06:16.619] [jointLog] [info] wrote 37 bootstraps
[2024-11-04 14:06:18.320] [jointLog] [info] wrote 38 bootstraps
[2024-11-04 14:06:18.422] [jointLog] [info] wrote 39 bootstraps
[2024-11-04 14:06:18.696] [jointLog] [info] wrote 40 bootstraps
[2024-11-04 14:06:24.581] [jointLog] [info] wrote 41 bootstraps
[2024-11-04 14:06:25.156] [jointLog] [info] wrote 42 bootstraps
[2024-11-04 14:06:29.639] [jointLog] [info] wrote 43 bootstraps
[2024-11-04 14:06:30.350] [jointLog] [info] wrote 44 bootstraps
[2024-11-04 14:06:31.031] [jointLog] [info] wrote 45 bootstraps
[2024-11-04 14:06:32.410] [jointLog] [info] wrote 46 bootstraps
[2024-11-04 14:06:32.675] [jointLog] [info] wrote 47 bootstraps
[2024-11-04 14:06:37.706] [jointLog] [info] wrote 48 bootstraps
[2024-11-04 14:06:38.393] [jointLog] [info] wrote 49 bootstraps
[2024-11-04 14:06:43.866] [jointLog] [info] wrote 50 bootstraps
[2024-11-04 14:06:45.066] [jointLog] [info] wrote 51 bootstraps
[2024-11-04 14:06:46.139] [jointLog] [info] wrote 52 bootstraps
[2024-11-04 14:06:47.059] [jointLog] [info] wrote 53 bootstraps
[2024-11-04 14:06:47.456] [jointLog] [info] wrote 54 bootstraps
[2024-11-04 14:06:50.711] [jointLog] [info] wrote 55 bootstraps
[2024-11-04 14:06:50.869] [jointLog] [info] wrote 56 bootstraps
[2024-11-04 14:06:57.319] [jointLog] [info] wrote 57 bootstraps
[2024-11-04 14:06:59.524] [jointLog] [info] wrote 58 bootstraps
[2024-11-04 14:07:00.321] [jointLog] [info] wrote 59 bootstraps
[2024-11-04 14:07:01.609] [jointLog] [info] wrote 60 bootstraps
[2024-11-04 14:07:03.006] [jointLog] [info] wrote 61 bootstraps
[2024-11-04 14:07:04.169] [jointLog] [info] wrote 62 bootstraps
[2024-11-04 14:07:06.239] [jointLog] [info] wrote 63 bootstraps
[2024-11-04 14:07:12.764] [jointLog] [info] wrote 64 bootstraps
[2024-11-04 14:07:13.284] [jointLog] [info] wrote 65 bootstraps
[2024-11-04 14:07:14.800] [jointLog] [info] wrote 66 bootstraps
[2024-11-04 14:07:15.222] [jointLog] [info] wrote 67 bootstraps
[2024-11-04 14:07:16.857] [jointLog] [info] wrote 68 bootstraps
[2024-11-04 14:07:17.051] [jointLog] [info] wrote 69 bootstraps
[2024-11-04 14:07:19.547] [jointLog] [info] wrote 70 bootstraps
[2024-11-04 14:07:27.212] [jointLog] [info] wrote 71 bootstraps
[2024-11-04 14:07:27.953] [jointLog] [info] wrote 72 bootstraps
[2024-11-04 14:07:28.864] [jointLog] [info] wrote 73 bootstraps
[2024-11-04 14:07:30.520] [jointLog] [info] wrote 74 bootstraps
[2024-11-04 14:07:31.310] [jointLog] [info] wrote 75 bootstraps
[2024-11-04 14:07:31.953] [jointLog] [info] wrote 76 bootstraps
[2024-11-04 14:07:36.736] [jointLog] [info] wrote 77 bootstraps
[2024-11-04 14:07:41.905] [jointLog] [info] wrote 78 bootstraps
[2024-11-04 14:07:42.192] [jointLog] [info] wrote 79 bootstraps
[2024-11-04 14:07:42.526] [jointLog] [info] wrote 80 bootstraps
[2024-11-04 14:07:44.016] [jointLog] [info] wrote 81 bootstraps
[2024-11-04 14:07:44.738] [jointLog] [info] wrote 82 bootstraps
[2024-11-04 14:07:45.356] [jointLog] [info] wrote 83 bootstraps
[2024-11-04 14:07:50.844] [jointLog] [info] wrote 84 bootstraps
[2024-11-04 14:07:55.069] [jointLog] [info] wrote 85 bootstraps
[2024-11-04 14:07:56.197] [jointLog] [info] wrote 86 bootstraps
[2024-11-04 14:07:57.745] [jointLog] [info] wrote 87 bootstraps
[2024-11-04 14:07:58.136] [jointLog] [info] wrote 88 bootstraps
[2024-11-04 14:07:58.412] [jointLog] [info] wrote 89 bootstraps
[2024-11-04 14:08:01.481] [jointLog] [info] wrote 90 bootstraps
[2024-11-04 14:08:03.766] [jointLog] [info] wrote 91 bootstraps
[2024-11-04 14:08:11.191] [jointLog] [info] wrote 92 bootstraps
[2024-11-04 14:08:11.919] [jointLog] [info] wrote 93 bootstraps
[2024-11-04 14:08:12.177] [jointLog] [info] wrote 94 bootstraps
[2024-11-04 14:08:13.366] [jointLog] [info] wrote 95 bootstraps
[2024-11-04 14:08:14.065] [jointLog] [info] wrote 96 bootstraps
[2024-11-04 14:08:16.897] [jointLog] [info] wrote 97 bootstraps
[2024-11-04 14:08:17.530] [jointLog] [info] wrote 98 bootstraps
[2024-11-04 14:08:26.614] [jointLog] [info] wrote 99 bootstraps
[2024-11-04 14:08:27.006] [jointLog] [info] wrote 100 bootstraps
[2024-11-04 14:08:27.010] [jointLog] [info] Finished Bootstrapping
