                                 Started job on |	Aug 22 12:44:28
                             Started mapping on |	Aug 22 12:51:00
                                    Finished on |	Aug 22 12:58:30
       Mapping speed, Million of reads per hour |	479.48

                          Number of input reads |	59935344
                      Average input read length |	198
                                    UNIQUE READS:
                   Uniquely mapped reads number |	56214510
                        Uniquely mapped reads % |	93.79%
                          Average mapped length |	197.01
                       Number of splices: Total |	26269100
            Number of splices: Annotated (sjdb) |	26169034
                       Number of splices: GT/AG |	25807207
                       Number of splices: GC/AG |	228908
                       Number of splices: AT/AC |	27563
               Number of splices: Non-canonical |	205422
                      Mismatch rate per base, % |	0.75%
                         Deletion rate per base |	0.06%
                        Deletion average length |	2.14
                        Insertion rate per base |	0.04%
                       Insertion average length |	2.03
                             MULTI-MAPPING READS:
        Number of reads mapped to multiple loci |	1959352
             % of reads mapped to multiple loci |	3.27%
        Number of reads mapped to too many loci |	79259
             % of reads mapped to too many loci |	0.13%
                                  UNMAPPED READS:
  Number of reads unmapped: too many mismatches |	0
       % of reads unmapped: too many mismatches |	0.00%
            Number of reads unmapped: too short |	1628216
                 % of reads unmapped: too short |	2.72%
                Number of reads unmapped: other |	54007
                     % of reads unmapped: other |	0.09%
                                  CHIMERIC READS:
                       Number of chimeric reads |	0
                            % of chimeric reads |	0.00%
