                                 Started job on |	Jul 02 22:41:43
                             Started mapping on |	Jul 02 22:50:41
                                    Finished on |	Jul 02 23:00:51
       Mapping speed, Million of reads per hour |	453.37

                          Number of input reads |	76821494
                      Average input read length |	198
                                    UNIQUE READS:
                   Uniquely mapped reads number |	72257641
                        Uniquely mapped reads % |	94.06%
                          Average mapped length |	197.02
                       Number of splices: Total |	35846400
            Number of splices: Annotated (sjdb) |	35723180
                       Number of splices: GT/AG |	35237560
                       Number of splices: GC/AG |	316750
                       Number of splices: AT/AC |	36149
               Number of splices: Non-canonical |	255941
                      Mismatch rate per base, % |	0.75%
                         Deletion rate per base |	0.06%
                        Deletion average length |	2.12
                        Insertion rate per base |	0.04%
                       Insertion average length |	2.05
                             MULTI-MAPPING READS:
        Number of reads mapped to multiple loci |	2262050
             % of reads mapped to multiple loci |	2.94%
        Number of reads mapped to too many loci |	106102
             % of reads mapped to too many loci |	0.14%
                                  UNMAPPED READS:
  Number of reads unmapped: too many mismatches |	0
       % of reads unmapped: too many mismatches |	0.00%
            Number of reads unmapped: too short |	2123255
                 % of reads unmapped: too short |	2.76%
                Number of reads unmapped: other |	72446
                     % of reads unmapped: other |	0.09%
                                  CHIMERIC READS:
                       Number of chimeric reads |	0
                            % of chimeric reads |	0.00%
