                                 Started job on |	Aug 22 12:53:50
                             Started mapping on |	Aug 22 13:01:20
                                    Finished on |	Aug 22 13:09:37
       Mapping speed, Million of reads per hour |	506.07

                          Number of input reads |	69865594
                      Average input read length |	198
                                    UNIQUE READS:
                   Uniquely mapped reads number |	65773302
                        Uniquely mapped reads % |	94.14%
                          Average mapped length |	196.77
                       Number of splices: Total |	27971888
            Number of splices: Annotated (sjdb) |	27847981
                       Number of splices: GT/AG |	27453413
                       Number of splices: GC/AG |	258947
                       Number of splices: AT/AC |	28588
               Number of splices: Non-canonical |	230940
                      Mismatch rate per base, % |	0.74%
                         Deletion rate per base |	0.06%
                        Deletion average length |	2.11
                        Insertion rate per base |	0.05%
                       Insertion average length |	2.00
                             MULTI-MAPPING READS:
        Number of reads mapped to multiple loci |	2305165
             % of reads mapped to multiple loci |	3.30%
        Number of reads mapped to too many loci |	85865
             % of reads mapped to too many loci |	0.12%
                                  UNMAPPED READS:
  Number of reads unmapped: too many mismatches |	0
       % of reads unmapped: too many mismatches |	0.00%
            Number of reads unmapped: too short |	1657794
                 % of reads unmapped: too short |	2.37%
                Number of reads unmapped: other |	43468
                     % of reads unmapped: other |	0.06%
                                  CHIMERIC READS:
                       Number of chimeric reads |	0
                            % of chimeric reads |	0.00%
