                                 Started job on |	Aug 22 13:00:37
                             Started mapping on |	Aug 22 13:10:30
                                    Finished on |	Aug 22 13:21:18
       Mapping speed, Million of reads per hour |	516.36

                          Number of input reads |	92945280
                      Average input read length |	198
                                    UNIQUE READS:
                   Uniquely mapped reads number |	87168323
                        Uniquely mapped reads % |	93.78%
                          Average mapped length |	197.08
                       Number of splices: Total |	44762327
            Number of splices: Annotated (sjdb) |	44614321
                       Number of splices: GT/AG |	44025904
                       Number of splices: GC/AG |	393748
                       Number of splices: AT/AC |	45962
               Number of splices: Non-canonical |	296713
                      Mismatch rate per base, % |	0.75%
                         Deletion rate per base |	0.06%
                        Deletion average length |	2.13
                        Insertion rate per base |	0.04%
                       Insertion average length |	2.03
                             MULTI-MAPPING READS:
        Number of reads mapped to multiple loci |	3170897
             % of reads mapped to multiple loci |	3.41%
        Number of reads mapped to too many loci |	109165
             % of reads mapped to too many loci |	0.12%
                                  UNMAPPED READS:
  Number of reads unmapped: too many mismatches |	0
       % of reads unmapped: too many mismatches |	0.00%
            Number of reads unmapped: too short |	2428433
                 % of reads unmapped: too short |	2.61%
                Number of reads unmapped: other |	68462
                     % of reads unmapped: other |	0.07%
                                  CHIMERIC READS:
                       Number of chimeric reads |	0
                            % of chimeric reads |	0.00%
