                                 Started job on |	Aug 22 12:46:14
                             Started mapping on |	Aug 22 12:52:14
                                    Finished on |	Aug 22 12:59:31
       Mapping speed, Million of reads per hour |	523.77

                          Number of input reads |	63580425
                      Average input read length |	198
                                    UNIQUE READS:
                   Uniquely mapped reads number |	59512435
                        Uniquely mapped reads % |	93.60%
                          Average mapped length |	196.73
                       Number of splices: Total |	26913342
            Number of splices: Annotated (sjdb) |	26802001
                       Number of splices: GT/AG |	26422983
                       Number of splices: GC/AG |	240402
                       Number of splices: AT/AC |	27966
               Number of splices: Non-canonical |	221991
                      Mismatch rate per base, % |	0.74%
                         Deletion rate per base |	0.06%
                        Deletion average length |	2.13
                        Insertion rate per base |	0.04%
                       Insertion average length |	2.04
                             MULTI-MAPPING READS:
        Number of reads mapped to multiple loci |	2249880
             % of reads mapped to multiple loci |	3.54%
        Number of reads mapped to too many loci |	85307
             % of reads mapped to too many loci |	0.13%
                                  UNMAPPED READS:
  Number of reads unmapped: too many mismatches |	0
       % of reads unmapped: too many mismatches |	0.00%
            Number of reads unmapped: too short |	1681069
                 % of reads unmapped: too short |	2.64%
                Number of reads unmapped: other |	51734
                     % of reads unmapped: other |	0.08%
                                  CHIMERIC READS:
                       Number of chimeric reads |	0
                            % of chimeric reads |	0.00%
