                                 Started job on |	Jul 02 22:41:43
                             Started mapping on |	Jul 02 22:54:10
                                    Finished on |	Jul 02 23:09:35
       Mapping speed, Million of reads per hour |	517.18

                          Number of input reads |	132886661
                      Average input read length |	198
                                    UNIQUE READS:
                   Uniquely mapped reads number |	124322167
                        Uniquely mapped reads % |	93.56%
                          Average mapped length |	197.01
                       Number of splices: Total |	60904363
            Number of splices: Annotated (sjdb) |	60679437
                       Number of splices: GT/AG |	59862198
                       Number of splices: GC/AG |	543649
                       Number of splices: AT/AC |	63544
               Number of splices: Non-canonical |	434972
                      Mismatch rate per base, % |	0.75%
                         Deletion rate per base |	0.06%
                        Deletion average length |	2.13
                        Insertion rate per base |	0.04%
                       Insertion average length |	2.03
                             MULTI-MAPPING READS:
        Number of reads mapped to multiple loci |	5096354
             % of reads mapped to multiple loci |	3.84%
        Number of reads mapped to too many loci |	178086
             % of reads mapped to too many loci |	0.13%
                                  UNMAPPED READS:
  Number of reads unmapped: too many mismatches |	0
       % of reads unmapped: too many mismatches |	0.00%
            Number of reads unmapped: too short |	3186957
                 % of reads unmapped: too short |	2.40%
                Number of reads unmapped: other |	103097
                     % of reads unmapped: other |	0.08%
                                  CHIMERIC READS:
                       Number of chimeric reads |	0
                            % of chimeric reads |	0.00%
