                                 Started job on |	Jul 02 22:39:33
                             Started mapping on |	Jul 02 22:46:18
                                    Finished on |	Jul 02 22:54:02
       Mapping speed, Million of reads per hour |	505.57

                          Number of input reads |	65162973
                      Average input read length |	197
                                    UNIQUE READS:
                   Uniquely mapped reads number |	59350378
                        Uniquely mapped reads % |	91.08%
                          Average mapped length |	196.37
                       Number of splices: Total |	27263414
            Number of splices: Annotated (sjdb) |	27162118
                       Number of splices: GT/AG |	26772200
                       Number of splices: GC/AG |	253410
                       Number of splices: AT/AC |	28358
               Number of splices: Non-canonical |	209446
                      Mismatch rate per base, % |	0.75%
                         Deletion rate per base |	0.06%
                        Deletion average length |	2.12
                        Insertion rate per base |	0.04%
                       Insertion average length |	2.02
                             MULTI-MAPPING READS:
        Number of reads mapped to multiple loci |	3980238
             % of reads mapped to multiple loci |	6.11%
        Number of reads mapped to too many loci |	130304
             % of reads mapped to too many loci |	0.20%
                                  UNMAPPED READS:
  Number of reads unmapped: too many mismatches |	0
       % of reads unmapped: too many mismatches |	0.00%
            Number of reads unmapped: too short |	1653123
                 % of reads unmapped: too short |	2.54%
                Number of reads unmapped: other |	48930
                     % of reads unmapped: other |	0.08%
                                  CHIMERIC READS:
                       Number of chimeric reads |	0
                            % of chimeric reads |	0.00%
