                                 Started job on |	Jul 02 22:41:43
                             Started mapping on |	Jul 02 22:49:55
                                    Finished on |	Jul 02 22:59:12
       Mapping speed, Million of reads per hour |	434.00

                          Number of input reads |	67148869
                      Average input read length |	199
                                    UNIQUE READS:
                   Uniquely mapped reads number |	63293101
                        Uniquely mapped reads % |	94.26%
                          Average mapped length |	197.78
                       Number of splices: Total |	33621605
            Number of splices: Annotated (sjdb) |	33521048
                       Number of splices: GT/AG |	33097625
                       Number of splices: GC/AG |	285704
                       Number of splices: AT/AC |	32677
               Number of splices: Non-canonical |	205599
                      Mismatch rate per base, % |	0.75%
                         Deletion rate per base |	0.06%
                        Deletion average length |	2.13
                        Insertion rate per base |	0.04%
                       Insertion average length |	2.00
                             MULTI-MAPPING READS:
        Number of reads mapped to multiple loci |	1909672
             % of reads mapped to multiple loci |	2.84%
        Number of reads mapped to too many loci |	71195
             % of reads mapped to too many loci |	0.11%
                                  UNMAPPED READS:
  Number of reads unmapped: too many mismatches |	0
       % of reads unmapped: too many mismatches |	0.00%
            Number of reads unmapped: too short |	1827213
                 % of reads unmapped: too short |	2.72%
                Number of reads unmapped: other |	47688
                     % of reads unmapped: other |	0.07%
                                  CHIMERIC READS:
                       Number of chimeric reads |	0
                            % of chimeric reads |	0.00%
