                                 Started job on |	Jul 02 22:41:43
                             Started mapping on |	Jul 02 22:48:39
                                    Finished on |	Jul 02 22:56:31
       Mapping speed, Million of reads per hour |	488.77

                          Number of input reads |	64083260
                      Average input read length |	199
                                    UNIQUE READS:
                   Uniquely mapped reads number |	60358180
                        Uniquely mapped reads % |	94.19%
                          Average mapped length |	197.81
                       Number of splices: Total |	32118488
            Number of splices: Annotated (sjdb) |	32022795
                       Number of splices: GT/AG |	31606365
                       Number of splices: GC/AG |	289231
                       Number of splices: AT/AC |	32530
               Number of splices: Non-canonical |	190362
                      Mismatch rate per base, % |	0.77%
                         Deletion rate per base |	0.06%
                        Deletion average length |	2.10
                        Insertion rate per base |	0.04%
                       Insertion average length |	2.02
                             MULTI-MAPPING READS:
        Number of reads mapped to multiple loci |	1959041
             % of reads mapped to multiple loci |	3.06%
        Number of reads mapped to too many loci |	73560
             % of reads mapped to too many loci |	0.11%
                                  UNMAPPED READS:
  Number of reads unmapped: too many mismatches |	0
       % of reads unmapped: too many mismatches |	0.00%
            Number of reads unmapped: too short |	1642651
                 % of reads unmapped: too short |	2.56%
                Number of reads unmapped: other |	49828
                     % of reads unmapped: other |	0.08%
                                  CHIMERIC READS:
                       Number of chimeric reads |	0
                            % of chimeric reads |	0.00%
