                                 Started job on |	Aug 22 12:45:56
                             Started mapping on |	Aug 22 12:52:24
                                    Finished on |	Aug 22 13:01:18
       Mapping speed, Million of reads per hour |	450.54

                          Number of input reads |	66830276
                      Average input read length |	199
                                    UNIQUE READS:
                   Uniquely mapped reads number |	63081416
                        Uniquely mapped reads % |	94.39%
                          Average mapped length |	197.57
                       Number of splices: Total |	30887172
            Number of splices: Annotated (sjdb) |	30784171
                       Number of splices: GT/AG |	30367697
                       Number of splices: GC/AG |	262988
                       Number of splices: AT/AC |	31313
               Number of splices: Non-canonical |	225174
                      Mismatch rate per base, % |	0.76%
                         Deletion rate per base |	0.06%
                        Deletion average length |	2.11
                        Insertion rate per base |	0.04%
                       Insertion average length |	2.02
                             MULTI-MAPPING READS:
        Number of reads mapped to multiple loci |	1799802
             % of reads mapped to multiple loci |	2.69%
        Number of reads mapped to too many loci |	75822
             % of reads mapped to too many loci |	0.11%
                                  UNMAPPED READS:
  Number of reads unmapped: too many mismatches |	0
       % of reads unmapped: too many mismatches |	0.00%
            Number of reads unmapped: too short |	1808062
                 % of reads unmapped: too short |	2.71%
                Number of reads unmapped: other |	65174
                     % of reads unmapped: other |	0.10%
                                  CHIMERIC READS:
                       Number of chimeric reads |	0
                            % of chimeric reads |	0.00%
