                                 Started job on |	Jul 02 22:35:53
                             Started mapping on |	Jul 02 22:44:22
                                    Finished on |	Jul 02 22:53:02
       Mapping speed, Million of reads per hour |	482.84

                          Number of input reads |	69743059
                      Average input read length |	199
                                    UNIQUE READS:
                   Uniquely mapped reads number |	65450144
                        Uniquely mapped reads % |	93.84%
                          Average mapped length |	197.68
                       Number of splices: Total |	35919670
            Number of splices: Annotated (sjdb) |	35813213
                       Number of splices: GT/AG |	35367657
                       Number of splices: GC/AG |	303971
                       Number of splices: AT/AC |	35377
               Number of splices: Non-canonical |	212665
                      Mismatch rate per base, % |	0.87%
                         Deletion rate per base |	0.06%
                        Deletion average length |	2.15
                        Insertion rate per base |	0.04%
                       Insertion average length |	2.04
                             MULTI-MAPPING READS:
        Number of reads mapped to multiple loci |	2260416
             % of reads mapped to multiple loci |	3.24%
        Number of reads mapped to too many loci |	83059
             % of reads mapped to too many loci |	0.12%
                                  UNMAPPED READS:
  Number of reads unmapped: too many mismatches |	0
       % of reads unmapped: too many mismatches |	0.00%
            Number of reads unmapped: too short |	1882451
                 % of reads unmapped: too short |	2.70%
                Number of reads unmapped: other |	66989
                     % of reads unmapped: other |	0.10%
                                  CHIMERIC READS:
                       Number of chimeric reads |	0
                            % of chimeric reads |	0.00%
