                                 Started job on |	Jul 02 22:41:43
                             Started mapping on |	Jul 02 22:54:38
                                    Finished on |	Jul 02 23:09:41
       Mapping speed, Million of reads per hour |	455.41

                          Number of input reads |	114231949
                      Average input read length |	199
                                    UNIQUE READS:
                   Uniquely mapped reads number |	107323482
                        Uniquely mapped reads % |	93.95%
                          Average mapped length |	197.48
                       Number of splices: Total |	52903287
            Number of splices: Annotated (sjdb) |	52701152
                       Number of splices: GT/AG |	51960823
                       Number of splices: GC/AG |	461402
                       Number of splices: AT/AC |	58312
               Number of splices: Non-canonical |	422750
                      Mismatch rate per base, % |	0.77%
                         Deletion rate per base |	0.06%
                        Deletion average length |	2.17
                        Insertion rate per base |	0.04%
                       Insertion average length |	2.06
                             MULTI-MAPPING READS:
        Number of reads mapped to multiple loci |	3545920
             % of reads mapped to multiple loci |	3.10%
        Number of reads mapped to too many loci |	149747
             % of reads mapped to too many loci |	0.13%
                                  UNMAPPED READS:
  Number of reads unmapped: too many mismatches |	0
       % of reads unmapped: too many mismatches |	0.00%
            Number of reads unmapped: too short |	3092411
                 % of reads unmapped: too short |	2.71%
                Number of reads unmapped: other |	120389
                     % of reads unmapped: other |	0.11%
                                  CHIMERIC READS:
                       Number of chimeric reads |	0
                            % of chimeric reads |	0.00%
