                                 Started job on |	Jul 03 11:27:47
                             Started mapping on |	Jul 03 11:34:51
                                    Finished on |	Jul 03 11:42:55
       Mapping speed, Million of reads per hour |	473.53

                          Number of input reads |	63663476
                      Average input read length |	198
                                    UNIQUE READS:
                   Uniquely mapped reads number |	59694458
                        Uniquely mapped reads % |	93.77%
                          Average mapped length |	197.38
                       Number of splices: Total |	30601176
            Number of splices: Annotated (sjdb) |	30503354
                       Number of splices: GT/AG |	30095279
                       Number of splices: GC/AG |	267770
                       Number of splices: AT/AC |	31678
               Number of splices: Non-canonical |	206449
                      Mismatch rate per base, % |	0.76%
                         Deletion rate per base |	0.06%
                        Deletion average length |	2.15
                        Insertion rate per base |	0.04%
                       Insertion average length |	2.04
                             MULTI-MAPPING READS:
        Number of reads mapped to multiple loci |	2107569
             % of reads mapped to multiple loci |	3.31%
        Number of reads mapped to too many loci |	89054
             % of reads mapped to too many loci |	0.14%
                                  UNMAPPED READS:
  Number of reads unmapped: too many mismatches |	0
       % of reads unmapped: too many mismatches |	0.00%
            Number of reads unmapped: too short |	1711784
                 % of reads unmapped: too short |	2.69%
                Number of reads unmapped: other |	60611
                     % of reads unmapped: other |	0.10%
                                  CHIMERIC READS:
                       Number of chimeric reads |	0
                            % of chimeric reads |	0.00%
